 mdraw

 Timestamp is 62f8a318 (Sun Aug 14 03:24:08 2022)

 Preferred load address is 10000000

 Start         Length     Name                   Class
 0001:00000000 0006f8c0H .text$mn                CODE
 0001:0006f8c0 0000107fH .text$x                 CODE
 0002:00000000 0000027cH .idata$5                DATA
 0002:0000027c 0000000cH .00cfg                  DATA
 0002:00000288 00000004H .CRT$XCA                DATA
 0002:0000028c 00000004H .CRT$XCZ                DATA
 0002:00000290 00000004H .CRT$XIA                DATA
 0002:00000294 00000010H .CRT$XIC                DATA
 0002:000002a4 00000004H .CRT$XIZ                DATA
 0002:000002a8 00000004H .CRT$XPA                DATA
 0002:000002ac 00000008H .CRT$XPX                DATA
 0002:000002b4 00000004H .CRT$XPXA               DATA
 0002:000002b8 00000004H .CRT$XPZ                DATA
 0002:000002bc 00000004H .CRT$XTA                DATA
 0002:000002c0 00000010H .CRT$XTZ                DATA
 0002:000002c4 00000000H .gfids$y                DATA
 0002:000002d0 0000b030H .rdata                  DATA
 0002:0000b300 00000040H .rdata$CastGuardVftablesA DATA
 0002:0000b340 00000040H .rdata$CastGuardVftablesC DATA
 0002:0000b380 000009dcH .rdata$r                DATA
 0002:0000bd5c 00000144H .rdata$sxdata           DATA
 0002:0000bea0 00000144H .rdata$voltmd           DATA
 0002:0000bfe4 00000378H .rdata$zzzdbg           DATA
 0002:0000c35c 00000004H .rtc$IAA                DATA
 0002:0000c360 00000004H .rtc$IZZ                DATA
 0002:0000c364 00000004H .rtc$TAA                DATA
 0002:0000c368 00000008H .rtc$TZZ                DATA
 0002:0000c370 00001f90H .xdata$x                DATA
 0002:0000e300 000002bcH .edata                  DATA
 0002:0000e5bc 00000064H .idata$2                DATA
 0002:0000e620 00000014H .idata$3                DATA
 0002:0000e634 0000027cH .idata$4                DATA
 0002:0000e8b0 00000b56H .idata$6                DATA
 0003:00000000 00003530H .data                   DATA
 0003:00003530 000001acH .data$r                 DATA
 0003:000036dc 0000026cH .data$rs                DATA
 0003:00003948 00001aecH .bss                    DATA
 0004:00000000 00000360H .rsrc$01                DATA
 0004:00000360 0001da08H .rsrc$02                DATA

  Address         Publics by Value              Rva+Base       Lib:Object

 0000:00000000       ___AbsoluteZero            00000000     <absolute>
 0000:00000000       ___arm64x_extra_rfe_table  00000000     <absolute>
 0000:00000000       ___arm64x_extra_rfe_table_size 00000000     <absolute>
 0000:00000000       ___arm64x_native_entrypoint 00000000     <absolute>
 0000:00000000       ___arm64x_redirection_metadata 00000000     <absolute>
 0000:00000000       ___arm64x_redirection_metadata_count 00000000     <absolute>
 0000:00000000       ___dynamic_value_reloc_table 00000000     <absolute>
 0000:00000000       ___enclave_config          00000000     <absolute>
 0000:00000000       ___guard_check_icall_a64n_fptr 00000000     <absolute>
 0000:00000000       ___guard_eh_cont_count     00000000     <absolute>
 0000:00000000       ___guard_eh_cont_table     00000000     <absolute>
 0000:00000000       ___guard_fids_count        00000000     <absolute>
 0000:00000000       ___guard_fids_table        00000000     <absolute>
 0000:00000000       ___guard_iat_count         00000000     <absolute>
 0000:00000000       ___guard_iat_table         00000000     <absolute>
 0000:00000000       ___guard_longjmp_count     00000000     <absolute>
 0000:00000000       ___guard_longjmp_table     00000000     <absolute>
 0000:00000000       ___hybrid_auxiliary_iat    00000000     <absolute>
 0000:00000000       ___hybrid_auxiliary_iat_copy 00000000     <absolute>
 0000:00000000       ___hybrid_code_map         00000000     <absolute>
 0000:00000000       ___hybrid_code_map_count   00000000     <absolute>
 0000:00000000       ___x64_code_ranges_to_entry_points 00000000     <absolute>
 0000:00000000       ___x64_code_ranges_to_entry_points_count 00000000     <absolute>
 0000:00000000       __except_list              00000000     <absolute>
 0000:00000051       ___safe_se_handler_count   00000051     <absolute>
 0000:00000100       ___guard_flags             00000100     <absolute>
 0000:00000000       ___ImageBase               10000000     <linker-defined>
 0001:00000000       ??0MappedMap@@QAE@HH@Z     10001000 f   MappedMAP.obj
 0001:00000050       ??1MappedMap@@QAE@XZ       10001050 f   MappedMAP.obj
 0001:00000090       ?NowDrawMapped@MappedMap@@QAEHPAEPAUtagPOINT@@@Z 10001090 f   MappedMAP.obj
 0001:00000530       ?PictureInfo@MappedMap@@QAEPAEPAPAEPAUtagPOINT@@@Z 10001530 f   MappedMAP.obj
 0001:00000560       ??0MegaMapControl@@QAE@PAVFullScreenMinimap@@PAUtagRECT@@11HHHHHH@Z 10001560 f   MegamapControl.obj
 0001:00000780       ??1MegaMapControl@@QAE@XZ  10001780 f   MegamapControl.obj
 0001:000007e0       ?CheckInControl@MegaMapControl@@AAEHHH@Z 100017e0 f   MegamapControl.obj
 0001:00000860       ?CheckInMap@MegaMapControl@@AAEHHH@Z 10001860 f   MegamapControl.obj
 0001:00000890       ?DoubleClick@MegaMapControl@@AAEHHH_N@Z 10001890 f   MegamapControl.obj
 0001:00000990       ?EnterMegaMap@MegaMapControl@@QAEXXZ 10001990 f   MegamapControl.obj
 0001:00000a30       ?FindMouseUnitRounte@@YGHPAUtagInlineX86StackBuffer@@@Z 10001a30 f   MegamapControl.obj
 0001:00000a70       ?GetGridPosFeatureRounte@@YGHPAUtagInlineX86StackBuffer@@@Z 10001a70 f   MegamapControl.obj
 0001:00000aa0       ?GetPosition_DwordRounte@@YGHPAUtagInlineX86StackBuffer@@@Z 10001aa0 f   MegamapControl.obj
 0001:00000ad0       ?Init@MegaMapControl@@QAEXPAVFullScreenMinimap@@PAUtagRECT@@11HHHHHH@Z 10001ad0 f   MegamapControl.obj
 0001:00000bf0       ?IsBliting@MegaMapControl@@QAEHXZ 10001bf0 f   MegamapControl.obj
 0001:00000c00       ?IsDrawCursor@MegaMapControl@@QAEHHH@Z 10001c00 f   MegamapControl.obj
 0001:00000cc0       ?IsDrawOrder@MegaMapControl@@QAEHXZ 10001cc0 f   MegamapControl.obj
 0001:00000ce0       ?IsDrawRect@MegaMapControl@@QAEHH@Z 10001ce0 f   MegamapControl.obj
 0001:00000d70       ?IsInControl@MegaMapControl@@QAEHXZ 10001d70 f   MegamapControl.obj
 0001:00000d80       ?IsInMap@MegaMapControl@@QAEHXZ 10001d80 f   MegamapControl.obj
 0001:00000d90       ?LeftDown@MegaMapControl@@AAEHHH_N@Z 10001d90 f   MegamapControl.obj
 0001:00000da0       ?LeftUp@MegaMapControl@@AAEHHH_N@Z 10001da0 f   MegamapControl.obj
 0001:00000f50       ?MegamapMoveSceen@MegaMapControl@@AAEXHH@Z 10001f50 f   MegamapControl.obj
 0001:000010b0       ?Message@MegaMapControl@@QAE_NPAUHWND__@@IIJ@Z 100020b0 f   MegamapControl.obj
 0001:000017f0       ?MouseMove@MegaMapControl@@AAEHHH@Z 100027f0 f   MegamapControl.obj
 0001:00001a30       ?MoveScreen@MegaMapControl@@AAEXHHH@Z 10002a30 f   MegamapControl.obj
 0001:00001af0       ?QuitMegaMap@MegaMapControl@@QAEXXZ 10002af0 f   MegamapControl.obj
 0001:00001b50       ?ReadSelectRect@MegaMapControl@@QAEPAUtagRECT@@PAU2@@Z 10002b50 f   MegamapControl.obj
 0001:00001b70       ?ReadSelectState@MegaMapControl@@QAE?AW4SELECTBUTTOM@selectbuttom@@XZ 10002b70 f   MegamapControl.obj
 0001:00001b80       ?RightDown@MegaMapControl@@AAEHHH_N@Z 10002b80 f   MegamapControl.obj
 0001:00001b90       ?RightUp@MegaMapControl@@AAEHHH_N@Z 10002b90 f   MegamapControl.obj
 0001:00001c70       ?ScreenPos2TAPos@MegaMapControl@@AAEPAU_Position_Dword@@PAU2@HHH@Z 10002c70 f   MegamapControl.obj
 0001:00001cf0       ?SelectDown@MegaMapControl@@AAEHHH_N@Z 10002cf0 f   MegamapControl.obj
 0001:00001d20       ?SelectMove@MegaMapControl@@AAEHHH_N0@Z 10002d20 f   MegamapControl.obj
 0001:00001da0       ?SelectUp@MegaMapControl@@AAEHHH_N0@Z 10002da0 f   MegamapControl.obj
 0001:00001f30       ?Set@MegaMapControl@@QAEXH@Z 10002f30 f   MegamapControl.obj
 0001:00001f40       ?TAPos2ScreenPos@MegaMapControl@@AAEPAUtagPOINT@@PAU2@III@Z 10002f40 f   MegamapControl.obj
 0001:00001f90       ?WheelBack@MegaMapControl@@AAEHHH@Z 10002f90 f   MegamapControl.obj
 0001:00001fc0       ?WheelFont@MegaMapControl@@AAEHHH@Z 10002fc0 f   MegamapControl.obj
 0001:00002010       ??$_Allocate_manually_vector_aligned@U_Default_allocate_traits@std@@@std@@YGPAXI@Z 10003010 f i MegamapTAStuff.obj
 0001:00002050       ??$_Copy_memmove@PAU_Position_Dword@@PAU1@@std@@YGPAU_Position_Dword@@PAU1@00@Z 10003050 f i MegamapTAStuff.obj
 0001:00002080       ??$_Emplace_reallocate@ABU_Position_Dword@@@?$vector@U_Position_Dword@@V?$allocator@U_Position_Dword@@@std@@@std@@AAEPAU_Position_Dword@@QAU2@ABU2@@Z 10003080 f i MegamapTAStuff.obj
 0001:00002230       ??$sprintf_s@$0BAA@@@YAHAAY0BAA@DPBDZZ 10003230 f i MegamapTAStuff.obj
 0001:00002260       ??0MegamapTAStuff@@QAE@PAVFullScreenMinimap@@PAUtagRECT@@11HHH@Z 10003260 f   MegamapTAStuff.obj
 0001:00002400       ??0bad_alloc@std@@QAE@ABV01@@Z 10003400 f i MegamapTAStuff.obj
 0001:00002440       ??0bad_array_new_length@std@@QAE@ABV01@@Z 10003440 f i MegamapTAStuff.obj
 0001:00002480       ??0bad_array_new_length@std@@QAE@XZ 10003480 f i MegamapTAStuff.obj
 0001:000024a0       ??0exception@std@@QAE@ABV01@@Z 100034a0 f i MegamapTAStuff.obj
 0001:000024d0       ??1?$vector@U_Position_Dword@@V?$allocator@U_Position_Dword@@@std@@@std@@QAE@XZ 100034d0 f i MegamapTAStuff.obj
 0001:00002540       ??1MegamapTAStuff@@QAE@XZ  10003540 f   MegamapTAStuff.obj
 0001:00002560       ??1bad_array_new_length@std@@UAE@XZ 10003560 f i MegamapTAStuff.obj
 0001:00002580       ??1exception@std@@UAE@XZ   10003580 f i MegamapTAStuff.obj
 0001:000025a0       ??_Ebad_alloc@std@@UAEPAXI@Z 100035a0 f i MegamapTAStuff.obj
 0001:000025a0       ??_Gbad_alloc@std@@UAEPAXI@Z 100035a0 f i MegamapTAStuff.obj
 0001:000025d0       ??_Ebad_array_new_length@std@@UAEPAXI@Z 100035d0 f i MegamapTAStuff.obj
 0001:000025d0       ??_Gbad_array_new_length@std@@UAEPAXI@Z 100035d0 f i MegamapTAStuff.obj
 0001:00002600       ??_Eexception@std@@UAEPAXI@Z 10003600 f i MegamapTAStuff.obj
 0001:00002600       ??_Gexception@std@@UAEPAXI@Z 10003600 f i MegamapTAStuff.obj
 0001:00002630       ?BlitOrder@MegamapTAStuff@@QAEXPAXHHH@Z 10003630 f   MegamapTAStuff.obj
 0001:00002c10       ?BlitSelect@MegamapTAStuff@@QAEXPAXHHH@Z 10003c10 f   MegamapTAStuff.obj
 0001:00002d80       ?DrawBuildRect@MegamapTAStuff@@QAEXPAU_OFFSCREEN@@EPAUUnitDefStruct@@HHH@Z 10003d80 f   MegamapTAStuff.obj
 0001:00002e70       ?DrawCursor@MegamapTAStuff@@QAEXPAXHHHII@Z 10003e70 f   MegamapTAStuff.obj
 0001:00002eb0       ?DrawOrderPath@MegamapTAStuff@@QAEXPAU_OFFSCREEN@@PAUUnitOrdersStruct@@PAU_Position_Dword@@@Z 10003eb0 f   MegamapTAStuff.obj
 0001:00003140       ?DrawTargatOrder@MegamapTAStuff@@QAEXPAU_OFFSCREEN@@PAUUnitOrdersStruct@@PAUPlayerStruct@@@Z 10004140 f   MegamapTAStuff.obj
 0001:00003230       ?GetTAStuffSurface@MegamapTAStuff@@QAEPAEXZ 10004230 f   MegamapTAStuff.obj
 0001:00003240       ?Init@MegamapTAStuff@@QAEXPAVFullScreenMinimap@@PAUtagRECT@@11HHH@Z 10004240 f   MegamapTAStuff.obj
 0001:000033a0       ?InitSurface@MegamapTAStuff@@QAEXPAUIDirectDraw@@H@Z 100043a0 f   MegamapTAStuff.obj
 0001:000036a0       ?LockBlit@MegamapTAStuff@@QAEXPAXHHH@Z 100046a0 f   MegamapTAStuff.obj
 0001:00003750       ?LockBlit_MEGA@MegamapTAStuff@@QAEXPAXHHH@Z 10004750 f   MegamapTAStuff.obj
 0001:000038f0       ?LockBlit_TA@MegamapTAStuff@@QAEXPAXHHHPAH@Z 100048f0 f   MegamapTAStuff.obj
 0001:00003ba0       ?ReleaseSurface@MegamapTAStuff@@QAEXXZ 10004ba0 f   MegamapTAStuff.obj
 0001:00003c00       ?ScreenPos2TAPos@MegamapTAStuff@@AAEPAU_Position_Dword@@PAU2@HHH@Z 10004c00 f   MegamapTAStuff.obj
 0001:00003c80       ?TADrawRect@MegamapTAStuff@@QAEXPAU_OFFSCREEN@@HHHHHHH@Z 10004c80 f   MegamapTAStuff.obj
 0001:00003d60       ?TAPos2ScreenPos@MegamapTAStuff@@AAEPAUtagPOINT@@PAU2@III@Z 10004d60 f   MegamapTAStuff.obj
 0001:00003db0       ?UpdateTAGameStuffMEGA@MegamapTAStuff@@QAEXPAXHHPAH@Z 10004db0 f   MegamapTAStuff.obj
 0001:00003de0       ?UpdateTAGameStuffTA@MegamapTAStuff@@QAEXPAU_DDSURFACEDESC@@HHPAH@Z 10004de0 f   MegamapTAStuff.obj
 0001:00003e40       ?_Throw_bad_array_new_length@std@@YGXXZ 10004e40 f i MegamapTAStuff.obj
 0001:00003e60       ?_Xlength@?$vector@U_Position_Dword@@V?$allocator@U_Position_Dword@@@std@@@std@@CGXXZ 10004e60 f i MegamapTAStuff.obj
 0001:00003e70       ?what@exception@std@@UBEPBDXZ 10004e70 f i MegamapTAStuff.obj
 0001:00003e80       ___local_stdio_printf_options 10004e80 f i MegamapTAStuff.obj
 0001:00003e90       ??0ProjectileMap@@QAE@PAVFullScreenMinimap@@PAVUnitsMinimap@@@Z 10004e90 f   ProjectileMap.obj
 0001:00003eb0       ??1ProjectileMap@@QAE@XZ   10004eb0 f   ProjectileMap.obj
 0001:00003ec0       ?DrawNuke@ProjectileMap@@AAEXPAEPAUtagPOINT@@HHPAUProjectileStruct@@@Z 10004ec0 f   ProjectileMap.obj
 0001:00004010       ?DrawProjectile@ProjectileMap@@AAEXPAEPAUtagPOINT@@PAUProjectileStruct@@@Z 10005010 f   ProjectileMap.obj
 0001:00004210       ?DrawWeapon@ProjectileMap@@AAEXPAEPAUtagPOINT@@HH@Z 10005210 f   ProjectileMap.obj
 0001:000042d0       ?IsPosInPlayerLos@ProjectileMap@@AAEHIIPAUProjectileStruct@@@Z 100052d0 f   ProjectileMap.obj
 0001:00004380       ?NowDrawProjectile@ProjectileMap@@QAEXPAEPAUtagPOINT@@@Z 10005380 f   ProjectileMap.obj
 0001:000045b0       ??0TABMP@@QAE@XZ           100055b0 f   UnitIcon.obj
 0001:00004610       ??0UnitIcon@@QAE@PAD@Z     10005610 f   UnitIcon.obj
 0001:00004730       ??1TABMP@@QAE@XZ           10005730 f   UnitIcon.obj
 0001:00004780       ??1UnitIcon@@QAE@XZ        10005780 f   UnitIcon.obj
 0001:00004810       ?BufSize@UnitIcon@@QAEJXZ  10005810 f   UnitIcon.obj
 0001:00004830       ?Data@UnitIcon@@QAEPAEXZ   10005830 f   UnitIcon.obj
 0001:00004850       ?Height@UnitIcon@@QAEJXZ   10005850 f   UnitIcon.obj
 0001:00004880       ?Load@TABMP@@QAEXPAD@Z     10005880 f   UnitIcon.obj
 0001:00004a40       ?Transformer@TABMP@@QAEXPAEPAUtagLOGPALETTE@@PAUtagBITMAPINFO@@0@Z 10005a40 f   UnitIcon.obj
 0001:00004ad0       ?Width@UnitIcon@@QAEJXZ    10005ad0 f   UnitIcon.obj
 0001:00004af0       ?AddtionInit@@YGHPAUtagInlineX86StackBuffer@@@Z 10005af0 f   ddraw.obj
 0001:00004b80       ?AddtionInitAfterDDraw@@YGHPAUtagInlineX86StackBuffer@@@Z 10005b80 f   ddraw.obj
 0001:00004cb0       ?AddtionRelease@@YGXXZ     10005cb0 f   ddraw.obj
 0001:00004d00       ?AddtionReleaseAfterDDraw@@YGXXZ 10005d00 f   ddraw.obj
 0001:00004d60       ?DirectDrawCreate@@YGJPAU_GUID@@PAPAUIDirectDraw@@PAUIUnknown@@@Z 10005d60 f   ddraw.obj
 0001:00004e00       ?EnableSound@@YGXXZ        10005e00 f   ddraw.obj
 0001:00004e30       ?GetAddress@@YGP6GHXZPBD@Z 10005e30 f   ddraw.obj
 0001:00004e50       ?GetSysDir@@YGXXZ          10005e50 f   ddraw.obj
 0001:00004ed0       ?Insert@@YGXXZ             10005ed0 f   ddraw.obj
 0001:00004f10       ?SetExeMemoryProtection@@YGHPAX0K@Z 10005f10 f   ddraw.obj
 0001:00004f40       ?SetupFileMap@@YG_NXZ      10005f40 f   ddraw.obj
 0001:00004fb0       ?SetupLocalFileMap@@YG_NXZ 10005fb0 f   ddraw.obj
 0001:00005010       ?SetupTAHookFileMap@@YGXXZ 10006010 f   ddraw.obj
 0001:00005060       ?ShutDownTAHookFileMap@@YGXXZ 10006060 f   ddraw.obj
 0001:00005090       ?ShutdownFileMap@@YGXXZ    10006090 f   ddraw.obj
 0001:000050c0       ?ShutdownLocalFileMap@@YGXXZ 100060c0 f   ddraw.obj
 0001:000050f0       ?StaticInitializers_DllMain@@YGXXZ 100060f0 f   ddraw.obj
 0001:00005160       ?WriteBytes@@YGXPAXQAEK@Z  10006160 f   ddraw.obj
 0001:00005180       ?WriteJumpHook@@YGXPAX0@Z  10006180 f   ddraw.obj
 0001:000051a0       ?____Insert_Hook_1@@YGXXZ  100061a0 f   ddraw.obj
 0001:00005240       ?____free@@YAXPAX@Z        10006240 f   ddraw.obj
 0001:00005260       ?____malloc@@YAPAXI@Z      10006260 f   ddraw.obj
 0001:00005280       ?____strlen@@YGIPBD@Z      10006280 f   ddraw.obj
 0001:000052a0       _AheadLib_AcquireDDThreadLock 100062a0 f   ddraw.obj
 0001:000052b0       _AheadLib_CompleteCreateSysmemSurface 100062b0 f   ddraw.obj
 0001:000052c0       _AheadLib_D3DParseUnknownCommand 100062c0 f   ddraw.obj
 0001:000052d0       _AheadLib_DDGetAttachedSurfaceLcl 100062d0 f   ddraw.obj
 0001:000052e0       _AheadLib_DDInternalLock   100062e0 f   ddraw.obj
 0001:000052f0       _AheadLib_DDInternalUnlock 100062f0 f   ddraw.obj
 0001:00005300       _AheadLib_DSoundHelp       10006300 f   ddraw.obj
 0001:00005310       _AheadLib_DirectDrawCreateClipper 10006310 f   ddraw.obj
 0001:00005320       _AheadLib_DirectDrawCreateEx 10006320 f   ddraw.obj
 0001:00005330       _AheadLib_DirectDrawEnumerateA 10006330 f   ddraw.obj
 0001:00005340       _AheadLib_DirectDrawEnumerateExA 10006340 f   ddraw.obj
 0001:00005350       _AheadLib_DirectDrawEnumerateExW 10006350 f   ddraw.obj
 0001:00005360       _AheadLib_DirectDrawEnumerateW 10006360 f   ddraw.obj
 0001:00005370       _AheadLib_DllCanUnloadNow  10006370 f   ddraw.obj
 0001:00005380       _AheadLib_DllGetClassObject 10006380 f   ddraw.obj
 0001:00005390       _AheadLib_GetDDSurfaceLocal 10006390 f   ddraw.obj
 0001:000053a0       _AheadLib_GetOLEThunkData  100063a0 f   ddraw.obj
 0001:000053b0       _AheadLib_GetSurfaceFromDC 100063b0 f   ddraw.obj
 0001:000053c0       _AheadLib_RegisterSpecialCase 100063c0 f   ddraw.obj
 0001:000053d0       _AheadLib_ReleaseDDThreadLock 100063d0 f   ddraw.obj
 0001:000053e0       _AheadLib_SetAppCompatData 100063e0 f   ddraw.obj
 0001:000053f0       _DllMain@12                100063f0 f   ddraw.obj
 0001:00005850       ??0ExternHotKey@@QAE@XZ    10006850 f   ExternhotKey.obj
 0001:00005ad0       ??1ExternHotKey@@QAE@XZ    10006ad0 f   ExternhotKey.obj
 0001:00005c50       ?AddRoutine_InitAfterExternKey@@YGXXZ 10006c50 f   ExternhotKey.obj
 0001:00005c70       ?AddtionRoutine_CircleSelect@@YGHPAUtagInlineX86StackBuffer@@@Z 10006c70 f   ExternhotKey.obj
 0001:00005d20       ?AddtionRoutine_UnitINFOInit@@YGHPAUtagInlineX86StackBuffer@@@Z 10006d20 f   ExternhotKey.obj
 0001:00005d60       ?DestroyExternTypeMask@ExternHotKey@@QAEXXZ 10006d60 f   ExternhotKey.obj
 0001:00005e30       ?FilterSelectedUnit@ExternHotKey@@QAEHXZ 10006e30 f   ExternhotKey.obj
 0001:00005ea0       ?FilterSelectedUnitProc@ExternHotKey@@QAEHW4TAUnitType@@@Z 10006ea0 f   ExternhotKey.obj
 0001:00006040       ?FindIdelFactory@ExternHotKey@@QAEXXZ 10007040 f   ExternhotKey.obj
 0001:00006190       ?FindIdleConst@ExternHotKey@@QAEXXZ 10007190 f   ExternhotKey.obj
 0001:00006330       ?InitExternTypeMask@ExternHotKey@@QAEHXZ 10007330 f   ExternhotKey.obj
 0001:000068c0       ?Message@ExternHotKey@@QAE_NPAUHWND__@@IIJ@Z 100078c0 f   ExternhotKey.obj
 0001:00006b60       ?SelectOnlyInScreenSameTypeUnit@ExternHotKey@@QAEHH@Z 10007b60 f   ExternhotKey.obj
 0001:00006ce0       ?SelectOnlyInScreenWeaponUnit@ExternHotKey@@QAEHI@Z 10007ce0 f   ExternhotKey.obj
 0001:00006df0       ?SelectUnitInRect@ExternHotKey@@QAEHW4TAUnitType@@PAUtagRECT@@_N@Z 10007df0 f   ExternhotKey.obj
 0001:00006f10       ??0FullScreenMinimap@@QAE@HH@Z 10007f10 f   fullscreenminimap.obj
 0001:000072e0       ??1FullScreenMinimap@@QAE@XZ 100082e0 f   fullscreenminimap.obj
 0001:00007460       ?BlockGUIState@FullScreenMinimap@@QAEXXZ 10008460 f   fullscreenminimap.obj
 0001:00007470       ?BlockTADraw@@YGHPAUtagInlineX86StackBuffer@@@Z 10008470 f   fullscreenminimap.obj
 0001:000074b0       ?DischargeGUIState@FullScreenMinimap@@QAEXXZ 100084b0 f   fullscreenminimap.obj
 0001:000074c0       ?DischargeTADraw@@YGHPAUtagInlineX86StackBuffer@@@Z 100084c0 f   fullscreenminimap.obj
 0001:000074d0       ?EnterMegaMap@FullScreenMinimap@@QAEXXZ 100084d0 f   fullscreenminimap.obj
 0001:000074f0       ?ForceTADrawBlit@@YGHPAUtagInlineX86StackBuffer@@@Z 100084f0 f   fullscreenminimap.obj
 0001:00007520       ?IfRenderMegaThenBlock2@@YGXXZ 10008520 f   fullscreenminimap.obj
 0001:00007550       ?IfRenderMegaThenBlock@@YGXXZ 10008550 f   fullscreenminimap.obj
 0001:00007590       ?InitMinimap@FullScreenMinimap@@QAEXPAUtagTNTHeaderStruct@@PAUtagRECT@@@Z 10008590 f   fullscreenminimap.obj
 0001:00007e10       ?InitSurface@FullScreenMinimap@@QAEXPAUIDirectDraw@@@Z 10008e10 f   fullscreenminimap.obj
 0001:00007eb0       ?InitSurface@FullScreenMinimap@@QAEXPAUIDirectDraw@@H@Z 10008eb0 f   fullscreenminimap.obj
 0001:00007f40       ?IsBliting@FullScreenMinimap@@QAEHXZ 10008f40 f   fullscreenminimap.obj
 0001:00007f50       ?LoadMap_Routine@@YGHPAUtagInlineX86StackBuffer@@@Z 10008f50 f   fullscreenminimap.obj
 0001:00007f70       ?LockBlit@FullScreenMinimap@@QAEXPAXHHH@Z 10008f70 f   fullscreenminimap.obj
 0001:00007fd0       ?MegamapFrameThd@@YGKXZ    10008fd0 f   fullscreenminimap.obj
 0001:00008160       ?Message@FullScreenMinimap@@QAE_NPAUHWND__@@IIJ@Z 10009160 f   fullscreenminimap.obj
 0001:00008190       ?PostGameScreenRendering@@YGXXZ 10009190 f   fullscreenminimap.obj
 0001:000081c0       ?QuitMegaMap@FullScreenMinimap@@QAEXXZ 100091c0 f   fullscreenminimap.obj
 0001:000081e0       ?ReleaseSurface@FullScreenMinimap@@QAEXXZ 100091e0 f   fullscreenminimap.obj
 0001:00008220       ?Set@FullScreenMinimap@@QAEXH@Z 10009220 f   fullscreenminimap.obj
 0001:00008250       ?SetVid@FullScreenMinimap@@QAEXH@Z 10009250 f   fullscreenminimap.obj
 0001:00008260       ?UpdateFrame@FullScreenMinimap@@QAEXPAX@Z 10009260 f   fullscreenminimap.obj
 0001:00008780       ?CopyGafSequenceToBits@@YGPAEPAEPAUtagPOINT@@PAU_GAFSequence@@H@Z 10009780 f   gaf.obj
 0001:00008810       ?CopyGafToBits@@YGXPAEPAUtagPOINT@@IIPAU_GAFFrame@@PAUtagRECT@@@Z 10009810 f   gaf.obj
 0001:00008880       ?CreateSurfByGafFrame@@YGPAUIDirectDrawSurface@@PAUIDirectDraw@@PAU_GAFFrame@@H@Z 10009880 f   gaf.obj
 0001:00008a10       ?CreateSurfByGafSequence@@YGPAUIDirectDrawSurface@@PAUIDirectDraw@@PAU_GAFSequence@@_N@Z 10009a10 f   gaf.obj
 0001:00008be0       ?InstanceGAFFrame@@YGPAEPAU_GAFFrame@@PAPAEPAUtagPOINT@@@Z 10009be0 f   gaf.obj
 0001:00008ca0       ??0GUIExpand@@QAE@XZ       10009ca0 f   GuiExpand.obj
 0001:00008e50       ??1GUIExpand@@QAE@XZ       10009e50 f   GuiExpand.obj
 0001:00008eb0       ?ApplySelectUnitMenu_Wapper@@YGXXZ 10009eb0 f   HardCodeFunctions.obj
 0001:00008ee0       ?ChatText@@YGHPAD@Z        10009ee0 f   HardCodeFunctions.obj
 0001:00008f40       ?CleanIDMaskInTypeAry@@YG_NGQAK@Z 10009f40 f   HardCodeFunctions.obj
 0001:00008f70       ?CountSelectedUnits@@YGHXZ 10009f70 f   HardCodeFunctions.obj
 0001:00008ff0       ?DeselectUnits@@YGXXZ      10009ff0 f   HardCodeFunctions.obj
 0001:00009070       ?DrawDotteCircle@@YGHPAEPAUtagPOINT@@HHHHHH@Z 1000a070 f   HardCodeFunctions.obj
 0001:000090e0       ?DrawRadarCircle@@YGHPAEPAUtagPOINT@@HHHH@Z 1000a0e0 f   HardCodeFunctions.obj
 0001:00009150       ?DrawTextInScreen_ez@@YG_NPAU_OFFSCREEN@@PADHH@Z 1000a150 f   HardCodeFunctions.obj
 0001:00009170       ?GetMaxScrollX@@YGHXZ      1000a170 f   HardCodeFunctions.obj
 0001:00009190       ?GetMaxScrollY@@YGHXZ      1000a190 f   HardCodeFunctions.obj
 0001:000091b0       ?GetUnitIDMaskAryByCategory@@YGPAKPAD@Z 1000a1b0 f   HardCodeFunctions.obj
 0001:00009230       ?IsPlayerAllyUnit@@YGHHH@Z 1000a230 f   HardCodeFunctions.obj
 0001:000092b0       ?MatchInTypeAry@@YG_NGQAK@Z 1000a2b0 f   HardCodeFunctions.obj
 0001:000092e0       ?PauseCDMusic@@YGHXZ       1000a2e0 f   HardCodeFunctions.obj
 0001:00009300       ?ScrollToCenter@@YGXHH@Z   1000a300 f   HardCodeFunctions.obj
 0001:00009390       ?SendOrder@@YGXIIIH_N@Z    1000a390 f   HardCodeFunctions.obj
 0001:00009400       ?SetIDMaskInTypeAry@@YG_NGQAK@Z 1000a400 f   HardCodeFunctions.obj
 0001:00009430       ?UpdateSelectUnitEffect@@YGXXZ 1000a430 f   HardCodeFunctions.obj
 0001:00009450       ?UpdateTAProcess@@YGHXZ    1000a450 f   HardCodeFunctions.obj
 0001:000094d0       ?ViewPlayerLos_Replay@@YGHHH@Z 1000a4d0 f   HardCodeFunctions.obj
 0001:00009600       ?freeTAMem@@YGXPAX@Z       1000a600 f   HardCodeFunctions.obj
 0001:00009660       ?resumeOffScreen@@YGXXZ    1000a660 f   HardCodeFunctions.obj
 0001:00009670       ?resumeScreenPlatte@@YGXXZ 1000a670 f   HardCodeFunctions.obj
 0001:000096c0       _sprintf_s                 1000a6c0 f i HardCodeFunctions.obj
 0001:000096f0       ??0ModifyHook@@QAE@IHKPAEKK@Z 1000a6f0 f   ModifyHook.obj
 0001:00009780       ??0ModifyHook@@QAE@PAEHK0KK@Z 1000a780 f   ModifyHook.obj
 0001:00009810       ??0ModifyHook@@QAE@XZ      1000a810 f   ModifyHook.obj
 0001:00009850       ??1ModifyHook@@QAE@XZ      1000a850 f   ModifyHook.obj
 0001:000098d0       ?Hook@ModifyHook@@UAEXXZ   1000a8d0 f   ModifyHook.obj
 0001:00009980       ?InitHookClass@ModifyHook@@AAEXPAEHK0KK@Z 1000a980 f   ModifyHook.obj
 0001:00009ac0       ??0_TAHPI@@QAE@H@Z         1000aac0 f   HPIfunc.obj
 0001:00009b80       ??1_TAHPI@@QAE@XZ          1000ab80 f   HPIfunc.obj
 0001:00009bb0       ?TADontInit@@YGHPAUtagInlineX86StackBuffer@@@Z 1000abb0 f   HPIfunc.obj
 0001:00009bd0       ?fclose@_TAHPI@@QAEHPAU_OPENTAFILE@@@Z 1000abd0 f   HPIfunc.obj
 0001:00009be0       ?filelen@_TAHPI@@QAEIPAU_OPENTAFILE@@@Z 1000abe0 f   HPIfunc.obj
 0001:00009bf0       ?filelength@_TAHPI@@QAEIPAD@Z 1000abf0 f   HPIfunc.obj
 0001:00009c00       ?fopen@_TAHPI@@QAEPAU_OPENTAFILE@@PAD0@Z 1000ac00 f   HPIfunc.obj
 0001:00009c10       ?free_readfile@_TAHPI@@QAEXPAD@Z 1000ac10 f   HPIfunc.obj
 0001:00009c20       ?read@_TAHPI@@QAEHPAU_OPENTAFILE@@PAXH@Z 1000ac20 f   HPIfunc.obj
 0001:00009c30       ?readfile@_TAHPI@@QAEPADPADPAI@Z 1000ac30 f   HPIfunc.obj
 0001:00009c40       ??0IDDraw@@QAE@PAUIDirectDraw@@_N@Z 1000ac40 f   iddraw.obj
 0001:00009cc0       ?AddRef@IDDraw@@UAGKXZ     1000acc0 f   iddraw.obj
 0001:00009ce0       ?Compact@IDDraw@@UAGJXZ    1000ace0 f   iddraw.obj
 0001:00009d00       ?CreateClipper@IDDraw@@UAGJKPAPAUIDirectDrawClipper@@PAUIUnknown@@@Z 1000ad00 f   iddraw.obj
 0001:00009d20       ?CreatePalette@IDDraw@@UAGJKPAUtagPALETTEENTRY@@PAPAUIDirectDrawPalette@@PAUIUnknown@@@Z 1000ad20 f   iddraw.obj
 0001:00009d40       ?CreateSurface@IDDraw@@UAGJPAU_DDSURFACEDESC@@PAPAUIDirectDrawSurface@@PAUIUnknown@@@Z 1000ad40 f   iddraw.obj
 0001:00009dd0       ?DuplicateSurface@IDDraw@@UAGJPAUIDirectDrawSurface@@PAPAU2@@Z 1000add0 f   iddraw.obj
 0001:00009df0       ?EnumDisplayModes@IDDraw@@UAGJKPAU_DDSURFACEDESC@@PAXP6GJ01@Z@Z 1000adf0 f   iddraw.obj
 0001:00009e10       ?EnumSurfaces@IDDraw@@UAGJKPAU_DDSURFACEDESC@@PAXP6GJPAUIDirectDrawSurface@@01@Z@Z 1000ae10 f   iddraw.obj
 0001:00009e30       ?FlipToGDISurface@IDDraw@@UAGJXZ 1000ae30 f   iddraw.obj
 0001:00009e50       ?GetCaps@IDDraw@@UAGJPAU_DDCAPS_DX7@@0@Z 1000ae50 f   iddraw.obj
 0001:00009e70       ?GetDisplayMode@IDDraw@@UAGJPAU_DDSURFACEDESC@@@Z 1000ae70 f   iddraw.obj
 0001:00009e90       ?GetFourCCCodes@IDDraw@@UAGJPAK0@Z 1000ae90 f   iddraw.obj
 0001:00009eb0       ?GetGDISurface@IDDraw@@UAGJPAPAUIDirectDrawSurface@@@Z 1000aeb0 f   iddraw.obj
 0001:00009ed0       ?GetMonitorFrequency@IDDraw@@UAGJPAK@Z 1000aed0 f   iddraw.obj
 0001:00009ef0       ?GetScanLine@IDDraw@@UAGJPAK@Z 1000aef0 f   iddraw.obj
 0001:00009f10       ?GetVerticalBlankStatus@IDDraw@@UAGJPAH@Z 1000af10 f   iddraw.obj
 0001:00009f30       ?Initialize@IDDraw@@UAGJPAU_GUID@@@Z 1000af30 f   iddraw.obj
 0001:00009f50       ?QueryInterface@IDDraw@@UAGJABU_GUID@@PAPAX@Z 1000af50 f   iddraw.obj
 0001:00009f70       ?Release@IDDraw@@UAGKXZ    1000af70 f   iddraw.obj
 0001:00009fa0       ?RestoreDisplayMode@IDDraw@@UAGJXZ 1000afa0 f   iddraw.obj
 0001:00009fc0       ?SetCooperativeLevel@IDDraw@@UAGJPAUHWND__@@K@Z 1000afc0 f   iddraw.obj
 0001:00009ff0       ?SetDisplayMode@IDDraw@@UAGJKKK@Z 1000aff0 f   iddraw.obj
 0001:0000a040       ?WaitForVerticalBlank@IDDraw@@UAGJKPAX@Z 1000b040 f   iddraw.obj
 0001:0000a060       ?resume@IDDraw@@QAGXXZ     1000b060 f   iddraw.obj
 0001:0000a080       ??0IDDrawSurface@@QAE@PAUIDirectDraw@@PAU_DDSURFACEDESC@@PAPAUIDirectDrawSurface@@PAUIUnknown@@PAJ_NHH@Z 1000b080 f   iddrawsurface.obj
 0001:0000a450       ??1IDDrawSurface@@QAE@XZ   1000b450 f   iddrawsurface.obj
 0001:0000a470       ?AddAttachedSurface@IDDrawSurface@@UAGJPAUIDirectDrawSurface@@@Z 1000b470 f   iddrawsurface.obj
 0001:0000a490       ?AddOverlayDirtyRect@IDDrawSurface@@UAGJPAUtagRECT@@@Z 1000b490 f   iddrawsurface.obj
 0001:0000a4b0       ?AddRef@IDDrawSurface@@UAGKXZ 1000b4b0 f   iddrawsurface.obj
 0001:0000a4d0       ?Blt@IDDrawSurface@@UAGJPAUtagRECT@@PAUIDirectDrawSurface@@0KPAU_DDBLTFX@@@Z 1000b4d0 f   iddrawsurface.obj
 0001:0000a4f0       ?BltBatch@IDDrawSurface@@UAGJPAU_DDBLTBATCH@@KK@Z 1000b4f0 f   iddrawsurface.obj
 0001:0000a510       ?BltFast@IDDrawSurface@@UAGJKKPAUIDirectDrawSurface@@PAUtagRECT@@K@Z 1000b510 f   iddrawsurface.obj
 0001:0000a530       ?CommanderWarp@@YGXXZ      1000b530 f   iddrawsurface.obj
 0001:0000a540       ?CommanderWarpWndProc@@YGHPAUHWND__@@IIJ@Z 1000b540 f   iddrawsurface.obj
 0001:0000a640       ?CorrectName@IDDrawSurface@@QAEXPAD@Z 1000b640 f   iddrawsurface.obj
 0001:0000a6a0       ?CreateClipplist@IDDrawSurface@@QAEXXZ 1000b6a0 f   iddrawsurface.obj
 0001:0000a840       ?CreateDir@IDDrawSurface@@QAEXPAD@Z 1000b840 f   iddrawsurface.obj
 0001:0000a8c0       ?CreateFileName@IDDrawSurface@@AAEXPADH@Z 1000b8c0 f   iddrawsurface.obj
 0001:0000abd0       ?DeInterlace@IDDrawSurface@@AAEXXZ 1000bbd0 f   iddrawsurface.obj
 0001:0000ac60       ?DeleteAttachedSurface@IDDrawSurface@@UAGJKPAUIDirectDrawSurface@@@Z 1000bc60 f   iddrawsurface.obj
 0001:0000ac80       ?EnumAttachedSurfaces@IDDrawSurface@@UAGJPAXP6GJPAUIDirectDrawSurface@@PAU_DDSURFACEDESC@@0@Z@Z 1000bc80 f   iddrawsurface.obj
 0001:0000aca0       ?EnumOverlayZOrders@IDDrawSurface@@UAGJKPAXP6GJPAUIDirectDrawSurface@@PAU_DDSURFACEDESC@@0@Z@Z 1000bca0 f   iddrawsurface.obj
 0001:0000acc0       ?Flip@IDDrawSurface@@UAGJPAUIDirectDrawSurface@@K@Z 1000bcc0 f   iddrawsurface.obj
 0001:0000ace0       ?FrontSurface@IDDrawSurface@@QAEXPAUIDirectDrawSurface@@@Z 1000bce0 f   iddrawsurface.obj
 0001:0000acf0       ?GetAttachedSurface@IDDrawSurface@@UAGJPAU_DDSCAPS@@PAPAUIDirectDrawSurface@@@Z 1000bcf0 f   iddrawsurface.obj
 0001:0000aec0       ?GetBltStatus@IDDrawSurface@@UAGJK@Z 1000bec0 f   iddrawsurface.obj
 0001:0000aee0       ?GetCaps@IDDrawSurface@@UAGJPAU_DDSCAPS@@@Z 1000bee0 f   iddrawsurface.obj
 0001:0000af00       ?GetClipper@IDDrawSurface@@UAGJPAPAUIDirectDrawClipper@@@Z 1000bf00 f   iddrawsurface.obj
 0001:0000af20       ?GetColorKey@IDDrawSurface@@UAGJKPAU_DDCOLORKEY@@@Z 1000bf20 f   iddrawsurface.obj
 0001:0000af40       ?GetDC@IDDrawSurface@@UAGJPAPAUHDC__@@@Z 1000bf40 f   iddrawsurface.obj
 0001:0000af60       ?GetFlipStatus@IDDrawSurface@@UAGJK@Z 1000bf60 f   iddrawsurface.obj
 0001:0000af80       ?GetOverlayPosition@IDDrawSurface@@UAGJPAJ0@Z 1000bf80 f   iddrawsurface.obj
 0001:0000afa0       ?GetPalette@IDDrawSurface@@UAGJPAPAUIDirectDrawPalette@@@Z 1000bfa0 f   iddrawsurface.obj
 0001:0000afc0       ?GetPixelFormat@IDDrawSurface@@UAGJPAU_DDPIXELFORMAT@@@Z 1000bfc0 f   iddrawsurface.obj
 0001:0000afe0       ?GetSurfaceDesc@IDDrawSurface@@UAGJPAU_DDSURFACEDESC@@@Z 1000bfe0 f   iddrawsurface.obj
 0001:0000b000       ?Initialize@IDDrawSurface@@UAGJPAUIDirectDraw@@PAU_DDSURFACEDESC@@@Z 1000c000 f   iddrawsurface.obj
 0001:0000b020       ?IsLost@IDDrawSurface@@UAGJXZ 1000c020 f   iddrawsurface.obj
 0001:0000b050       ?Lock@IDDrawSurface@@UAGJPAUtagRECT@@PAU_DDSURFACEDESC@@KPAX@Z 1000c050 f   iddrawsurface.obj
 0001:0000b110       ?OutptInt@IDDrawSurface@@SGXH@Z 1000c110 f   iddrawsurface.obj
 0001:0000b140       ?OutptTxt@IDDrawSurface@@SGXPAD@Z 1000c140 f   iddrawsurface.obj
 0001:0000b150       ?QueryInterface@IDDrawSurface@@UAGJABU_GUID@@PAPAX@Z 1000c150 f   iddrawsurface.obj
 0001:0000b170       ?Release@IDDrawSurface@@UAGKXZ 1000c170 f   iddrawsurface.obj
 0001:0000b320       ?ReleaseDC@IDDrawSurface@@UAGJPAUHDC__@@@Z 1000c320 f   iddrawsurface.obj
 0001:0000b340       ?Restore@IDDrawSurface@@UAGJXZ 1000c340 f   iddrawsurface.obj
 0001:0000b380       ?ScreenShot@IDDrawSurface@@QAEXXZ 1000c380 f   iddrawsurface.obj
 0001:0000b510       ?Set@IDDrawSurface@@QAEX_N@Z 1000c510 f   iddrawsurface.obj
 0001:0000b520       ?SetClipper@IDDrawSurface@@UAGJPAUIDirectDrawClipper@@@Z 1000c520 f   iddrawsurface.obj
 0001:0000b540       ?SetColorKey@IDDrawSurface@@UAGJKPAU_DDCOLORKEY@@@Z 1000c540 f   iddrawsurface.obj
 0001:0000b560       ?SetNewCommanderPosition@@YGXHH@Z 1000c560 f   iddrawsurface.obj
 0001:0000b590       ?SetOverlayPosition@IDDrawSurface@@UAGJJJ@Z 1000c590 f   iddrawsurface.obj
 0001:0000b5b0       ?SetPalette@IDDrawSurface@@UAGJPAUIDirectDrawPalette@@@Z 1000c5b0 f   iddrawsurface.obj
 0001:0000b5e0       ?Unlock@IDDrawSurface@@UAGJPAX@Z 1000c5e0 f   iddrawsurface.obj
 0001:0000b800       ?UpdateOverlay@IDDrawSurface@@UAGJPAUtagRECT@@PAUIDirectDrawSurface@@0KPAU_DDOVERLAYFX@@@Z 1000c800 f   iddrawsurface.obj
 0001:0000b820       ?UpdateOverlayDisplay@IDDrawSurface@@UAGJK@Z 1000c820 f   iddrawsurface.obj
 0001:0000b840       ?UpdateOverlayZOrder@IDDrawSurface@@UAGJKPAUIDirectDrawSurface@@@Z 1000c840 f   iddrawsurface.obj
 0001:0000b860       ?WinProc@@YGJPAUHWND__@@IIJ@Z 1000c860 f   iddrawsurface.obj
 0001:0000baf0       ?____GetScreenHeight_CmdWarp@@YGHXZ 1000caf0 f   iddrawsurface.obj
 0001:0000bb10       ??0TAGameAreaReDrawer@@QAE@XZ 1000cb10 f   GameRedrawer.obj
 0001:0000bb30       ??1TAGameAreaReDrawer@@QAE@XZ 1000cb30 f   GameRedrawer.obj
 0001:0000bb70       ?Cls@TAGameAreaReDrawer@@QAEXXZ 1000cb70 f   GameRedrawer.obj
 0001:0000bb90       ?Flip@TAGameAreaReDrawer@@QAEPAEXZ 1000cb90 f   GameRedrawer.obj
 0001:0000bba0       ?GrayBlitOfBits@TAGameAreaReDrawer@@QAEHPAUtagRECT@@PAEPAUtagPOINT@@0H@Z 1000cba0 f   GameRedrawer.obj
 0001:0000bd30       ?InitOwnSurface@TAGameAreaReDrawer@@QAEPAEPAUIDirectDraw@@H@Z 1000cd30 f   GameRedrawer.obj
 0001:0000bdd0       ?MixBitsInBlit@TAGameAreaReDrawer@@QAEHPAUtagRECT@@PAEPAUtagPOINT@@0@Z 1000cdd0 f   GameRedrawer.obj
 0001:0000bf80       ?MixDSufInBlit@TAGameAreaReDrawer@@QAEHPAEPAUtagRECT@@01@Z 1000cf80 f   GameRedrawer.obj
 0001:0000bff0       ?ReleaseSurface@TAGameAreaReDrawer@@QAEXXZ 1000cff0 f   GameRedrawer.obj
 0001:0000c030       ?TAWGameAreaRect@TAGameAreaReDrawer@@QAEQAUtagRECT@@PAU2@@Z 1000d030 f   GameRedrawer.obj
 0001:0000c080       ?backSurface_p@TAGameAreaReDrawer@@QAEQAEXZ 1000d080 f   GameRedrawer.obj
 0001:0000c090       ?frontSurface_p@TAGameAreaReDrawer@@QAEQAEXZ 1000d090 f   GameRedrawer.obj
 0001:0000c0a0       ??0MiniMapPicture@@QAE@HH@Z 1000d0a0 f   MapParse.obj
 0001:0000c0e0       ??0TNTtoMiniMap@@QAE@KK@Z  1000d0e0 f   MapParse.obj
 0001:0000c1b0       ??0TNTtoMiniMap@@QAE@XZ    1000d1b0 f   MapParse.obj
 0001:0000c270       ??1MiniMapPicture@@QAE@XZ  1000d270 f   MapParse.obj
 0001:0000c290       ??1TNTtoMiniMap@@QAE@XZ    1000d290 f   MapParse.obj
 0001:0000c300       ?DrawMiniMap@MiniMapPicture@@QAEHPAEPAUtagRECT@@HH1@Z 1000d300 f   MapParse.obj
 0001:0000c620       ?DrawMiniMap@TNTtoMiniMap@@QAEHPAEHH@Z 1000d620 f   MapParse.obj
 0001:0000c660       ?DrawRectMapToBuf@TNTtoMiniMap@@AAEPAEPAPAEPAUtagTNTHeaderStruct@@PAUtagRECT@@@Z 1000d660 f   MapParse.obj
 0001:0000c6d0       ?MapFromTNTFileA@TNTtoMiniMap@@QAEXPAD@Z 1000d6d0 f   MapParse.obj
 0001:0000c790       ?MapFromTNTInMem@TNTtoMiniMap@@QAEXPAX@Z 1000d790 f   MapParse.obj
 0001:0000c820       ?MapFromValidTNTHeader@TNTtoMiniMap@@QAEXPAUtagTNTHeaderStruct@@@Z 1000d820 f   MapParse.obj
 0001:0000c850       ?ParseMyTNTHeader@TNTtoMiniMap@@QAEPAUtagTNTHeaderStruct@@PAU2@@Z 1000d850 f   MapParse.obj
 0001:0000c8c0       ?PictureInfo@MiniMapPicture@@QAEPAEPAPAEPAUtagPOINT@@@Z 1000d8c0 f   MapParse.obj
 0001:0000c8e0       ?PictureInfo@TNTtoMiniMap@@QAEPAEPAPAEPAUtagPOINT@@@Z 1000d8e0 f   MapParse.obj
 0001:0000c900       ?StretchTAMapToMiniMap@MiniMapPicture@@QAEPAEPAEPAUtagRECT@@@Z 1000d900 f   MapParse.obj
 0001:0000cab0       ?StretchTATNTDataToMiniMap@MiniMapPicture@@QAEPAEPAUtagTNTHeaderStruct@@@Z 1000dab0 f   MapParse.obj
 0001:0000ccc0       ??0MenuResolution@@QAE@H@Z 1000dcc0 f   MenuResolution.obj
 0001:0000cd10       ??0MenuResolution@@QAE@HH@Z 1000dd10 f   MenuResolution.obj
 0001:0000cd70       ??1MenuResolution@@QAE@XZ  1000dd70 f   MenuResolution.obj
 0001:0000ce40       ?InstallHook@MenuResolution@@AAEXXZ 1000de40 f   MenuResolution.obj
 0001:0000cff0       ?UninstallHook@MenuResolution@@AAEXXZ 1000dff0 f   MenuResolution.obj
 0001:0000d0c0       ?sub_00491A75@@YGHPAUtagInlineX86StackBuffer@@@Z 1000e0c0 f   MenuResolution.obj
 0001:0000d170       ?sub_00491B01@@YGHPAUtagInlineX86StackBuffer@@@Z 1000e170 f   MenuResolution.obj
 0001:0000d210       ?sub_0049E91C@@YGHPAUtagInlineX86StackBuffer@@@Z 1000e210 f   MenuResolution.obj
 0001:0000d280       ?sub_0049E93B@@YGHPAUtagInlineX86StackBuffer@@@Z 1000e280 f   MenuResolution.obj
 0001:0000d2f0       ??0ModifyWeaponPacket@@QAE@H@Z 1000e2f0 f   MultiGameWeaponID.obj
 0001:0000d320       ??0ModifyWeaponPacket@@QAE@XZ 1000e320 f   MultiGameWeaponID.obj
 0001:0000d340       ??1ModifyWeaponPacket@@QAE@XZ 1000e340 f   MultiGameWeaponID.obj
 0001:0000d430       ?EnsureDplayx@ModifyWeaponPacket@@AAEXH@Z 1000e430 f   MultiGameWeaponID.obj
 0001:0000d770       ?FeaturePacket@ModifyWeaponPacket@@AAEXH@Z 1000e770 f   MultiGameWeaponID.obj
 0001:0000d8c0       ?ModifyRoutine@ModifyWeaponPacket@@AAEXH@Z 1000e8c0 f   MultiGameWeaponID.obj
 0001:0000d9a0       ??$_Copy_memmove@PAPAUTAShareMemStruct@CDDDTA@@PAPAU12@@std@@YGPAPAUTAShareMemStruct@CDDDTA@@PAPAU12@00@Z 1000e9a0 f i dddta.obj
 0001:0000d9d0       ??$_Uninitialized_value_construct_n_unchecked1@PAPAUTAShareMemStruct@CDDDTA@@I@std@@YGPAPAUTAShareMemStruct@CDDDTA@@PAPAU12@I@Z 1000e9d0 f i dddta.obj
 0001:0000da00       ??$_Zero_range@PAPAUTAShareMemStruct@CDDDTA@@@std@@YGPAPAUTAShareMemStruct@CDDDTA@@QAPAU12@0@Z 1000ea00 f i dddta.obj
 0001:0000da20       ??$uninitialized_copy@PAPAUTAShareMemStruct@CDDDTA@@PAPAU12@@std@@YGPAPAUTAShareMemStruct@CDDDTA@@QAPAU12@0PAPAU12@@Z 1000ea20 f i dddta.obj
 0001:0000da50       ??0CDDDTA@@QAE@XZ          1000ea50 f   dddta.obj
 0001:0000db30       ??1?$deque@UTAShareMemStruct@CDDDTA@@V?$allocator@UTAShareMemStruct@CDDDTA@@@std@@@std@@QAE@XZ 1000eb30 f i dddta.obj
 0001:0000db50       ??1CDDDTA@@QAE@XZ          1000eb50 f   dddta.obj
 0001:0000dbb0       ?Blit@CDDDTA@@QAEXPAUIDirectDrawSurface@@@Z 1000ebb0 f   dddta.obj
 0001:0000dbc0       ?ChatStrnCpy@@YAPADPADPBDI@Z 1000ebc0 f   dddta.obj
 0001:0000dc30       ?CheckMessages@CDDDTA@@AAEXXZ 1000ec30 f   dddta.obj
 0001:0000dd10       ?CreateSharedTAMem@CDDDTA@@AAEXHHPAD@Z 1000ed10 f   dddta.obj
 0001:0000de50       ?DeInitDDDTA@CDDDTA@@QAEXXZ 1000ee50 f   dddta.obj
 0001:0000df40       ?DeleteMem@@YAXPAX@Z       1000ef40 f   dddta.obj
 0001:0000e040       ?FrameUpdate@CDDDTA@@QAEXXZ 1000f040 f   dddta.obj
 0001:0000e630       ?InitDDDTA@CDDDTA@@AAEXXZ  1000f630 f   dddta.obj
 0001:0000e8d0       ?Message@CDDDTA@@QAE_NPAUHWND__@@IIJ@Z 1000f8d0 f   dddta.obj
 0001:0000e910       ?Moo@CDDDTA@@QAEXXZ        1000f910 f   dddta.obj
 0001:0000e970       ?Print@CDDDTA@@AAEXPAUHDC__@@PAUPrimitiveStruct@@@Z 1000f970 f   dddta.obj
 0001:0000eaa0       ?RestoreAllSharedTAMem@CDDDTA@@AAEXXZ 1000faa0 f   dddta.obj
 0001:0000eb20       ?SendTextToSpring@CDDDTA@@QAEXPBD@Z 1000fb20 f   dddta.obj
 0001:0000eb80       ?WriteExplosion@CDDDTA@@AAEXXZ 1000fb80 f   dddta.obj
 0001:0000ee50       ?WriteProjectiles@CDDDTA@@AAEXXZ 1000fe50 f   dddta.obj
 0001:0000ef90       ?WriteSmoke@CDDDTA@@AAEXXZ 1000ff90 f   dddta.obj
 0001:0000f100       ?WriteSubPart@CDDDTA@@AAEXPAUSubPart@@PAUPrimitiveStruct@@@Z 10010100 f   dddta.obj
 0001:0000f1c0       ?WriteUnits@CDDDTA@@AAEXXZ 100101c0 f   dddta.obj
 0001:0000f370       ?_Growmap@?$deque@UTAShareMemStruct@CDDDTA@@V?$allocator@UTAShareMemStruct@CDDDTA@@@std@@@std@@AAEXI@Z 10010370 f i dddta.obj
 0001:0000f510       ?_Tidy@?$deque@UTAShareMemStruct@CDDDTA@@V?$allocator@UTAShareMemStruct@CDDDTA@@@std@@@std@@AAEXXZ 10010510 f i dddta.obj
 0001:0000f5a0       ?_Xlen@?$deque@UTAShareMemStruct@CDDDTA@@V?$allocator@UTAShareMemStruct@CDDDTA@@@std@@@std@@ABEXXZ 100105a0 f i dddta.obj
 0001:0000f5b0       ??0CBookmarks@@QAE@XZ      100105b0 f   bookmarks.obj
 0001:0000f5c0       ??1CBookmarks@@QAE@XZ      100105c0 f   bookmarks.obj
 0001:0000f5d0       ?Blit@CBookmarks@@QAEXPAUIDirectDrawSurface@@@Z 100105d0 f   bookmarks.obj
 0001:0000f5e0       ?Message@CBookmarks@@QAE_NPAUHWND__@@IIJ@Z 100105e0 f   bookmarks.obj
 0001:0000f5f0       ??0CChangeQueue@@QAE@XZ    100105f0 f   changequeue.obj
 0001:0000f610       ??1CChangeQueue@@QAE@XZ    10010610 f   changequeue.obj
 0001:0000f620       ?Blit@CChangeQueue@@QAEXPAUIDirectDrawSurface@@@Z 10010620 f   changequeue.obj
 0001:0000f630       ?Message@CChangeQueue@@QAE_NPAUHWND__@@IIJ@Z 10010630 f   changequeue.obj
 0001:0000f6d0       ?Write@@YGXPAUHWND__@@@Z   100106d0 f   changequeue.obj
 0001:0000f720       ??$_Integral_to_string@DH@std@@YG?AV?$basic_string@DU?$char_traits@D@std@@V?$allocator@D@2@@0@H@Z 10010720 f i cinomce.obj
 0001:0000f790       ??$_UIntegral_to_buff@DI@std@@YGPADPADI@Z 10010790 f i cinomce.obj
 0001:0000f7d0       ??$sprintf_s@$0GE@@@YAHAAY0GE@DPBDZZ 100107d0 f i cinomce.obj
 0001:0000f800       ??0CIncome@@QAE@H@Z        10010800 f   cinomce.obj
 0001:0000fae0       ??1?$basic_string@DU?$char_traits@D@std@@V?$allocator@D@2@@std@@QAE@XZ 10010ae0 f i cinomce.obj
 0001:0000fb30       ??1CIncome@@QAE@XZ         10010b30 f   cinomce.obj
 0001:0000fb60       ?BlitIncome@CIncome@@QAEXPAE@Z 10010b60 f   cinomce.obj
 0001:0000fed0       ?CorrectPos@CIncome@@AAEXXZ 10010ed0 f   cinomce.obj
 0001:00010190       ?DrawPlayerRect@CIncome@@AAEXHHD@Z 10011190 f   cinomce.obj
 0001:000101e0       ?DrawStorageText@CIncome@@AAEHMHH@Z 100111e0 f   cinomce.obj
 0001:000102b0       ?DrawTextA@CIncome@@AAEXPADHHD@Z 100112b0 f   cinomce.obj
 0001:000104d0       ?FillRect@CIncome@@AAEXD@Z 100114d0 f   cinomce.obj
 0001:000107a0       ?GetPlayerColor@CIncome@@AAEEH@Z 100117a0 f   cinomce.obj
 0001:000107c0       ?IsShow@CIncome@@QAE_NPAUtagRECT@@@Z 100117c0 f   cinomce.obj
 0001:00010800       ?Message@CIncome@@QAE_NPAUHWND__@@IIJ@Z 10011800 f   cinomce.obj
 0001:00010bc0       ?PaintStoragebar@CIncome@@AAEXHHHH@Z 10011bc0 f   cinomce.obj
 0001:00010d10       ?ReadPos@CIncome@@AAEXXZ   10011d10 f   cinomce.obj
 0001:00010df0       ?Set@CIncome@@QAEXH@Z      10011df0 f   cinomce.obj
 0001:00010e00       ?ShowAllIncome@CIncome@@AAEHXZ 10011e00 f   cinomce.obj
 0001:00010ee0       ?ShowAllyIncome@CIncome@@AAEHXZ 10011ee0 f   cinomce.obj
 0001:00010fd0       ?ShowMyViewIncome@CIncome@@AAEXHH@Z 10011fd0 f   cinomce.obj
 0001:00011200       ?ShowPlayerIncome@CIncome@@AAEXHHH@Z 10012200 f   cinomce.obj
 0001:00011470       ?WritePos@CIncome@@AAEXXZ  10012470 f   cinomce.obj
 0001:00011610       ?_Xlen_string@std@@YGXXZ   10012610 f i cinomce.obj
 0001:00011620       ?allocate@?$allocator@D@std@@QAEPADI@Z 10012620 f i cinomce.obj
 0001:00011680       ?assign@?$basic_string@DU?$char_traits@D@std@@V?$allocator@D@2@@std@@QAEAAV12@QBDI@Z 10012680 f i cinomce.obj
 0001:00011770       ?inRect@CIncome@@AAE_NHH@Z 10012770 f   cinomce.obj
 0001:000119e0       ?to_string@std@@YG?AV?$basic_string@DU?$char_traits@D@std@@V?$allocator@D@2@@1@H@Z 100129e0 f i cinomce.obj
 0001:00011a50       ??0CWarp@@QAE@H@Z          10012a50 f   commanderwarp.obj
 0001:00011ab0       ??1CWarp@@QAE@XZ           10012ab0 f   commanderwarp.obj
 0001:00011b00       ?Blit@CWarp@@QAEXPAUIDirectDrawSurface@@@Z 10012b00 f   commanderwarp.obj
 0001:00011b40       ?BlitBtn@CWarp@@AAEXPAE@Z  10012b40 f   commanderwarp.obj
 0001:00011bf0       ?Message@CWarp@@QAE_NPAUHWND__@@IIJ@Z 10012bf0 f   commanderwarp.obj
 0001:00011d30       ?SetPos@CWarp@@AAEXHH@Z    10012d30 f   commanderwarp.obj
 0001:00011d60       ?WithinButton@CWarp@@AAE_NHH@Z 10012d60 f   commanderwarp.obj
 0001:00011da0       ??0Dialog@@QAE@H@Z         10012da0 f   dialog.obj
 0001:000120f0       ??1Dialog@@QAE@XZ          100130f0 f   dialog.obj
 0001:00012100       ?BlitCursor@Dialog@@QAEXPAEHH@Z 10013100 f   dialog.obj
 0001:000121e0       ?BlitDialog@Dialog@@QAEXPAE@Z 100131e0 f   dialog.obj
 0001:00012380       ?CorrectPos@Dialog@@AAEXXZ 10013380 f   dialog.obj
 0001:000123d0       ?DrawBackgroundButton@Dialog@@AAEXXZ 100133d0 f   dialog.obj
 0001:000124a0       ?DrawDelay@Dialog@@AAEXXZ  100134a0 f   dialog.obj
 0001:00012550       ?DrawFullRings@Dialog@@AAEXXZ 10013550 f   dialog.obj
 0001:000126d0       ?DrawKeyCode@Dialog@@AAEXXZ 100136d0 f   dialog.obj
 0001:00012790       ?DrawMegaMapKey@Dialog@@AAEXXZ 10013790 f   dialog.obj
 0001:00012810       ?DrawOptimizeDT@Dialog@@AAEXXZ 10013810 f   dialog.obj
 0001:00012990       ?DrawShareBox@Dialog@@AAEXXZ 10013990 f   dialog.obj
 0001:00012b80       ?DrawSmallText@Dialog@@QAEXPAEHHPAD@Z 10013b80 f   dialog.obj
 0001:00012fb0       ?DrawTextA@Dialog@@QAEXPAEHHPAD@Z 10013fb0 f   dialog.obj
 0001:000133e0       ?DrawTinyText@Dialog@@AAEXPADHHD@Z 100143e0 f   dialog.obj
 0001:000136d0       ?DrawVSync@Dialog@@AAEXXZ  100146d0 f   dialog.obj
 0001:00013780       ?DrawVisibleButton@Dialog@@AAEXXZ 10014780 f   dialog.obj
 0001:000137c0       ?DrawWhiteboardKey@Dialog@@AAEXXZ 100147c0 f   dialog.obj
 0001:00013840       ?EnterOption@@YGHPAUtagInlineX86StackBuffer@@@Z 10014840 f   dialog.obj
 0001:00013860       ?FillRect@Dialog@@AAEXHHHHD@Z 10014860 f   dialog.obj
 0001:00013920       ?HideDialog@Dialog@@QAEXXZ 10014920 f   dialog.obj
 0001:00013940       ?Inside@Dialog@@AAE_NHHH@Z 10014940 f   dialog.obj
 0001:00013a90       ?IsShow@Dialog@@QAE_NPAUtagRECT@@@Z 10014a90 f   dialog.obj
 0001:00013ad0       ?Message@Dialog@@QAE_NPAUHWND__@@IIJ@Z 10014ad0 f   dialog.obj
 0001:00014410       ?PressInOption@@YGHPAUtagInlineX86StackBuffer@@@Z 10015410 f   dialog.obj
 0001:00014440       ?ReadPos@Dialog@@AAEXXZ    10015440 f   dialog.obj
 0001:000144c0       ?ReadSettings@Dialog@@QAEXXZ 100154c0 f   dialog.obj
 0001:00014610       ?RenderDialog@Dialog@@QAEXPAE@Z 10015610 f   dialog.obj
 0001:00014d50       ?RestoreAll@Dialog@@QAEXXZ 10015d50 f   dialog.obj
 0001:00014e30       ?RestoreCursor@Dialog@@AAEXXZ 10015e30 f   dialog.obj
 0001:00014f30       ?SetAll@Dialog@@QAEXXZ     10015f30 f   dialog.obj
 0001:00014fe0       ?SetVisibleList@Dialog@@AAEXXZ 10015fe0 f   dialog.obj
 0001:00014ff0       ?ShowDialog@Dialog@@QAEXXZ 10015ff0 f   dialog.obj
 0001:00015070       ?WritePos@Dialog@@AAEXXZ   10016070 f   dialog.obj
 0001:00015080       ?WriteSettings@Dialog@@AAEXXZ 10016080 f   dialog.obj
 0001:00015090       ??0CMapRect@@QAE@H@Z       10016090 f   maprect.obj
 0001:00015490       ??1CMapRect@@QAE@XZ        10016490 f   maprect.obj
 0001:000154d0       ?Blit@CMapRect@@QAEXPAUIDirectDrawSurface@@@Z 100164d0 f   maprect.obj
 0001:00015690       ?GetMapMaxX@CMapRect@@AAEHXZ 10016690 f   maprect.obj
 0001:000156a0       ?GetMapMaxY@CMapRect@@AAEHXZ 100166a0 f   maprect.obj
 0001:000156b0       ?LockBlit@CMapRect@@QAEXPADH@Z 100166b0 f   maprect.obj
 0001:00015940       ?PaintRect@CMapRect@@AAEXXZ 10016940 f   maprect.obj
 0001:00015a50       ?WorldToMiniX@CMapRect@@QAEHH@Z 10016a50 f   maprect.obj
 0001:00015a90       ?WorldToMiniY@CMapRect@@QAEHH@Z 10016a90 f   maprect.obj
 0001:00015ad0       ??0CMinimapHandler@@QAE@XZ 10016ad0 f   MinimapHandler.obj
 0001:00015af0       ??1CMinimapHandler@@UAE@XZ 10016af0 f   MinimapHandler.obj
 0001:00015b00       ??_ECMinimapHandler@@UAEPAXI@Z 10016b00 f i MinimapHandler.obj
 0001:00015b00       ??_GCMinimapHandler@@UAEPAXI@Z 10016b00 f i MinimapHandler.obj
 0001:00015b30       ?DeinitMinimap@CMinimapHandler@@QAEXXZ 10016b30 f   MinimapHandler.obj
 0001:00015b60       ?FrameUpdate@CMinimapHandler@@QAEXXZ 10016b60 f   MinimapHandler.obj
 0001:00015bd0       ?InitMinimap@CMinimapHandler@@QAEXPAUSharedMem@@@Z 10016bd0 f   MinimapHandler.obj
 0001:00015c70       ??0ShareDialogExpand@@QAE@H@Z 10016c70 f   sharedialog.obj
 0001:00015d50       ??1ShareDialogExpand@@QAE@XZ 10016d50 f   sharedialog.obj
 0001:00015d90       ?EnergyPosProc@@YGXPAU_GUIInfo@@H@Z 10016d90 f   sharedialog.obj
 0001:00015e60       ?GameSpeedPosProc@@YGXPAU_GUIInfo@@H@Z 10016e60 f   sharedialog.obj
 0001:00015eb0       ?MetalPosProc@@YGXPAU_GUIInfo@@H@Z 10016eb0 f   sharedialog.obj
 0001:00015f80       ?ShareDialogInit@@YGHPAUtagInlineX86StackBuffer@@@Z 10016f80 f   sharedialog.obj
 0001:00016300       ?ShareDialogProc@@YGHPAUtagInlineX86StackBuffer@@@Z 10017300 f   sharedialog.obj
 0001:00016510       ??0TABugFixing@@QAE@XZ     10017510 f   TABugFix.obj
 0001:000168c0       ??1TABugFixing@@QAE@XZ     100178c0 f   TABugFix.obj
 0001:00016a40       ?AntiCheat@TABugFixing@@QAEHXZ 10017a40 f   TABugFix.obj
 0001:00016a70       ?BadModelHunter@@YGHPAUtagInlineX86StackBuffer@@@Z 10017a70 f   TABugFix.obj
 0001:00016d80       ?CDMusic_MenuProc@@YGHPAUtagInlineX86StackBuffer@@@Z 10017d80 f   TABugFix.obj
 0001:00016da0       ?CDMusic_VictoryProc@@YGHPAUtagInlineX86StackBuffer@@@Z 10017da0 f   TABugFix.obj
 0001:00016db0       ?EnterProc@@YGHPAUtagInlineX86StackBuffer@@@Z 10017db0 f   TABugFix.obj
 0001:00016dd0       ?LeaveProc@@YGHPAUtagInlineX86StackBuffer@@@Z 10017dd0 f   TABugFix.obj
 0001:00016df0       ?LogToErrorlog@@YGXPAD@Z   10017df0 f   TABugFix.obj
 0001:00016e60       ?Message@TABugFixing@@QAE_NPAUHWND__@@IIJ@Z 10017e60 f   TABugFix.obj
 0001:00016e70       ?UnitDeath_BeforeUpdateUI_Proc@@YGHPAUtagInlineX86StackBuffer@@@Z 10017e70 f   TABugFix.obj
 0001:00016e90       ?UnitIDOutRange_Proc@@YGHPAUtagInlineX86StackBuffer@@@Z 10017e90 f   TABugFix.obj
 0001:00016ec0       ?UnitVolumeYequZero_Proc@@YGHPAUtagInlineX86StackBuffer@@@Z 10017ec0 f   TABugFix.obj
 0001:00016ee0       ?VectoredHandler@@YGJPAU_EXCEPTION_POINTERS@@@Z 10017ee0 f   TABugFix.obj
 0001:00016ef0       ?resume_EHA@@YGKPAX@Z      10017ef0 f   TABugFix.obj
 0001:00016f10       ??$_Copy_memmove@PAPAVRegDword@@PAPAV1@@std@@YGPAPAVRegDword@@PAPAV1@00@Z 10017f10 f i TAConfig.obj
 0001:00016f40       ??$_Copy_memmove@PAPAVRegString@@PAPAV1@@std@@YGPAPAVRegString@@PAPAV1@00@Z 10017f40 f i TAConfig.obj
 0001:00016f70       ??$_Emplace_reallocate@ABQAVRegDword@@@?$vector@PAVRegDword@@V?$allocator@PAVRegDword@@@std@@@std@@AAEPAPAVRegDword@@QAPAV2@ABQAV2@@Z 10017f70 f i TAConfig.obj
 0001:000170d0       ??$_Emplace_reallocate@ABQAVRegString@@@?$vector@PAVRegString@@V?$allocator@PAVRegString@@@std@@@std@@AAEPAPAVRegString@@QAPAV2@ABQAV2@@Z 100180d0 f i TAConfig.obj
 0001:00017230       ??0CAtlException@ATL@@QAE@J@Z 10018230 f i TAConfig.obj
 0001:00017240       ??0RegDword@@QAE@PADHK@Z   10018240 f   TAConfig.obj
 0001:00017290       ??0RegString@@QAE@PADH0H@Z 10018290 f   TAConfig.obj
 0001:00017300       ??0TADRConfig@@QAE@XZ      10018300 f   TAConfig.obj
 0001:000175c0       ??1?$vector@PAVRegDword@@V?$allocator@PAVRegDword@@@std@@@std@@QAE@XZ 100185c0 f i TAConfig.obj
 0001:00017620       ??1?$vector@PAVRegString@@V?$allocator@PAVRegString@@@std@@@std@@QAE@XZ 10018620 f i TAConfig.obj
 0001:00017680       ??1RegDword@@QAE@XZ        10018680 f   TAConfig.obj
 0001:000176a0       ??1RegString@@QAE@XZ       100186a0 f   TAConfig.obj
 0001:000176d0       ??1TADRConfig@@QAE@XZ      100186d0 f   TAConfig.obj
 0001:00017840       ?AtlCrtErrorCheck@ATL@@YGHH@Z 10018840 f i TAConfig.obj
 0001:000178f0       ?AtlThrowImpl@ATL@@YGXJ@Z  100188f0 f i TAConfig.obj
 0001:00017910       ?EnumIniRegInfo_Begin@TADRConfig@@QAEHPAPAU_EnumRegInfo@@PAPBDPAPBX@Z 10018910 f   TAConfig.obj
 0001:00017970       ?EnumIniRegInfo_End@TADRConfig@@QAEHPAPAU_EnumRegInfo@@@Z 10018970 f   TAConfig.obj
 0001:000179b0       ?EnumIniRegInfo_Next@TADRConfig@@QAEHPAPAU_EnumRegInfo@@PAPBDPAPBX@Z 100189b0 f   TAConfig.obj
 0001:00017a20       ?FindRegDword@TADRConfig@@QAEKPADK@Z 10018a20 f   TAConfig.obj
 0001:00017b10       ?FindRegStr@TADRConfig@@QAEPBDPADPBD@Z 10018b10 f   TAConfig.obj
 0001:00017c00       ?GetIniBool@TADRConfig@@QAEHPBDH@Z 10018c00 f   TAConfig.obj
 0001:00017c70       ?GetIniCrc@TADRConfig@@QAEIXZ 10018c70 f   TAConfig.obj
 0001:00017c80       ?GetIniInt@TADRConfig@@QAEHPBDH@Z 10018c80 f   TAConfig.obj
 0001:00017ca0       ?GetIniStr@TADRConfig@@QAEHPBDPADK1@Z 10018ca0 f   TAConfig.obj
 0001:00017cf0       ?LoadIniRegSetting@TADRConfig@@AAEXPAE@Z 10018cf0 f   TAConfig.obj
 0001:00018170       ?Name@RegDword@@QAEPBDXZ   10019170 f   TAConfig.obj
 0001:00018180       ?Name@RegString@@QAEPBDXZ  10019180 f   TAConfig.obj
 0001:00018190       ?ReadTAReg_Dword@TADRConfig@@QAEJPADPAK@Z 10019190 f   TAConfig.obj
 0001:000181c0       ?ReadTAReg_Str@TADRConfig@@QAEJPADPBDK@Z 100191c0 f   TAConfig.obj
 0001:000181f0       ?SetIniBool@TADRConfig@@QAEHPBDH@Z 100191f0 f   TAConfig.obj
 0001:00018280       ?Str@RegString@@QAEPBDXZ   10019280 f   TAConfig.obj
 0001:00018290       ?TARegPath_HKEY@TADRConfig@@AAEPAUHKEY__@@XZ 10019290 f   TAConfig.obj
 0001:000182f0       ?Value@RegDword@@QAEKXZ    100192f0 f   TAConfig.obj
 0001:00018300       ?WriteTAReg_Dword@TADRConfig@@QAEJPADK@Z 10019300 f   TAConfig.obj
 0001:00018330       ?WriteTAReg_Str@TADRConfig@@QAEJPADPBDK@Z 10019330 f   TAConfig.obj
 0001:00018360       ?_Xlength@?$vector@PAVRegDword@@V?$allocator@PAVRegDword@@@std@@@std@@CGXXZ 10019360 f i TAConfig.obj
 0001:00018370       ?_Xlength@?$vector@PAVRegString@@V?$allocator@PAVRegString@@@std@@@std@@CGXXZ 10019370 f i TAConfig.obj
 0001:00018380       ??0?$basic_string@DU?$char_traits@D@std@@V?$allocator@D@2@@std@@QAE@XZ 10019380 f i tahook.obj
 0001:000183a0       ??0CTAHook@@QAE@H@Z        100193a0 f   tahook.obj
 0001:00018580       ??1CTAHook@@QAE@XZ         10019580 f   tahook.obj
 0001:000185d0       ?Blit@CTAHook@@QAEXPAUIDirectDrawSurface@@@Z 100195d0 f   tahook.obj
 0001:000185e0       ?CalculateLine@CTAHook@@AAEXXZ 100195e0 f   tahook.obj
 0001:000187f0       ?CalculateRing@CTAHook@@AAEXHHHH@Z 100197f0 f   tahook.obj
 0001:00018b80       ?CalculateRing@CTAHook@@AAEXXZ 10019b80 f   tahook.obj
 0001:00018be0       ?ClickBuilding@CTAHook@@AAEXHH@Z 10019be0 f   tahook.obj
 0001:00018c50       ?DisableTABuildRect@CTAHook@@AAEXXZ 10019c50 f   tahook.obj
 0001:00018c80       ?DrawBuildRect@CTAHook@@AAEXHHHHH@Z 10019c80 f   tahook.obj
 0001:00018dc0       ?EnableTABuildRect@CTAHook@@AAEXXZ 10019dc0 f   tahook.obj
 0001:00018df0       ?GetFootX@CTAHook@@AAEFXZ  10019df0 f   tahook.obj
 0001:00018e10       ?GetFootY@CTAHook@@AAEFXZ  10019e10 f   tahook.obj
 0001:00018e30       ?IsLineBuilding@CTAHook@@QAEHXZ 10019e30 f   tahook.obj
 0001:00018e50       ?Message@CTAHook@@QAE_NPAUHWND__@@IIJ@Z 10019e50 f   tahook.obj
 0001:00019430       ?OptimizeDTRows@CTAHook@@AAEXXZ 1001a430 f   tahook.obj
 0001:000196b0       ?PaintMinimapRect@CTAHook@@AAEXXZ 1001a6b0 f   tahook.obj
 0001:000196d0       ?Set@CTAHook@@QAEXHPAD_N1H@Z 1001a6d0 f   tahook.obj
 0001:00019710       ?TABlit@CTAHook@@QAEXXZ    1001a710 f   tahook.obj
 0001:000197d0       ?UpdateSpacing@CTAHook@@AAEXXZ 1001a7d0 f   tahook.obj
 0001:00019800       ?VisualizeRow@CTAHook@@AAEXXZ 1001a800 f   tahook.obj
 0001:00019a40       ?VisualizeRow_ForME_megamap@CTAHook@@QAEXPAU_OFFSCREEN@@@Z 1001aa40 f   tahook.obj
 0001:00019b30       ?WriteDTLine@CTAHook@@AAEXXZ 1001ab30 f   tahook.obj
 0001:00019bf0       ?WriteScrollDTLine@CTAHook@@AAEXXZ 1001abf0 f   tahook.obj
 0001:00019c00       ?WriteShareMacro@CTAHook@@QAEXXZ 1001ac00 f   tahook.obj
 0001:0001a200       ?_Xran@?$_String_val@U?$_Simple_types@D@std@@@std@@SGXXZ 1001b200 f i tahook.obj
 0001:0001a210       ?insert@?$basic_string@DU?$char_traits@D@std@@V?$allocator@D@2@@std@@QAEAAV12@IQBDI@Z 1001b210 f i tahook.obj
 0001:0001a3f0       ??$_Copy_memmove@PAPADPAPAD@std@@YGPAPADPAPAD00@Z 1001b3f0 f i UnicodeSupport.obj
 0001:0001a420       ??$_Emplace_reallocate@PAD@?$vector@PADV?$allocator@PAD@std@@@std@@AAEPAPADQAPAD$$QAPAD@Z 1001b420 f i UnicodeSupport.obj
 0001:0001a580       ??0UnicodeSupport@@QAE@H@Z 1001b580 f   UnicodeSupport.obj
 0001:0001a6e0       ??0UnicodeSupport@@QAE@PBDKKH@Z 1001b6e0 f   UnicodeSupport.obj
 0001:0001ab20       ??1?$vector@PADV?$allocator@PAD@std@@@std@@QAE@XZ 1001bb20 f i UnicodeSupport.obj
 0001:0001ab80       ??1UnicodeSupport@@QAE@XZ  1001bb80 f   UnicodeSupport.obj
 0001:0001ad30       ?Blt@UnicodeSupport@@QAE_NPAUIDirectDrawSurface@@@Z 1001bd30 f   UnicodeSupport.obj
 0001:0001ae90       ?Blt_BottomState0_Text@@YGHPAUtagInlineX86StackBuffer@@@Z 1001be90 f   UnicodeSupport.obj
 0001:0001af70       ?Blt_BottomState1_Text@@YGHPAUtagInlineX86StackBuffer@@@Z 1001bf70 f   UnicodeSupport.obj
 0001:0001b050       ?CopyToContextScreenMem@@YGXPAU_OFFSCREEN@@PAUtagSpecScreenSurface@@@Z 1001c050 f   UnicodeSupport.obj
 0001:0001b0e0       ?CopyToSpecSurfaceMem@@YGXPAUtagSpecScreenSurface@@PAU_OFFSCREEN@@@Z 1001c0e0 f   UnicodeSupport.obj
 0001:0001b170       ?CreateSurfaceFromContextScreen@UnicodeSupport@@QAEPAUIDirectDrawSurface@@PAU_OFFSCREEN@@PAUIDirectDraw@@PAPAU2@@Z 1001c170 f   UnicodeSupport.obj
 0001:0001b1f0       ?DBSC2rdByte@@YGHPAUtagInlineX86StackBuffer@@@Z 1001c1f0 f   UnicodeSupport.obj
 0001:0001b280       ?DrawALine_Ime@UnicodeSupport@@AAEXPAUHDC__@@PADPAH2@Z 1001c280 f   UnicodeSupport.obj
 0001:0001b2f0       ?DrawSeparator@UnicodeSupport@@AAEHPAUHDC__@@HPAH1PAUHBRUSH__@@@Z 1001c2f0 f   UnicodeSupport.obj
 0001:0001b330       ?FreeSpecScreenSurface@UnicodeSupport@@AAEXPAUtagSpecScreenSurface@@@Z 1001c330 f   UnicodeSupport.obj
 0001:0001b3d0       ?GetSpecScreenSurface@UnicodeSupport@@AAEPAUtagSpecScreenSurface@@PAU_OFFSCREEN@@@Z 1001c3d0 f   UnicodeSupport.obj
 0001:0001b540       ?GetStrExtent@@YGHPAUtagInlineX86StackBuffer@@@Z 1001c540 f   UnicodeSupport.obj
 0001:0001b580       ?GetTextExtent_AssignCharLen@@YGHPAUtagInlineX86StackBuffer@@@Z 1001c580 f   UnicodeSupport.obj
 0001:0001b5d0       ?IsIDDrawLost@UnicodeSupport@@AAEHXZ 1001c5d0 f   UnicodeSupport.obj
 0001:0001b5f0       ?Message@UnicodeSupport@@QAE_NPAUHWND__@@IIJ@Z 1001c5f0 f   UnicodeSupport.obj
 0001:0001ba00       ?NewSpecScreenSurface@UnicodeSupport@@AAEPAUtagSpecScreenSurface@@PAU_OFFSCREEN@@@Z 1001ca00 f   UnicodeSupport.obj
 0001:0001bb10       ?PopadState@@YGHPAUtagInlineX86StackBuffer@@@Z 1001cb10 f   UnicodeSupport.obj
 0001:0001bba0       ?ReleaseCandidateList@UnicodeSupport@@AAEXXZ 1001cba0 f   UnicodeSupport.obj
 0001:0001bc00       ?RestoreLocalSurf@UnicodeSupport@@AAEXH@Z 1001cc00 f   UnicodeSupport.obj
 0001:0001bca0       ?SendStr@UnicodeSupport@@AAEXPAD@Z 1001cca0 f   UnicodeSupport.obj
 0001:0001bce0       ?Set@UnicodeSupport@@QAEXH@Z 1001cce0 f   UnicodeSupport.obj
 0001:0001bcf0       ?SetHDCFont@UnicodeSupport@@AAEXPAUHDC__@@PAUHFONT__@@@Z 1001ccf0 f   UnicodeSupport.obj
 0001:0001bd20       ?USDrawTextInScreen_HookRouter@@YGHPAUtagInlineX86StackBuffer@@@Z 1001cd20 f   UnicodeSupport.obj
 0001:0001be00       ?UnicodeDrawTextA@UnicodeSupport@@QAEHPAU_OFFSCREEN@@PADPAUIDirectDraw@@HH@Z 1001ce00 f   UnicodeSupport.obj
 0001:0001bfe0       ?UpdateImeFrame@UnicodeSupport@@AAE_NXZ 1001cfe0 f   UnicodeSupport.obj
 0001:0001c1f0       ?UpdateImeInput@UnicodeSupport@@AAE_NXZ 1001d1f0 f   UnicodeSupport.obj
 0001:0001c3b0       ?_Xlength@?$vector@PADV?$allocator@PAD@std@@@std@@CGXXZ 1001d3b0 f i UnicodeSupport.obj
 0001:0001c3c0       ?freelpImeSurface@UnicodeSupport@@AAEXXZ 1001d3c0 f   UnicodeSupport.obj
 0001:0001c420       ?myDeleteChar@@YGHPAUtagInlineX86StackBuffer@@@Z 1001d420 f   UnicodeSupport.obj
 0001:0001c4c0       ?myValidChar@@YGHPAUtagInlineX86StackBuffer@@@Z 1001d4c0 f   UnicodeSupport.obj
 0001:0001c640       ??0IncreaseAISearchMapEntriesLimit@@QAE@K@Z 1001d640 f   LimitCrack.obj
 0001:0001c6c0       ??0IncreaseAISearchMapEntriesLimit@@QAE@XZ 1001d6c0 f   LimitCrack.obj
 0001:0001c740       ??0IncreaseCompositeBuf@@QAE@KK@Z 1001d740 f   LimitCrack.obj
 0001:0001c760       ??0IncreaseCompositeBuf@@QAE@XZ 1001d760 f   LimitCrack.obj
 0001:0001c800       ??0IncreaseSfxLimit@@QAE@K@Z 1001d800 f   LimitCrack.obj
 0001:0001c820       ??0IncreaseSfxLimit@@QAE@XZ 1001d820 f   LimitCrack.obj
 0001:0001c840       ??0IncreaseUnitTypeLimit@@QAE@H@Z 1001d840 f   LimitCrack.obj
 0001:0001c860       ??0IncreaseUnitTypeLimit@@QAE@XZ 1001d860 f   LimitCrack.obj
 0001:0001c880       ??0IncreaseWeaponTypeLimit@@QAE@K@Z 1001d880 f   LimitCrack.obj
 0001:0001c8a0       ??0IncreaseWeaponTypeLimit@@QAE@XZ 1001d8a0 f   LimitCrack.obj
 0001:0001c8c0       ??0LimitCrack@@QAE@XZ      1001d8c0 f   LimitCrack.obj
 0001:0001cc80       ??0UnitLimit@@QAE@K@Z      1001dc80 f   LimitCrack.obj
 0001:0001cde0       ??0UnitLimit@@QAE@XZ       1001dde0 f   LimitCrack.obj
 0001:0001ce00       ??1IncreaseAISearchMapEntriesLimit@@QAE@XZ 1001de00 f   LimitCrack.obj
 0001:0001ce30       ??1IncreaseCompositeBuf@@QAE@XZ 1001de30 f   LimitCrack.obj
 0001:0001ce50       ??1IncreaseSfxLimit@@QAE@XZ 1001de50 f   LimitCrack.obj
 0001:0001ceb0       ??1IncreaseUnitTypeLimit@@QAE@XZ 1001deb0 f   LimitCrack.obj
 0001:0001cfd0       ??1IncreaseWeaponTypeLimit@@QAE@XZ 1001dfd0 f   LimitCrack.obj
 0001:0001d0c0       ??1LimitCrack@@QAE@XZ      1001e0c0 f   LimitCrack.obj
 0001:0001d2d0       ??1UnitLimit@@QAE@XZ       1001e2d0 f   LimitCrack.obj
 0001:0001d360       ??_GIncreaseUnitTypeLimit@@QAEPAXI@Z 1001e360 f i LimitCrack.obj
 0001:0001d4a0       ?NewLimit@IncreaseWeaponTypeLimit@@AAEXK@Z 1001e4a0 f   LimitCrack.obj
 0001:0001d760       ?NewUnitLimit@UnitLimit@@AAEXK@Z 1001e760 f   LimitCrack.obj
 0001:0001d8a0       ?SetNewLimit@IncreaseSfxLimit@@AAEXKK@Z 1001e8a0 f   LimitCrack.obj
 0001:0001d9a0       ?Sfx_mallocBufSizeRouter@@YGHPAUtagInlineX86StackBuffer@@@Z 1001e9a0 f   LimitCrack.obj
 0001:0001d9c0       ?WeaponType_IdLimit@IncreaseWeaponTypeLimit@@AAEXXZ 1001e9c0 f   LimitCrack.obj
 0001:0001da90       ?WriteNewLimit@IncreaseCompositeBuf@@AAEXKK@Z 1001ea90 f   LimitCrack.obj
 0001:0001db30       ?WriteNewLimit@IncreaseUnitTypeLimit@@AAEXK@Z 1001eb30 f   LimitCrack.obj
 0001:0001df40       ?WriteWeaponAryLen@IncreaseWeaponTypeLimit@@AAEKK@Z 1001ef40 f   LimitCrack.obj
 0001:0001dfd0       ?WriteWeaponAryPtr@IncreaseWeaponTypeLimit@@AAEPAXPAPAX@Z 1001efd0 f   LimitCrack.obj
 0001:0001e0b0       ??0UnitsMinimap@@QAE@PAVFullScreenMinimap@@HHHHHHHHHHHHHHHHPAH@Z 1001f0b0 f   UnitMinimap.obj
 0001:0001e130       ??0UnitsMinimap@@QAE@PAVFullScreenMinimap@@HHHHHHHHHHHHHHPAH@Z 1001f130 f   UnitMinimap.obj
 0001:0001e1b0       ??1UnitsMinimap@@QAE@XZ    1001f1b0 f   UnitMinimap.obj
 0001:0001e1f0       ?DrawUnit@UnitsMinimap@@AAEXPAEPAUtagPOINT@@PAUUnitStruct@@@Z 1001f1f0 f   UnitMinimap.obj
 0001:0001ea20       ?FreeUnitPicture@UnitsMinimap@@QAEXXZ 1001fa20 f   UnitMinimap.obj
 0001:0001ec00       ?GetSurface@UnitsMinimap@@QAEPAEXZ 1001fc00 f   UnitMinimap.obj
 0001:0001ec10       ?GetTransparentColor@UnitsMinimap@@QAEHXZ 1001fc10 f   UnitMinimap.obj
 0001:0001ec20       ?Init@UnitsMinimap@@QAEXHHHHHHHHHHHHHHPAH@Z 1001fc20 f   UnitMinimap.obj
 0001:0001efd0       ?InitHoverPicturePlayerColors@UnitsMinimap@@AAEXHHHHPAPAPAE@Z 1001ffd0 f   UnitMinimap.obj
 0001:0001f130       ?InitPicturePlayerColors@UnitsMinimap@@AAEXHHPAPAPAE@Z 10020130 f   UnitMinimap.obj
 0001:0001f280       ?InitSurface@UnitsMinimap@@QAEPAEPAUIDirectDraw@@H@Z 10020280 f   UnitMinimap.obj
 0001:0001f2e0       ?InitUnSelectedPicturePlayerColors@UnitsMinimap@@AAEXHHHHPAPAPAE@Z 100202e0 f   UnitMinimap.obj
 0001:0001f440       ?LoadUnitPicture@UnitsMinimap@@QAEXXZ 10020440 f   UnitMinimap.obj
 0001:00020200       ?LockOn@UnitsMinimap@@QAEPAEPAPAEPAUtagPOINT@@@Z 10021200 f   UnitMinimap.obj
 0001:00020230       ?NowDrawUnits@UnitsMinimap@@QAEXPAEPAUtagPOINT@@@Z 10021230 f   UnitMinimap.obj
 0001:00020310       ?NukePicture@UnitsMinimap@@QAEPAEHPAPAEPAUtagPOINT@@@Z 10021310 f   UnitMinimap.obj
 0001:000203c0       ?ReSet@UnitsMinimap@@QAEXHH@Z 100213c0 f   UnitMinimap.obj
 0001:00020400       ?ReleaseSurface@UnitsMinimap@@QAEXXZ 10021400 f   UnitMinimap.obj
 0001:00020420       ?UnitPicture@UnitsMinimap@@QAEPAEPAUUnitStruct@@HPAPAEPAUtagPOINT@@@Z 10021420 f   UnitMinimap.obj
 0001:00020bb0       ?Unlock@UnitsMinimap@@QAEXPAE@Z 10021bb0 f   UnitMinimap.obj
 0001:00020bc0       ??0CUnitRotate@@QAE@XZ     10021bc0 f   unitrotate.obj
 0001:00020bd0       ??1CUnitRotate@@QAE@XZ     10021bd0 f   unitrotate.obj
 0001:00020be0       ?Message@CUnitRotate@@QAE_NPAUHWND__@@IIJ@Z 10021be0 f   unitrotate.obj
 0001:00020d30       ?Rotate@CUnitRotate@@AAEXXZ 10021d30 f   unitrotate.obj
 0001:00020e60       ?SetMem@CUnitRotate@@AAEXXZ 10021e60 f   unitrotate.obj
 0001:00020ea0       ??$_Copy_memmove@PAPAPAVGraphicElement@@PAPAPAV1@@std@@YGPAPAPAVGraphicElement@@PAPAPAV1@00@Z 10021ea0 f i whiteboard.obj
 0001:00020ed0       ??$_Copy_memmove@PAPAUMMHS@AlliesWhiteboard@@PAPAU12@@std@@YGPAPAUMMHS@AlliesWhiteboard@@PAPAU12@00@Z 10021ed0 f i whiteboard.obj
 0001:00020f00       ??$_Uninitialized_value_construct_n_unchecked1@PAPAPAVGraphicElement@@I@std@@YGPAPAPAVGraphicElement@@PAPAPAV1@I@Z 10021f00 f i whiteboard.obj
 0001:00020f30       ??$_Uninitialized_value_construct_n_unchecked1@PAPAUMMHS@AlliesWhiteboard@@I@std@@YGPAPAUMMHS@AlliesWhiteboard@@PAPAU12@I@Z 10021f30 f i whiteboard.obj
 0001:00020f60       ??$_Zero_range@PAPAPAVGraphicElement@@@std@@YGPAPAPAVGraphicElement@@QAPAPAV1@0@Z 10021f60 f i whiteboard.obj
 0001:00020f80       ??$_Zero_range@PAPAUMMHS@AlliesWhiteboard@@@std@@YGPAPAUMMHS@AlliesWhiteboard@@QAPAU12@0@Z 10021f80 f i whiteboard.obj
 0001:00020fa0       ??$uninitialized_copy@PAPAPAVGraphicElement@@PAPAPAV1@@std@@YGPAPAPAVGraphicElement@@QAPAPAV1@0PAPAPAV1@@Z 10021fa0 f i whiteboard.obj
 0001:00020fd0       ??$uninitialized_copy@PAPAUMMHS@AlliesWhiteboard@@PAPAU12@@std@@YGPAPAUMMHS@AlliesWhiteboard@@QAPAU12@0PAPAU12@@Z 10021fd0 f i whiteboard.obj
 0001:00021000       ??0AlliesWhiteboard@@QAE@H@Z 10022000 f   whiteboard.obj
 0001:00021430       ??0GraphicText@@QAE@HHPADD@Z 10022430 f i whiteboard.obj
 0001:000214c0       ??1?$deque@PAVGraphicElement@@V?$allocator@PAVGraphicElement@@@std@@@std@@QAE@XZ 100224c0 f i whiteboard.obj
 0001:00021560       ??1?$deque@UMMHS@AlliesWhiteboard@@V?$allocator@UMMHS@AlliesWhiteboard@@@std@@@std@@QAE@XZ 10022560 f i whiteboard.obj
 0001:00021580       ??1?$vector@PAVGraphicElement@@V?$allocator@PAVGraphicElement@@@std@@@std@@QAE@XZ 10022580 f i whiteboard.obj
 0001:000215e0       ??1AlliesWhiteboard@@QAE@XZ 100225e0 f   whiteboard.obj
 0001:00021690       ??1GraphicElement@@UAE@XZ  10022690 f i whiteboard.obj
 0001:000216a0       ??1GraphicText@@UAE@XZ     100226a0 f i whiteboard.obj
 0001:000216c0       ??1GraphicTextEdited@@UAE@XZ 100226c0 f i whiteboard.obj
 0001:000216e0       ??_EDeleteGraphic@@UAEPAXI@Z 100226e0 f i whiteboard.obj
 0001:000216e0       ??_GDeleteGraphic@@UAEPAXI@Z 100226e0 f i whiteboard.obj
 0001:00021710       ??_EGraphicElement@@UAEPAXI@Z 10022710 f i whiteboard.obj
 0001:00021710       ??_GGraphicElement@@UAEPAXI@Z 10022710 f i whiteboard.obj
 0001:00021740       ??_EGraphicLine@@UAEPAXI@Z 10022740 f i whiteboard.obj
 0001:00021740       ??_GGraphicLine@@UAEPAXI@Z 10022740 f i whiteboard.obj
 0001:00021770       ??_EGraphicText@@UAEPAXI@Z 10022770 f i whiteboard.obj
 0001:00021770       ??_GGraphicText@@UAEPAXI@Z 10022770 f i whiteboard.obj
 0001:000217b0       ??_EGraphicTextEdited@@UAEPAXI@Z 100227b0 f i whiteboard.obj
 0001:000217b0       ??_GGraphicTextEdited@@UAEPAXI@Z 100227b0 f i whiteboard.obj
 0001:000217f0       ?AddTextMarker@AlliesWhiteboard@@AAEXHHPADD@Z 100227f0 f   whiteboard.obj
 0001:000218f0       ?AddTextMarker@AlliesWhiteboard@@AAEXXZ 100228f0 f   whiteboard.obj
 0001:00021a70       ?Blit@AlliesWhiteboard@@QAEXPAE@Z 10022a70 f   whiteboard.obj
 0001:00021b10       ?Clip_Line@AlliesWhiteboard@@QAEHAAH000@Z 10022b10 f   whiteboard.obj
 0001:000220f0       ?DeleteMarker@AlliesWhiteboard@@AAEXHH@Z 100230f0 f   whiteboard.obj
 0001:00022150       ?Draw@GraphicElement@@UAEXXZ 10023150 f i whiteboard.obj
 0001:00022160       ?Draw@GraphicLine@@UAEXXZ  10023160 f i whiteboard.obj
 0001:00022170       ?Draw@GraphicText@@UAEXXZ  10023170 f i whiteboard.obj
 0001:00022180       ?DrawFreeLine@AlliesWhiteboard@@QAEXHHHHDPADH@Z 10023180 f   whiteboard.obj
 0001:000221c0       ?DrawLine@AlliesWhiteboard@@QAEXHHHHDPADH@Z 100231c0 f   whiteboard.obj
 0001:00022230       ?DrawMarkers@AlliesWhiteboard@@AAEXPAE@Z 10023230 f   whiteboard.obj
 0001:000223b0       ?DrawMinimapMarkers@AlliesWhiteboard@@QAEXPADH_N@Z 100233b0 f   whiteboard.obj
 0001:00022620       ?DrawRotateRect@AlliesWhiteboard@@AAEXHHHPADH@Z 10023620 f   whiteboard.obj
 0001:000228a0       ?DrawTextInput@AlliesWhiteboard@@AAEXPAE@Z 100238a0 f   whiteboard.obj
 0001:00022a60       ?DrawTextMarker@AlliesWhiteboard@@AAEXPAEHHPADD@Z 10023a60 f   whiteboard.obj
 0001:00022cc0       ?Draw_Line@AlliesWhiteboard@@QAEHHHHHEPAEH@Z 10023cc0 f   whiteboard.obj
 0001:00022dc0       ?EchoMarker@AlliesWhiteboard@@AAEXPAD@Z 10023dc0 f   whiteboard.obj
 0001:00022e10       ?EreaseArea@AlliesWhiteboard@@AAEXHH@Z 10023e10 f   whiteboard.obj
 0001:00022e90       ?GenerateLookupTables@AlliesWhiteboard@@AAEXXZ 10023e90 f   whiteboard.obj
 0001:00022f00       ?GetMapX@AlliesWhiteboard@@QAEHXZ 10023f00 f   whiteboard.obj
 0001:00022f10       ?GetMapY@AlliesWhiteboard@@QAEHXZ 10023f10 f   whiteboard.obj
 0001:00022f20       ?GetMarkers@AlliesWhiteboard@@QAEXPAUMarkerArray@@@Z 10023f20 f   whiteboard.obj
 0001:00022ff0       ?GetTextElementAt@AlliesWhiteboard@@AAEPAVGraphicElement@@HHH@Z 10023ff0 f   whiteboard.obj
 0001:00023130       ?InstantScrollTo@AlliesWhiteboard@@QAEXHH@Z 10024130 f   whiteboard.obj
 0001:00023170       ?Line@AlliesWhiteboard@@QAEXHHHHEPADH@Z 10024170 f   whiteboard.obj
 0001:000231e0       ?LockBlit@AlliesWhiteboard@@QAEXPADH@Z 100241e0 f   whiteboard.obj
 0001:00023430       ?Message@AlliesWhiteboard@@QAE_NPAUHWND__@@IIJ@Z 10024430 f   whiteboard.obj
 0001:00023c50       ?MouseMove@AlliesWhiteboard@@AAEXHHHH@Z 10024c50 f   whiteboard.obj
 0001:00023d50       ?ReceiveMarkers@AlliesWhiteboard@@AAEXXZ 10024d50 f   whiteboard.obj
 0001:000240c0       ?RestoreAll@AlliesWhiteboard@@AAEXXZ 100250c0 f   whiteboard.obj
 0001:00024130       ?ScrollToCenter@AlliesWhiteboard@@QAEXHH@Z 10025130 f   whiteboard.obj
 0001:000241b0       ?SendMarkers@AlliesWhiteboard@@AAEXXZ 100251b0 f   whiteboard.obj
 0001:000244e0       ?Set@AlliesWhiteboard@@QAEXH@Z 100254e0 f   whiteboard.obj
 0001:000244f0       ?TextInputChar@AlliesWhiteboard@@AAEXD@Z 100254f0 f   whiteboard.obj
 0001:00024550       ?TextInputKeyDown@AlliesWhiteboard@@AAEXH@Z 10025550 f   whiteboard.obj
 0001:00024810       ?_Growmap@?$deque@PAVGraphicElement@@V?$allocator@PAVGraphicElement@@@std@@@std@@AAEXI@Z 10025810 f i whiteboard.obj
 0001:000249b0       ?_Growmap@?$deque@UMMHS@AlliesWhiteboard@@V?$allocator@UMMHS@AlliesWhiteboard@@@std@@@std@@AAEXI@Z 100259b0 f i whiteboard.obj
 0001:00024b50       ?_Tidy@?$deque@UMMHS@AlliesWhiteboard@@V?$allocator@UMMHS@AlliesWhiteboard@@@std@@@std@@AAEXXZ 10025b50 f i whiteboard.obj
 0001:00024be0       ?_Xlen@?$deque@PAVGraphicElement@@V?$allocator@PAVGraphicElement@@@std@@@std@@ABEXXZ 10025be0 f i whiteboard.obj
 0001:00024bf0       ?_Xlen@?$deque@UMMHS@AlliesWhiteboard@@V?$allocator@UMMHS@AlliesWhiteboard@@@std@@@std@@ABEXXZ 10025bf0 f i whiteboard.obj
 0001:00024c00       ?push_back@?$deque@PAVGraphicElement@@V?$allocator@PAVGraphicElement@@@std@@@std@@QAEX$$QAPAVGraphicElement@@@Z 10025c00 f i whiteboard.obj
 0001:00024c80       ??0PCX@@QAE@XZ             10025c80 f   PCX.obj
 0001:00024cb0       ??1PCX@@QAE@XZ             10025cb0 f   PCX.obj
 0001:00024cf0       ?CopyPalette@PCX@@QAEXPAUtagPALETTEENTRY@@@Z 10025cf0 f   PCX.obj
 0001:00024d30       ?Erase@PCX@@QAEXXZ         10025d30 f   PCX.obj
 0001:00024d60       ?Height@PCX@@QAEJXZ        10025d60 f   PCX.obj
 0001:00024d70       ?Load24@PCX@@QAEHPBD@Z     10025d70 f   PCX.obj
 0001:00024ee0       ?Load@PCX@@QAEHPBDH@Z      10025ee0 f   PCX.obj
 0001:00025140       ?NewBuffer@PCX@@QAEPAEFF@Z 10026140 f   PCX.obj
 0001:000251a0       ?ReadLine24@PCX@@AAEPAEPAEKF@Z 100261a0 f   PCX.obj
 0001:00025220       ?Save@PCX@@QAEHPBD@Z       10026220 f   PCX.obj
 0001:00025490       ?SetBuffer@PCX@@QAEPAEPAE@Z 10026490 f   PCX.obj
 0001:000254c0       ?SetPalette@PCX@@QAEXPAUtagPALETTEENTRY@@@Z 100264c0 f   PCX.obj
 0001:000254f0       ?Width@PCX@@QAEJXZ         100264f0 f   PCX.obj
 0001:00025500       ?WriteLine@PCX@@AAEPAEPAEK@Z 10026500 f   PCX.obj
 0001:000255a0       ?CreateSurfPCXResource@@YGPAUIDirectDrawSurface@@GH@Z 100265a0 f   pcxread.obj
 0001:000256f0       ?PCX2BitMap@@YGXPAEPAUpcx_picture_typ@@J@Z 100266f0 f   pcxread.obj
 0001:000257f0       ?RestoreFromPCX@@YGXGPAUIDirectDrawSurface@@@Z 100267f0 f   pcxread.obj
 0001:000258f0       ?RestoreFromPCXFile@@YGXPADPAUIDirectDrawSurface@@@Z 100268f0 f   pcxread.obj
 0001:00025a20       _CalcCRC@8                 10026a20 f   etc.obj
 0001:00025a80       _GetMinValidLenWithMatchOpcode@8 10026a80 f   etc.obj
 0001:00025c00       _GetOpCodeSize@4           10026c00 f   etc.obj
 0001:00025d60       _MemWriteWithBackup@16     10026d60 f   etc.obj
 0001:00025e30       _RegReadData@24            10026e30 f   etc.obj
 0001:00025ea0       _RegReadDword@16           10026ea0 f   etc.obj
 0001:00025f20       _RegReadStr@20             10026f20 f   etc.obj
 0001:00025fa0       _RegWriteData@24           10026fa0 f   etc.obj
 0001:00026010       _RegWriteDword@16          10027010 f   etc.obj
 0001:00026080       _RegWriteStr@20            10027080 f   etc.obj
 0001:000260f0       _X86RedirectOpcodeToNewBase@16 100270f0 f   etc.obj
 0001:00026520       _X86ShallToRedirect@20     10027520 f   etc.obj
 0001:000266c0       _clean_remark@8            100276c0 f   etc.obj
 0001:00026700       _duplicate_str@4           10027700 f   etc.obj
 0001:00026750       _getDBCSlen@4              10027750 f   etc.obj
 0001:000267b0       _memfind@24                100277b0 f   etc.obj
 0001:000268c0       _trim_crlf_@4              100278c0 f   etc.obj
 0001:00026940       _vkToStr@12                10027940 f   etc.obj
 0001:000271e0       ??0SingleHook@@QAE@IKHPAE@Z 100281e0 f   Hook.obj
 0001:00027240       ??0SingleHook@@QAE@PAEKH0@Z 10028240 f   Hook.obj
 0001:000272a0       ??0SingleHook@@QAE@XZ      100282a0 f   Hook.obj
 0001:000272e0       ??1SingleHook@@QAE@XZ      100282e0 f   Hook.obj
 0001:00027360       ?AddrToHook@SingleHook@@UAEPAXPAX@Z 10028360 f   Hook.obj
 0001:00027370       ?AddrToHook@SingleHook@@UAEQAXXZ 10028370 f   Hook.obj
 0001:00027380       ?AddrToRtn@SingleHook@@QAEPAXXZ 10028380 f   Hook.obj
 0001:00027390       ?Hook@SingleHook@@UAEXXZ   10028390 f   Hook.obj
 0001:000273b0       ?InitHookClass@SingleHook@@UAEXPAEKH0@Z 100283b0 f   Hook.obj
 0001:00027490       ?LenToHook@SingleHook@@UAEKK@Z 10028490 f   Hook.obj
 0001:000274a0       ?ThisHookMode@SingleHook@@UAE?BHXZ 100284a0 f   Hook.obj
 0001:000274b0       ?ThisHookMode@SingleHook@@UAEHH@Z 100284b0 f   Hook.obj
 0001:000274c0       ?UnHook@SingleHook@@UAEXXZ 100284c0 f   Hook.obj
 0001:000274e0       ?X86CurrentThreadStackBufferFixRtnAddr@@YGPAUtagInlineX86StackBuffer@@PAPAU1@@Z 100284e0 f   InlineHook.obj
 0001:000275c0       ?X86CurrentThreadStackBuffer@@YGPAUtagInlineX86StackBuffer@@PAPAU1@@Z 100285c0 f   InlineHook.obj
 0001:00027670       ??0InlineSingleHook@@QAE@IKHP6GHPAUtagInlineX86StackBuffer@@@Z@Z 10028670 f   InlineHook.obj
 0001:000276e0       ??0InlineSingleHook@@QAE@IKHPAX@Z 100286e0 f   InlineHook.obj
 0001:00027750       ??0InlineSingleHook@@QAE@XZ 10028750 f   InlineHook.obj
 0001:00027810       ??1InlineSingleHook@@QAE@XZ 10028810 f   InlineHook.obj
 0001:000278c0       ?Hook@InlineSingleHook@@UAEXXZ 100288c0 f   InlineHook.obj
 0001:00027950       ?InitHookClass@InlineSingleHook@@AAEXQAEKHPAX1@Z 10028950 f   InlineHook.obj
 0001:00027b30       ?NewBytesForInlineHook@InlineSingleHook@@QAEPAEPAE@Z 10028b30 f   InlineHook.obj
 0001:00027b40       ?RedirectedOpcodeInStub@InlineSingleHook@@QAEQAXXZ 10028b40 f   InlineHook.obj
 0001:00027b50       ?RedirectedOrgOpcodes@InlineSingleHook@@QAEQAEXZ 10028b50 f   InlineHook.obj
 0001:00027b60       ?RtnAddrOfHook@InlineSingleHook@@QAEQAXXZ 10028b60 f   InlineHook.obj
 0001:00027b70       ?SetParamOfHook@InlineSingleHook@@QAEPAXPAX@Z 10028b70 f   InlineHook.obj
 0001:00027b80       ?X86InlineHookRouter@@YGXXZ 10028b80 f   InlineHook.obj
 0001:00027c50       ??0CGraphic@@QAE@XZ        10028c50 f   cgraphic.obj
 0001:00027cc0       ??1CGraphic@@QAE@XZ        10028cc0 f   cgraphic.obj
 0001:00027cd0       ?DrawRotateRect@CGraphic@@QAEXPAUIDirectDrawSurface@@HHH@Z 10028cd0 f   cgraphic.obj
 0001:00027ce0       ?GenerateLookupTables@CGraphic@@AAEXXZ 10028ce0 f   cgraphic.obj
 0001:00027d50       ??$_Copy_memmove@PAPAVGraphicElement@@PAPAV1@@std@@YGPAPAVGraphicElement@@PAPAV1@00@Z 10028d50 f i ElementHandler.obj
 0001:00027d80       ??$_Emplace_reallocate@ABQAVGraphicElement@@@?$vector@PAVGraphicElement@@V?$allocator@PAVGraphicElement@@@std@@@std@@AAEPAPAVGraphicElement@@QAPAV2@ABQAV2@@Z 10028d80 f i ElementHandler.obj
 0001:00027ee0       ??0?$vector@PAVGraphicElement@@V?$allocator@PAVGraphicElement@@@std@@@std@@QAE@XZ 10028ee0 f i ElementHandler.obj
 0001:00027f00       ??0CElementHandler@@QAE@XZ 10028f00 f   ElementHandler.obj
 0001:00027f40       ??1CElementHandler@@UAE@XZ 10028f40 f   ElementHandler.obj
 0001:00028010       ??_ECElementHandler@@UAEPAXI@Z 10029010 f i ElementHandler.obj
 0001:00028010       ??_GCElementHandler@@UAEPAXI@Z 10029010 f i ElementHandler.obj
 0001:00028110       ?AddElement@CElementHandler@@QAEXPAVGraphicElement@@@Z 10029110 f   ElementHandler.obj
 0001:00028160       ?DeleteBetween@CElementHandler@@QAEXHHHH@Z 10029160 f   ElementHandler.obj
 0001:00028410       ?DeleteOn@CElementHandler@@QAEXHH@Z 10029410 f   ElementHandler.obj
 0001:00028440       ?GetArea@CElementHandler@@QAE?AV?$vector@PAVGraphicElement@@V?$allocator@PAVGraphicElement@@@std@@@std@@HHHH@Z 10029440 f   ElementHandler.obj
 0001:000285e0       ?GetClosestElement@CElementHandler@@QAEPAVGraphicElement@@HH@Z 100295e0 f   ElementHandler.obj
 0001:000285f0       ?MoveTextElement@CElementHandler@@QAEPAVGraphicElement@@PAV2@HH@Z 100295f0 f   ElementHandler.obj
 0001:000287c0       ?_Xlength@?$vector@PAVGraphicElement@@V?$allocator@PAVGraphicElement@@@std@@@std@@CGXXZ 100297c0 f i ElementHandler.obj
 0001:000287cb       _ImmIsIME@4                100297cb f   imm32:IMM32.dll
 0001:000287d1       _ImmAssociateContext@8     100297d1 f   imm32:IMM32.dll
 0001:000287d7       _ImmGetCompositionStringA@16 100297d7 f   imm32:IMM32.dll
 0001:000287dd       _ImmGetCandidateListA@16   100297dd f   imm32:IMM32.dll
 0001:000287e3       _ImmEscapeA@16             100297e3 f   imm32:IMM32.dll
 0001:000287e9       _ImmNotifyIME@16           100297e9 f   imm32:IMM32.dll
 0001:000287ef       _GetAsyncKeyState@4        100297ef f   user32:USER32.dll
 0001:000287f5       _GetCursorPos@4            100297f5 f   user32:USER32.dll
 0001:000287fb       _SetWindowLongA@12         100297fb f   user32:USER32.dll
 0001:00028801       _GetKeyState@4             10029801 f   user32:USER32.dll
 0001:00028807       _wsprintfA                 10029807 f   user32:USER32.dll
 0001:0002880d       _DefWindowProcA@16         1002980d f   user32:USER32.dll
 0001:00028813       _GetForegroundWindow@0     10029813 f   user32:USER32.dll
 0001:00028819       _GetClassNameA@12          10029819 f   user32:USER32.dll
 0001:0002881f       _GetKeyboardLayout@4       1002981f f   user32:USER32.dll
 0001:00028825       _SendMessageA@16           10029825 f   user32:USER32.dll
 0001:0002882b       _DrawTextExA@24            1002982b f   user32:USER32.dll
 0001:00028831       _FillRect@12               10029831 f   user32:USER32.dll
 0001:00028837       _CloseHandle@4             10029837 f   kernel32:KERNEL32.dll
 0001:0002883d       _ReleaseMutex@4            1002983d f   kernel32:KERNEL32.dll
 0001:00028843       _WaitForSingleObject@8     10029843 f   kernel32:KERNEL32.dll
 0001:00028849       _CreateMutexA@12           10029849 f   kernel32:KERNEL32.dll
 0001:0002884f       _GetTickCount@0            1002984f f   kernel32:KERNEL32.dll
 0001:00028855       _CreateFileA@28            10029855 f   kernel32:KERNEL32.dll
 0001:0002885b       _ReadFile@20               1002985b f   kernel32:KERNEL32.dll
[...]
 0002:0000df60       __sehtable$??$?RV<lambda_ceb1ee4838e85a9d631eb091e2fbe199>@@AAV<lambda_ae742caa10f662c28703da3d2ea5e57e>@@V<lambda_cd08b5d6af4937fe54fc07d0c9bf6b37>@@@?$__crt_seh_guarded_call@X@@QAEX$$QAV<lambda_ceb1ee4838e85a9d631eb091e2fbe199>@@AAV<lambda_ae742caa10f662c28703da3d2ea5e57e>@@$$QAV<lambda_cd08b5d6af4937fe54fc07d0c9bf6b37>@@@Z 1007ff60     libucrt:mbctype.obj
 0002:0000df80       __sehtable$_signal         1007ff80     libucrt:signal.obj
 0002:0000dfa0       __sehtable$_raise          1007ffa0     libucrt:signal.obj
 0002:0000dfc0       __sehtable$?ctrlevent_capture@@YGHK@Z 1007ffc0     libucrt:signal.obj
 0002:0000dfe0       __sehtable$??$?RV<lambda_cbab9ec6f41b0180b23cc171c22676b0>@@AAV<lambda_44731a7d0e6d81c3e6aa82d741081786>@@V<lambda_4b292cb8dd18144e164572427af410ab>@@@?$__crt_seh_guarded_call@P6AXH@Z@@QAEP6AXH@Z$$QAV<lambda_cbab9ec6f41b0180b23cc171c22676b0>@@AAV<lambda_44731a7d0e6d81c3e6aa82d741081786>@@$$QAV<lambda_4b292cb8dd18144e164572427af410ab>@@@Z 1007ffe0     libucrt:signal.obj
 0002:0000e000       __sehtable$??$?RV<lambda_2866be3712abc81a800a822484c830d8>@@AAV<lambda_39ca0ed439415581b5b15c265174cece>@@V<lambda_2b24c74d71094a6cd0cb82e44167d71b>@@@?$__crt_seh_guarded_call@X@@QAEX$$QAV<lambda_2866be3712abc81a800a822484c830d8>@@AAV<lambda_39ca0ed439415581b5b15c265174cece>@@$$QAV<lambda_2b24c74d71094a6cd0cb82e44167d71b>@@@Z 10080000     libucrt:fflush.obj
 0002:0000e020       __sehtable$??$?RV<lambda_2cc53f568c5a2bb6f192f930a45d44ea>@@AAV<lambda_ab61a845afdef5b7c387490eaf3616ee>@@V<lambda_c2ffc0b7726aa6be21d5f0026187e748>@@@?$__crt_seh_guarded_call@X@@QAEX$$QAV<lambda_2cc53f568c5a2bb6f192f930a45d44ea>@@AAV<lambda_ab61a845afdef5b7c387490eaf3616ee>@@$$QAV<lambda_c2ffc0b7726aa6be21d5f0026187e748>@@@Z 10080020     libucrt:fflush.obj
 0002:0000e040       __sehtable$??$?RV<lambda_6d20deecaf4856105ebacbad442d1079>@@AAV<lambda_9a32fed5bf61b6b509b2d3f6003082a1>@@V<lambda_63ea2239ed67c638ddbae41947fdf875>@@@?$__crt_seh_guarded_call@H@@QAEH$$QAV<lambda_6d20deecaf4856105ebacbad442d1079>@@AAV<lambda_9a32fed5bf61b6b509b2d3f6003082a1>@@$$QAV<lambda_63ea2239ed67c638ddbae41947fdf875>@@@Z 10080040     libucrt:fflush.obj
 0002:0000e060       __sehtable$___acrt_update_thread_locale_data 10080060     libucrt:locale_refcounting.obj
 0002:0000e080       __sehtable$__fcloseall     10080080     libucrt:closeall.obj
 0002:0000e0a0       __sehtable$__open_osfhandle 100800a0     libucrt:osfinfo.obj
 0002:0000e0c0       __sehtable$__alloc_osfhnd  100800c0     libucrt:osfinfo.obj
 0002:0000e0e0       __sehtable$___acrt_lowio_ensure_fh_exists 100800e0     libucrt:osfinfo.obj
 0002:0000e100       __sehtable$??$common_getenv@D@@YAPADQBD@Z 10080100     libucrt:getenv.obj
 0002:0000e120       __sehtable$??$common_getenv@_W@@YAPA_WQB_W@Z 10080120     libucrt:getenv.obj
 0002:0000e140       __sehtable$??$common_getenv_s@D@@YAHQAIQADIQBD@Z 10080140     libucrt:getenv.obj
 0002:0000e160       __sehtable$??$common_getenv_s@_W@@YAHQAIQA_WIQB_W@Z 10080160     libucrt:getenv.obj
 0002:0000e180       __sehtable$??$common_dupenv_s@D@@YAHQAPADQAIQBDH2H@Z 10080180     libucrt:getenv.obj
 0002:0000e1a0       __sehtable$??$common_dupenv_s@_W@@YAHQAPA_WQAIQB_WHQBDH@Z 100801a0     libucrt:getenv.obj
 0002:0000e1c0       __sehtable$??$?RV<lambda_9e9de3de5fa147e2223d7db92bc10aa6>@@AAV<lambda_38ce7e780aa69e748d6df282ebc68efe>@@V<lambda_8ca6da459f0f6780f1cff60fdc3d00e5>@@@?$__crt_seh_guarded_call@H@@QAEH$$QAV<lambda_9e9de3de5fa147e2223d7db92bc10aa6>@@AAV<lambda_38ce7e780aa69e748d6df282ebc68efe>@@$$QAV<lambda_8ca6da459f0f6780f1cff60fdc3d00e5>@@@Z 100801c0     libucrt:commit.obj
 0002:0000e1e0       __sehtable$__write         100801e0     libucrt:write.obj
 0002:0000e200       __sehtable$??$common_lseek@J@@YAJHJH@Z 10080200     libucrt:lseek.obj
 0002:0000e220       __sehtable$??$common_lseek@_J@@YA_JH_JH@Z 10080220     libucrt:lseek.obj
 0002:0000e240       __sehtable$_fclose         10080240     libucrt:fclose.obj
 0002:0000e260       __sehtable$??$?RV<lambda_f828341fbe69b7c0d4c527b01f22877f>@@AAV<lambda_9e0b6ab72a5b3ae37ad997d08b519f50>@@V<lambda_f01deac0a8d65d6e0411edf7e0af5775>@@@?$__crt_seh_guarded_call@G@@QAEG$$QAV<lambda_f828341fbe69b7c0d4c527b01f22877f>@@AAV<lambda_9e0b6ab72a5b3ae37ad997d08b519f50>@@$$QAV<lambda_f01deac0a8d65d6e0411edf7e0af5775>@@@Z 10080260     libucrt:putwch.obj
 0002:0000e280       __sehtable$__read          10080280     libucrt:read.obj
 0002:0000e2a0       __sehtable$??$?RV<lambda_218ce3db14220d0be481dae8ef3383b6>@@AAV<lambda_628dfdc04ba53c8bfc02c9951375f3f5>@@V<lambda_57dc472bd5c9d5f3b2cbca59b8a843ae>@@@?$__crt_seh_guarded_call@H@@QAEH$$QAV<lambda_218ce3db14220d0be481dae8ef3383b6>@@AAV<lambda_628dfdc04ba53c8bfc02c9951375f3f5>@@$$QAV<lambda_57dc472bd5c9d5f3b2cbca59b8a843ae>@@@Z 100802a0     libucrt:close.obj
 0002:0000e2c0       __sehtable$?__acrt_stdio_allocate_stream@@YA?AV__crt_stdio_stream@@XZ 100802c0     libucrt:stream.obj
 0002:0000e2e0       __sehtable$__IsNonwritableInCurrentImage 100802e0     LIBCMT:pesect.obj
 0002:0000e300       .edata                     10080300     mdraw.exp
 0002:0000e328       rgpv                       10080328     mdraw.exp
 0002:0000e380       rgszName                   10080380     mdraw.exp
 0002:0000e3d8       rgwOrd                     100803d8     mdraw.exp
 0002:0000e404       szName                     10080404     mdraw.exp
 0002:0000e40e       $N00008                    1008040e     mdraw.exp
 0002:0000e41f       $N00001                    1008041f     mdraw.exp
 0002:0000e433       $N00002                    10080433     mdraw.exp
 0002:0000e44f       $N00003                    1008044f     mdraw.exp
 0002:0000e466       $N00004                    10080466     mdraw.exp
 0002:0000e47e       $N00005                    1008047e     mdraw.exp
 0002:0000e48d       $N00006                    1008048d     mdraw.exp
 0002:0000e49e       $N00007                    1008049e     mdraw.exp
 0002:0000e4a9       $N00009                    100804a9     mdraw.exp
 0002:0000e4c1       $N00010                    100804c1     mdraw.exp
 0002:0000e4d4       $N00011                    100804d4     mdraw.exp
 0002:0000e4e9       $N00012                    100804e9     mdraw.exp
 0002:0000e500       $N00013                    10080500     mdraw.exp
 0002:0000e517       $N00014                    10080517     mdraw.exp
 0002:0000e52c       $N00015                    1008052c     mdraw.exp
 0002:0000e53c       $N00016                    1008053c     mdraw.exp
 0002:0000e54e       $N00017                    1008054e     mdraw.exp
 0002:0000e560       $N00018                    10080560     mdraw.exp
 0002:0000e570       $N00019                    10080570     mdraw.exp
 0002:0000e581       $N00020                    10080581     mdraw.exp
 0002:0000e595       $N00021                    10080595     mdraw.exp
 0002:0000e5a9       $N00022                    100805a9     mdraw.exp
 0002:0000e924       .idata$6                   10080924     imm32:IMM32.dll
 0002:0000e9f4       .idata$6                   100809f4     user32:USER32.dll
 0002:0000ed88       .idata$6                   10080d88     kernel32:KERNEL32.dll
 0002:0000ee5c       .idata$6                   10080e5c     gdi32:GDI32.dll
 0002:0000eeac       .idata$6                   10080eac     advapi32:ADVAPI32.dll
 0003:00001be8       ?LockColor@?1??ShowPlayerIncome@CIncome@@AAEXHHH@Z@4EA 10083be8     cinomce.obj
 0003:00001be9       ?LosViewColor@?1??ShowPlayerIncome@CIncome@@AAEXHHH@Z@4EA 10083be9     cinomce.obj
 0003:000022b0       _table_1                   100842b0     etc.obj
 0003:000026b0       _table_0F                  100846b0     etc.obj
 0003:00002ae0       ?__vcrt_flsindex@@3KA      10084ae0     libvcruntime:per_thread_data.obj
 0003:00002b00       ?prefix@?1??getDimension@UnDecorator@@CA?AVDName@@_N@Z@4UStringLiteral@@A 10084b00     libvcruntime:undname.obj
 0003:00002b10       ?errno_no_memory@@3HA      10084b10     libucrt:errno.obj
 0003:00002b14       ?doserrno_no_memory@@3KA   10084b14     libucrt:errno.obj
 0003:00002b24       ?__acrt_flsindex@@3KA      10084b24     libucrt:per_thread_data.obj
 0003:00002bd0       __ctype_loc_style          10084bd0     libucrt:wsetlocale.obj
 0003:00002ce0       ?tzstd_program@@3PADA      10084ce0     libucrt:timeset.obj
 0003:00002d20       ?tzdst_program@@3PADA      10084d20     libucrt:timeset.obj
 0003:00002d60       ?w_tzstd_program@@3PA_WA   10084d60     libucrt:timeset.obj
 0003:00002de0       ?w_tzdst_program@@3PA_WA   10084de0     libucrt:timeset.obj
 0003:00002e60       ?tzname_states@@3PAY01PADA 10084e60     libucrt:timeset.obj
 0003:00002e68       ?w_tzname_states@@3PAY01PA_WA 10084e68     libucrt:timeset.obj
 0003:00002e70       ?dststart@@3Utransitiondate@?A0x7639d0b4@@A 10084e70     libucrt:tzset.obj
 0003:00002e7c       ?dstend@@3Utransitiondate@?A0x7639d0b4@@A 10084e7c     libucrt:tzset.obj
 0003:00002e90       ?__DAZ_ENABLED@?1??__set_fpsr_sse2@@9@9 10084e90     libucrt:fpctrl.obj
 0003:000030b8       __mbctypes                 100850b8     libucrt:mbctype.obj
 0003:000031c0       __mbcasemaps               100851c0     libucrt:mbctype.obj
 0003:000032c0       ?__rgctypeflag@@3PADA      100852c0     libucrt:mbctype.obj
 0003:000032c8       ?__rgcode_page_info@@3PAUcode_page_info@@A 100852c8     libucrt:mbctype.obj
 0003:00003520       ?__dcrt_lowio_console_output_handle@@3PAXA 10085520     libucrt:initcon.obj
 0003:00003ad4       ?LastNum@?1??FindIdelFactory@ExternHotKey@@QAEXXZ@4HA 10085ad4     ExternhotKey.obj
 0003:00003ad8       ?LastNum@?1??FindIdleConst@ExternHotKey@@QAEXXZ@4HA 10085ad8     ExternhotKey.obj
 0003:00003b3c       ?Aspect@?6??UpdateFrame@FullScreenMinimap@@QAEXPAX@Z@4UtagPOINT@@A 10085b3c     fullscreenminimap.obj
 0003:00003b7c       ?TAGameAera@?1??TAWGameAreaRect@TAGameAreaReDrawer@@QAEQAUtagRECT@@PAU3@@Z@4U3@A 10085b7c     GameRedrawer.obj
 0003:00003c30       ?DBSC_Flag_Global@@3_NA    10085c30     UnicodeSupport.obj
 0003:00003c48       ?Move@?1??Message@AlliesWhiteboard@@QAE_NPAUHWND__@@IIJ@Z@4_NA 10085c48     whiteboard.obj
 0003:00003c49       ?Paint@?1??Message@AlliesWhiteboard@@QAE_NPAUHWND__@@IIJ@Z@4_NA 10085c49     whiteboard.obj
 0003:00003c50       ?shift_defaultBuffer@?1??memfind@@9@24@4PAIA 10085c50     etc.obj
 0003:00004050       ?__proc_attached@@3HA      10086050     LIBCMT:dll_dllmain.obj
 0003:00004078       ?is_initialized_as_dll@@3_NA 10086078     LIBCMT:utility.obj
 0003:00004079       ?module_local_atexit_table_initialized@@3_NA 10086079     LIBCMT:utility.obj
 0003:0000407c       ?module_local_atexit_table@@3U_onexit_table_t@@A 1008607c     LIBCMT:utility.obj
 0003:00004088       ?module_local_at_quick_exit_table@@3U_onexit_table_t@@A 10086088     LIBCMT:utility.obj
 0003:00004098       _GS_ExceptionRecord        10086098     LIBCMT:gs_report.obj
 0003:000040e8       _GS_ContextRecord          100860e8     LIBCMT:gs_report.obj
 0003:000043b8       ?__vcrt_startup_thread_ptd@@3U__vcrt_ptd@@A 100863b8     libvcruntime:per_thread_data.obj
 0003:000043e0       _rgValidPages              100863e0     libvcruntime:eh3valid.obj
 0003:00004460       _nValidPages               10086460     libvcruntime:eh3valid.obj
 0003:00004464       _lModifying                10086464     libvcruntime:eh3valid.obj
 0003:00004490       ?heap@@3V_HeapManager@@A   10086490     libvcruntime:undname.obj
 0003:000044a4       ___vcrt_lock_table         100864a4     libvcruntime:locks.obj
 0003:000044bc       ___vcrt_locks_initialized  100864bc     libvcruntime:locks.obj
 0003:000044c0       ?module_handles@@3PAPAUHINSTANCE__@@A 100864c0     libvcruntime:winapi_downlevel.obj
 0003:000044cc       ?function_pointers@@3PAPAXA 100864cc     libvcruntime:winapi_downlevel.obj
 0003:000044e4       ?__acrt_invalid_parameter_handler@@3V?$dual_state_global@P6AXPB_W00II@Z@__crt_state_management@@A 100864e4     libucrt:invalid_parameter.obj
 0003:000044e8       ?__acrt_new_handler@@3V?$dual_state_global@P6AHI@Z@__crt_state_management@@A 100864e8     libucrt:new_handler.obj
 0003:000044ec       ?c_termination_complete@@3JA 100864ec     libucrt:exit.obj
 0003:000044f0       ?thread_local_exit_callback_func@@3P6GXPAXK0@ZA 100864f0     libucrt:exit.obj
 0003:000044f8       ?program_name@?1???$common_configure_argv@D@@YAHW4_crt_argv_mode@@@Z@4PADA 100864f8     libucrt:argv_parsing.obj
 0003:00004600       ?program_name@?1???$common_configure_argv@_W@@YAHW4_crt_argv_mode@@@Z@4PA_WA 10086600     libucrt:argv_parsing.obj
 0003:00004834       ?internal_state@?1??_mbtowc_l@@9@4U_Mbstatet@@A 10086834     libucrt:mbtowc.obj
 0003:00004848       ?enable_percent_n@@3IA     10086848     libucrt:printf_count_output.obj
 0003:00004a64       __pmatherr_set             10086a64     libucrt:libm_error.obj
 0003:00004a74       ?_tzname@@3V?$dual_state_global@PAPAD@__crt_state_management@@A 10086a74     libucrt:timeset.obj
 0003:00004a78       ?w_tzname@@3V?$dual_state_global@PAPA_W@__crt_state_management@@A 10086a78     libucrt:timeset.obj
 0003:00004a7c       ?last_wide_tz@@3PA_WA      10086a7c     libucrt:tzset.obj
 0003:00004a80       ?tz_api_used@@3HA          10086a80     libucrt:tzset.obj
 0003:00004a84       ?tzset_init_state@@3V?$dual_state_global@J@__crt_state_management@@A 10086a84     libucrt:tzset.obj
 0003:00004a88       ?tz_info@@3U_TIME_ZONE_INFORMATION@@A 10086a88     libucrt:tzset.obj
 0003:00004b38       ?module_handles@@3PAPAUHINSTANCE__@@A 10086b38     libucrt:winapi_thunks.obj
 0003:00004b88       ?encoded_function_pointers@@3PAPAXA 10086b88     libucrt:winapi_thunks.obj
 0003:00004c10       ?static_enum_proc@?1??enum_system_locales_ex_nolock@@YAHQ6GHPA_WKJ@Z@Z@4P6GH0KJ@ZA 10086c10     libucrt:winapi_thunks.obj
 0003:00004c18       ?__acrt_lock_table@@3PAU_RTL_CRITICAL_SECTION@@A 10086c18     libucrt:locks.obj
 0003:00004d68       ?__acrt_locks_initialized@@3IA 10086d68     libucrt:locks.obj
 0003:00004d6c       ?user_matherr@@3V?$dual_state_global@P6AHPAU_exception@@@Z@__crt_state_management@@A 10086d6c     libucrt:matherr.obj
 0003:00004d70       ?state_cache@?1???$get_cached_win_policy@Ubegin_thread_init_policy_properties@?1??__acrt_get_begin_thread_init_policy@@YA?AW4begin_thread_init_policy@@XZ@@@YA?AW4begin_thread_init_policy@@W4AppPolicyThreadInitializationType@@@Z@4JA 10086d70     libucrt:win_policies.obj
 0003:00004d74       ?state_cache@?1???$get_cached_win_policy@Udeveloper_information_policy_properties@?1??__acrt_get_developer_information_policy@@YA?AW4developer_information_policy@@XZ@@@YA?AW4developer_information_policy@@W4AppPolicyShowDeveloperDiagnostic@@@Z@4JA 10086d74     libucrt:win_policies.obj
 0003:00004d78       ?state_cache@?1???$get_cached_win_policy@Uwindowing_model_policy_properties@?1??__acrt_get_windowing_model_policy@@YA?AW4windowing_model_policy@@XZ@@@YA?AW4windowing_model_policy@@W4AppPolicyWindowingModel@@@Z@4JA 10086d78     libucrt:win_policies.obj
 0003:00004d88       ?fSystemSet@@3HA           10086d88     libucrt:mbctype.obj
 0003:00004d8c       ?initialized@?1??__acrt_initialize_multibyte@@9@4_NA 10086d8c     libucrt:mbctype.obj
 0003:00004db0       ?console_ctrl_handler_installed@@3_NA 10086db0     libucrt:signal.obj
 0003:00004db4       ?ctrlc_action@@3V?$dual_state_global@P6AXH@Z@__crt_state_management@@A 10086db4     libucrt:signal.obj
 0003:00004db8       ?ctrlbreak_action@@3V?$dual_state_global@P6AXH@Z@__crt_state_management@@A 10086db8     libucrt:signal.obj
 0003:00004dbc       ?abort_action@@3V?$dual_state_global@P6AXH@Z@__crt_state_management@@A 10086dbc     libucrt:signal.obj
 0003:00004dc0       ?term_action@@3V?$dual_state_global@P6AXH@Z@__crt_state_management@@A 10086dc0     libucrt:signal.obj
 0003:00004dc4       ?__acrt_global_new_mode@@3V?$dual_state_global@J@__crt_state_management@@A 10086dc4     libucrt:new_mode.obj
 0003:00004dc8       ?mbst@?1??mbrlen@@9@4U_Mbstatet@@A 10086dc8     libucrt:mbrtowc.obj
 0003:00004dd0       ?mbst@?1??mbrtowc@@9@4U_Mbstatet@@A 10086dd0     libucrt:mbrtowc.obj
 0003:00004dd8       ?mbst@?1??_mbsrtowcs_helper@@YAIPA_WPAPBDIPAU_Mbstatet@@@Z@4U2@A 10086dd8     libucrt:mbrtowc.obj
 0003:00004dec       ?internal_pst@?1??__mbrtoc32_utf8@__crt_mbstring@@YAIPA_UPBDIPAU_Mbstatet@@@Z@4U3@A 10086dec     libucrt:mbrtoc32.obj
 0003:00004df4       ?__acrt_app_type@@3W4_crt_app_type@@A 10086df4     libucrt:report_runtime_error.obj
 0003:00004df8       ?outmsg@?9??__acrt_report_runtime_error@@9@4PA_WA 10086df8     libucrt:report_runtime_error.obj
 0003:00005420       ___acrt_error_mode         10087420     libucrt:set_error_mode.obj
 0004:00000360       $R000000                   10088360     publicddraw.res
 0004:00000650       $R0002F0                   10088650     publicddraw.res
 0004:00012bc8       $R012868                   1009abc8     publicddraw.res
 0004:00012fd8       $R012C78                   1009afd8     publicddraw.res
 0004:00013c30       $R0138D0                   1009bc30     publicddraw.res
 0004:00015e18       $R015AB8                   1009de18     publicddraw.res
 0004:000171f0       $R016E90                   1009f1f0     publicddraw.res
 0004:00017c98       $R017938                   1009fc98     publicddraw.res
 0004:00018b00       $R0187A0                   100a0b00     publicddraw.res
 0004:00019328       $R018FC8                   100a1328     publicddraw.res
 0004:000198b8       $R019558                   100a18b8     publicddraw.res
 0004:0001b270       $R01AF10                   100a3270     publicddraw.res
 0004:0001b6b0       $R01B350                   100a36b0     publicddraw.res
 0004:0001c548       $R01C1E8                   100a4548     publicddraw.res
 0004:0001d538       $R01D1D8                   100a5538     publicddraw.res
 0004:0001db40       $R01D7E0                   100a5b40     publicddraw.res

 Exports

  ordinal    name

        1    _AheadLib_AcquireDDThreadLock
               exported name: AcquireDDThreadLock
        2    _AheadLib_CompleteCreateSysmemSurface
               exported name: CompleteCreateSysmemSurface
        3    _AheadLib_D3DParseUnknownCommand
               exported name: D3DParseUnknownCommand
        4    _AheadLib_DDGetAttachedSurfaceLcl
               exported name: DDGetAttachedSurfaceLcl
        5    _AheadLib_DDInternalLock
               exported name: DDInternalLock
        6    _AheadLib_DDInternalUnlock
               exported name: DDInternalUnlock
        7    _AheadLib_DSoundHelp
               exported name: DSoundHelp
        8    ?DirectDrawCreate@@YGJPAU_GUID@@PAPAUIDirectDraw@@PAUIUnknown@@@Z (long __stdcall DirectDrawCreate(struct _GUID *,struct IDirectDraw * *,struct IUnknown *))
               exported name: DirectDrawCreate
        9    _AheadLib_DirectDrawCreateClipper
               exported name: DirectDrawCreateClipper
       10    _AheadLib_DirectDrawCreateEx
               exported name: DirectDrawCreateEx
       11    _AheadLib_DirectDrawEnumerateA
               exported name: DirectDrawEnumerateA
       12    _AheadLib_DirectDrawEnumerateExA
               exported name: DirectDrawEnumerateExA
       13    _AheadLib_DirectDrawEnumerateExW
               exported name: DirectDrawEnumerateExW
       14    _AheadLib_DirectDrawEnumerateW
               exported name: DirectDrawEnumerateW
       15    _AheadLib_DllCanUnloadNow
               exported name: DllCanUnloadNow
       16    _AheadLib_DllGetClassObject
               exported name: DllGetClassObject
       17    _AheadLib_GetDDSurfaceLocal
               exported name: GetDDSurfaceLocal
       18    _AheadLib_GetOLEThunkData
               exported name: GetOLEThunkData
       19    _AheadLib_GetSurfaceFromDC
               exported name: GetSurfaceFromDC
       20    _AheadLib_RegisterSpecialCase
               exported name: RegisterSpecialCase
       21    _AheadLib_ReleaseDDThreadLock
               exported name: ReleaseDDThreadLock
       22    _AheadLib_SetAppCompatData
               exported name: SetAppCompatData
