 mdraw

 Timestamp is 62f45d6c (Wed Aug 10 21:37:48 2022)

 Preferred load address is 10000000

 Start         Length     Name                   Class
 0001:00000000 0006ff70H .text$mn                CODE
 0001:0006ff70 0000103fH .text$x                 CODE
 0002:00000000 00000284H .idata$5                DATA
 0002:00000284 0000000cH .00cfg                  DATA
 0002:00000290 00000004H .CRT$XCA                DATA
 0002:00000294 00000004H .CRT$XCZ                DATA
 0002:00000298 00000004H .CRT$XIA                DATA
 0002:0000029c 00000010H .CRT$XIC                DATA
 0002:000002ac 00000004H .CRT$XIZ                DATA
 0002:000002b0 00000004H .CRT$XPA                DATA
 0002:000002b4 00000008H .CRT$XPX                DATA
 0002:000002bc 00000004H .CRT$XPXA               DATA
 0002:000002c0 00000004H .CRT$XPZ                DATA
 0002:000002c4 00000004H .CRT$XTA                DATA
 0002:000002c8 00000008H .CRT$XTZ                DATA
 0002:000002cc 00000000H .gfids$y                DATA
 0002:000002d0 0000b030H .rdata                  DATA
 0002:0000b300 00000040H .rdata$CastGuardVftablesA DATA
 0002:0000b340 00000040H .rdata$CastGuardVftablesC DATA
 0002:0000b380 000009dcH .rdata$r                DATA
 0002:0000bd5c 0000013cH .rdata$sxdata           DATA
 0002:0000be98 00000144H .rdata$voltmd           DATA
 0002:0000bfdc 00000378H .rdata$zzzdbg           DATA
 0002:0000c354 00000004H .rtc$IAA                DATA
 0002:0000c358 00000004H .rtc$IZZ                DATA
 0002:0000c35c 00000004H .rtc$TAA                DATA
 0002:0000c360 00000008H .rtc$TZZ                DATA
 0002:0000c368 00001f38H .xdata$x                DATA
 0002:0000e2a0 000002bcH .edata                  DATA
 0002:0000e55c 00000064H .idata$2                DATA
 0002:0000e5c0 00000014H .idata$3                DATA
 0002:0000e5d4 00000284H .idata$4                DATA
 0002:0000e858 00000b7aH .idata$6                DATA
 0003:00000000 00003530H .data                   DATA
 0003:00003530 000001acH .data$r                 DATA
 0003:000036dc 0000026cH .data$rs                DATA
 0003:00003948 00001ab4H .bss                    DATA
 0004:00000000 00000360H .rsrc$01                DATA
 0004:00000360 0001da08H .rsrc$02                DATA

  Address         Publics by Value              Rva+Base       Lib:Object

 0000:00000000       ___AbsoluteZero            00000000     <absolute>
 0000:00000000       ___arm64x_extra_rfe_table  00000000     <absolute>
 0000:00000000       ___arm64x_extra_rfe_table_size 00000000     <absolute>
 0000:00000000       ___arm64x_native_entrypoint 00000000     <absolute>
 0000:00000000       ___arm64x_redirection_metadata 00000000     <absolute>
 0000:00000000       ___arm64x_redirection_metadata_count 00000000     <absolute>
 0000:00000000       ___dynamic_value_reloc_table 00000000     <absolute>
 0000:00000000       ___enclave_config          00000000     <absolute>
 0000:00000000       ___guard_check_icall_a64n_fptr 00000000     <absolute>
 0000:00000000       ___guard_eh_cont_count     00000000     <absolute>
 0000:00000000       ___guard_eh_cont_table     00000000     <absolute>
 0000:00000000       ___guard_fids_count        00000000     <absolute>
 0000:00000000       ___guard_fids_table        00000000     <absolute>
 0000:00000000       ___guard_iat_count         00000000     <absolute>
 0000:00000000       ___guard_iat_table         00000000     <absolute>
 0000:00000000       ___guard_longjmp_count     00000000     <absolute>
 0000:00000000       ___guard_longjmp_table     00000000     <absolute>
 0000:00000000       ___hybrid_auxiliary_iat    00000000     <absolute>
 0000:00000000       ___hybrid_auxiliary_iat_copy 00000000     <absolute>
 0000:00000000       ___hybrid_code_map         00000000     <absolute>
 0000:00000000       ___hybrid_code_map_count   00000000     <absolute>
 0000:00000000       ___x64_code_ranges_to_entry_points 00000000     <absolute>
 0000:00000000       ___x64_code_ranges_to_entry_points_count 00000000     <absolute>
 0000:00000000       __except_list              00000000     <absolute>
 0000:0000004f       ___safe_se_handler_count   0000004f     <absolute>
 0000:00000100       ___guard_flags             00000100     <absolute>
 0000:00000000       ___ImageBase               10000000     <linker-defined>
 0001:00000000       ??0MappedMap@@QAE@HH@Z     10001000 f   MappedMAP.obj
 0001:00000050       ??1MappedMap@@QAE@XZ       10001050 f   MappedMAP.obj
 0001:00000090       ?NowDrawMapped@MappedMap@@QAEHPAEPAUtagPOINT@@@Z 10001090 f   MappedMAP.obj
 0001:00000530       ?PictureInfo@MappedMap@@QAEPAEPAPAEPAUtagPOINT@@@Z 10001530 f   MappedMAP.obj
 0001:00000560       ??0MegaMapControl@@QAE@PAVFullScreenMinimap@@PAUtagRECT@@11HHHHHH@Z 10001560 f   MegamapControl.obj
 0001:00000780       ??1MegaMapControl@@QAE@XZ  10001780 f   MegamapControl.obj
 0001:000007e0       ?CheckInControl@MegaMapControl@@AAEHHH@Z 100017e0 f   MegamapControl.obj
 0001:00000860       ?CheckInMap@MegaMapControl@@AAEHHH@Z 10001860 f   MegamapControl.obj
 0001:00000890       ?DoubleClick@MegaMapControl@@AAEHHH_N@Z 10001890 f   MegamapControl.obj
 0001:00000990       ?EnterMegaMap@MegaMapControl@@QAEXXZ 10001990 f   MegamapControl.obj
 0001:00000a30       ?FindMouseUnitRounte@@YGHPAUtagInlineX86StackBuffer@@@Z 10001a30 f   MegamapControl.obj
 0001:00000a70       ?GetGridPosFeatureRounte@@YGHPAUtagInlineX86StackBuffer@@@Z 10001a70 f   MegamapControl.obj
 0001:00000aa0       ?GetPosition_DwordRounte@@YGHPAUtagInlineX86StackBuffer@@@Z 10001aa0 f   MegamapControl.obj
 0001:00000ad0       ?Init@MegaMapControl@@QAEXPAVFullScreenMinimap@@PAUtagRECT@@11HHHHHH@Z 10001ad0 f   MegamapControl.obj
 0001:00000bf0       ?IsBliting@MegaMapControl@@QAEHXZ 10001bf0 f   MegamapControl.obj
 0001:00000c00       ?IsDrawCursor@MegaMapControl@@QAEHHH@Z 10001c00 f   MegamapControl.obj
 0001:00000cc0       ?IsDrawOrder@MegaMapControl@@QAEHXZ 10001cc0 f   MegamapControl.obj
 0001:00000ce0       ?IsDrawRect@MegaMapControl@@QAEHH@Z 10001ce0 f   MegamapControl.obj
 0001:00000d70       ?IsInControl@MegaMapControl@@QAEHXZ 10001d70 f   MegamapControl.obj
 0001:00000d80       ?IsInMap@MegaMapControl@@QAEHXZ 10001d80 f   MegamapControl.obj
 0001:00000d90       ?LeftDown@MegaMapControl@@AAEHHH_N@Z 10001d90 f   MegamapControl.obj
 0001:00000da0       ?LeftUp@MegaMapControl@@AAEHHH_N@Z 10001da0 f   MegamapControl.obj
 0001:00000f50       ?MegamapMoveSceen@MegaMapControl@@AAEXHH@Z 10001f50 f   MegamapControl.obj
 0001:000010b0       ?Message@MegaMapControl@@QAE_NPAUHWND__@@IIJ@Z 100020b0 f   MegamapControl.obj
 0001:000017f0       ?MouseMove@MegaMapControl@@AAEHHH@Z 100027f0 f   MegamapControl.obj
 0001:00001a30       ?MoveScreen@MegaMapControl@@AAEXHHH@Z 10002a30 f   MegamapControl.obj
 0001:00001af0       ?QuitMegaMap@MegaMapControl@@QAEXXZ 10002af0 f   MegamapControl.obj
 0001:00001b50       ?ReadSelectRect@MegaMapControl@@QAEPAUtagRECT@@PAU2@@Z 10002b50 f   MegamapControl.obj
 0001:00001b70       ?ReadSelectState@MegaMapControl@@QAE?AW4SELECTBUTTOM@selectbuttom@@XZ 10002b70 f   MegamapControl.obj
 0001:00001b80       ?RightDown@MegaMapControl@@AAEHHH_N@Z 10002b80 f   MegamapControl.obj
 0001:00001b90       ?RightUp@MegaMapControl@@AAEHHH_N@Z 10002b90 f   MegamapControl.obj
 0001:00001c70       ?ScreenPos2TAPos@MegaMapControl@@AAEPAU_Position_Dword@@PAU2@HHH@Z 10002c70 f   MegamapControl.obj
 0001:00001cf0       ?SelectDown@MegaMapControl@@AAEHHH_N@Z 10002cf0 f   MegamapControl.obj
 0001:00001d20       ?SelectMove@MegaMapControl@@AAEHHH_N0@Z 10002d20 f   MegamapControl.obj
 0001:00001da0       ?SelectUp@MegaMapControl@@AAEHHH_N0@Z 10002da0 f   MegamapControl.obj
 0001:00001f30       ?Set@MegaMapControl@@QAEXH@Z 10002f30 f   MegamapControl.obj
 0001:00001f40       ?TAPos2ScreenPos@MegaMapControl@@AAEPAUtagPOINT@@PAU2@III@Z 10002f40 f   MegamapControl.obj
 0001:00001f90       ?WheelBack@MegaMapControl@@AAEHHH@Z 10002f90 f   MegamapControl.obj
 0001:00001fc0       ?WheelFont@MegaMapControl@@AAEHHH@Z 10002fc0 f   MegamapControl.obj
 0001:00002010       ??$_Allocate_manually_vector_aligned@U_Default_allocate_traits@std@@@std@@YGPAXI@Z 10003010 f i MegamapTAStuff.obj
 0001:00002050       ??$_Copy_memmove@PAU_Position_Dword@@PAU1@@std@@YGPAU_Position_Dword@@PAU1@00@Z 10003050 f i MegamapTAStuff.obj
 0001:00002080       ??$_Emplace_reallocate@ABU_Position_Dword@@@?$vector@U_Position_Dword@@V?$allocator@U_Position_Dword@@@std@@@std@@AAEPAU_Position_Dword@@QAU2@ABU2@@Z 10003080 f i MegamapTAStuff.obj
 0001:00002230       ??$sprintf_s@$0BAA@@@YAHAAY0BAA@DPBDZZ 10003230 f i MegamapTAStuff.obj
 0001:00002260       ??0MegamapTAStuff@@QAE@PAVFullScreenMinimap@@PAUtagRECT@@11HHH@Z 10003260 f   MegamapTAStuff.obj
 0001:00002400       ??0bad_alloc@std@@QAE@ABV01@@Z 10003400 f i MegamapTAStuff.obj
 0001:00002440       ??0bad_array_new_length@std@@QAE@ABV01@@Z 10003440 f i MegamapTAStuff.obj
 0001:00002480       ??0bad_array_new_length@std@@QAE@XZ 10003480 f i MegamapTAStuff.obj
 0001:000024a0       ??0exception@std@@QAE@ABV01@@Z 100034a0 f i MegamapTAStuff.obj
 0001:000024d0       ??1?$vector@U_Position_Dword@@V?$allocator@U_Position_Dword@@@std@@@std@@QAE@XZ 100034d0 f i MegamapTAStuff.obj
 0001:00002540       ??1MegamapTAStuff@@QAE@XZ  10003540 f   MegamapTAStuff.obj
 0001:00002560       ??1bad_array_new_length@std@@UAE@XZ 10003560 f i MegamapTAStuff.obj
 0001:00002580       ??1exception@std@@UAE@XZ   10003580 f i MegamapTAStuff.obj
 0001:000025a0       ??_Ebad_alloc@std@@UAEPAXI@Z 100035a0 f i MegamapTAStuff.obj
 0001:000025a0       ??_Gbad_alloc@std@@UAEPAXI@Z 100035a0 f i MegamapTAStuff.obj
 0001:000025d0       ??_Ebad_array_new_length@std@@UAEPAXI@Z 100035d0 f i MegamapTAStuff.obj
 0001:000025d0       ??_Gbad_array_new_length@std@@UAEPAXI@Z 100035d0 f i MegamapTAStuff.obj
 0001:00002600       ??_Eexception@std@@UAEPAXI@Z 10003600 f i MegamapTAStuff.obj
 0001:00002600       ??_Gexception@std@@UAEPAXI@Z 10003600 f i MegamapTAStuff.obj
 0001:00002630       ?BlitOrder@MegamapTAStuff@@QAEXPAXHHH@Z 10003630 f   MegamapTAStuff.obj
 0001:00002c10       ?BlitSelect@MegamapTAStuff@@QAEXPAXHHH@Z 10003c10 f   MegamapTAStuff.obj
 0001:00002d80       ?DrawBuildRect@MegamapTAStuff@@QAEXPAU_OFFSCREEN@@EPAUUnitDefStruct@@HHH@Z 10003d80 f   MegamapTAStuff.obj
 0001:00002e70       ?DrawCursor@MegamapTAStuff@@QAEXPAXHHHII@Z 10003e70 f   MegamapTAStuff.obj
 0001:00002eb0       ?DrawOrderPath@MegamapTAStuff@@QAEXPAU_OFFSCREEN@@PAUUnitOrdersStruct@@PAU_Position_Dword@@@Z 10003eb0 f   MegamapTAStuff.obj
 0001:00003140       ?DrawTargatOrder@MegamapTAStuff@@QAEXPAU_OFFSCREEN@@PAUUnitOrdersStruct@@PAUPlayerStruct@@@Z 10004140 f   MegamapTAStuff.obj
 0001:00003230       ?GetTAStuffSurface@MegamapTAStuff@@QAEPAEXZ 10004230 f   MegamapTAStuff.obj
 0001:00003240       ?Init@MegamapTAStuff@@QAEXPAVFullScreenMinimap@@PAUtagRECT@@11HHH@Z 10004240 f   MegamapTAStuff.obj
 0001:000033a0       ?InitSurface@MegamapTAStuff@@QAEXPAUIDirectDraw@@H@Z 100043a0 f   MegamapTAStuff.obj
 0001:000036a0       ?LockBlit@MegamapTAStuff@@QAEXPAXHHH@Z 100046a0 f   MegamapTAStuff.obj
 0001:00003750       ?LockBlit_MEGA@MegamapTAStuff@@QAEXPAXHHH@Z 10004750 f   MegamapTAStuff.obj
 0001:000038f0       ?LockBlit_TA@MegamapTAStuff@@QAEXPAXHHHPAH@Z 100048f0 f   MegamapTAStuff.obj
 0001:00003ba0       ?ReleaseSurface@MegamapTAStuff@@QAEXXZ 10004ba0 f   MegamapTAStuff.obj
 0001:00003c00       ?ScreenPos2TAPos@MegamapTAStuff@@AAEPAU_Position_Dword@@PAU2@HHH@Z 10004c00 f   MegamapTAStuff.obj
 0001:00003c80       ?TADrawRect@MegamapTAStuff@@QAEXPAU_OFFSCREEN@@HHHHHHH@Z 10004c80 f   MegamapTAStuff.obj
 0001:00003d60       ?TAPos2ScreenPos@MegamapTAStuff@@AAEPAUtagPOINT@@PAU2@III@Z 10004d60 f   MegamapTAStuff.obj
 0001:00003db0       ?UpdateTAGameStuffMEGA@MegamapTAStuff@@QAEXPAXHHPAH@Z 10004db0 f   MegamapTAStuff.obj
 0001:00003de0       ?UpdateTAGameStuffTA@MegamapTAStuff@@QAEXPAU_DDSURFACEDESC@@HHPAH@Z 10004de0 f   MegamapTAStuff.obj
 0001:00003e40       ?_Throw_bad_array_new_length@std@@YGXXZ 10004e40 f i MegamapTAStuff.obj
 0001:00003e60       ?_Xlength@?$vector@U_Position_Dword@@V?$allocator@U_Position_Dword@@@std@@@std@@CGXXZ 10004e60 f i MegamapTAStuff.obj
 0001:00003e70       ?what@exception@std@@UBEPBDXZ 10004e70 f i MegamapTAStuff.obj
 0001:00003e80       ___local_stdio_printf_options 10004e80 f i MegamapTAStuff.obj
 0001:00003e90       ??0ProjectileMap@@QAE@PAVFullScreenMinimap@@PAVUnitsMinimap@@@Z 10004e90 f   ProjectileMap.obj
 0001:00003eb0       ??1ProjectileMap@@QAE@XZ   10004eb0 f   ProjectileMap.obj
 0001:00003ec0       ?DrawNuke@ProjectileMap@@AAEXPAEPAUtagPOINT@@HHPAUProjectileStruct@@@Z 10004ec0 f   ProjectileMap.obj
 0001:00004010       ?DrawProjectile@ProjectileMap@@AAEXPAEPAUtagPOINT@@PAUProjectileStruct@@@Z 10005010 f   ProjectileMap.obj
 0001:00004210       ?DrawWeapon@ProjectileMap@@AAEXPAEPAUtagPOINT@@HH@Z 10005210 f   ProjectileMap.obj
 0001:000042d0       ?IsPosInPlayerLos@ProjectileMap@@AAEHIIPAUProjectileStruct@@@Z 100052d0 f   ProjectileMap.obj
 0001:00004380       ?NowDrawProjectile@ProjectileMap@@QAEXPAEPAUtagPOINT@@@Z 10005380 f   ProjectileMap.obj
 0001:000045b0       ??0TABMP@@QAE@XZ           100055b0 f   UnitIcon.obj
 0001:00004610       ??0UnitIcon@@QAE@PAD@Z     10005610 f   UnitIcon.obj
 0001:00004730       ??1TABMP@@QAE@XZ           10005730 f   UnitIcon.obj
 0001:00004780       ??1UnitIcon@@QAE@XZ        10005780 f   UnitIcon.obj
 0001:00004810       ?BufSize@UnitIcon@@QAEJXZ  10005810 f   UnitIcon.obj
 0001:00004830       ?Data@UnitIcon@@QAEPAEXZ   10005830 f   UnitIcon.obj
 0001:00004850       ?Height@UnitIcon@@QAEJXZ   10005850 f   UnitIcon.obj
 0001:00004880       ?Load@TABMP@@QAEXPAD@Z     10005880 f   UnitIcon.obj
 0001:00004a40       ?Transformer@TABMP@@QAEXPAEPAUtagLOGPALETTE@@PAUtagBITMAPINFO@@0@Z 10005a40 f   UnitIcon.obj
 0001:00004ad0       ?Width@UnitIcon@@QAEJXZ    10005ad0 f   UnitIcon.obj
 0001:00004af0       ?AddtionInit@@YGHPAUtagInlineX86StackBuffer@@@Z 10005af0 f   ddraw.obj
 0001:00004b80       ?AddtionInitAfterDDraw@@YGHPAUtagInlineX86StackBuffer@@@Z 10005b80 f   ddraw.obj
 0001:00004cb0       ?AddtionRelease@@YGXXZ     10005cb0 f   ddraw.obj
 0001:00004d00       ?AddtionReleaseAfterDDraw@@YGXXZ 10005d00 f   ddraw.obj
 0001:00004d60       ?DirectDrawCreate@@YGJPAU_GUID@@PAPAUIDirectDraw@@PAUIUnknown@@@Z 10005d60 f   ddraw.obj
 0001:00004e00       ?EnableSound@@YGXXZ        10005e00 f   ddraw.obj
 0001:00004e30       ?GetAddress@@YGP6GHXZPBD@Z 10005e30 f   ddraw.obj
 0001:00004e50       ?GetSysDir@@YGXXZ          10005e50 f   ddraw.obj
 0001:00004ed0       ?SetupFileMap@@YG_NXZ      10005ed0 f   ddraw.obj
 0001:00004f40       ?SetupLocalFileMap@@YG_NXZ 10005f40 f   ddraw.obj
 0001:00004fa0       ?SetupTAHookFileMap@@YGXXZ 10005fa0 f   ddraw.obj
 0001:00004ff0       ?ShutDownTAHookFileMap@@YGXXZ 10005ff0 f   ddraw.obj
 0001:00005020       ?ShutdownFileMap@@YGXXZ    10006020 f   ddraw.obj
 0001:00005050       ?ShutdownLocalFileMap@@YGXXZ 10006050 f   ddraw.obj
 0001:00005080       _AheadLib_AcquireDDThreadLock 10006080 f   ddraw.obj
 0001:00005090       _AheadLib_CompleteCreateSysmemSurface 10006090 f   ddraw.obj
 0001:000050a0       _AheadLib_D3DParseUnknownCommand 100060a0 f   ddraw.obj
 0001:000050b0       _AheadLib_DDGetAttachedSurfaceLcl 100060b0 f   ddraw.obj
 0001:000050c0       _AheadLib_DDInternalLock   100060c0 f   ddraw.obj
 0001:000050d0       _AheadLib_DDInternalUnlock 100060d0 f   ddraw.obj
 0001:000050e0       _AheadLib_DSoundHelp       100060e0 f   ddraw.obj
 0001:000050f0       _AheadLib_DirectDrawCreateClipper 100060f0 f   ddraw.obj
 0001:00005100       _AheadLib_DirectDrawCreateEx 10006100 f   ddraw.obj
 0001:00005110       _AheadLib_DirectDrawEnumerateA 10006110 f   ddraw.obj
 0001:00005120       _AheadLib_DirectDrawEnumerateExA 10006120 f   ddraw.obj
 0001:00005130       _AheadLib_DirectDrawEnumerateExW 10006130 f   ddraw.obj
 0001:00005140       _AheadLib_DirectDrawEnumerateW 10006140 f   ddraw.obj
 0001:00005150       _AheadLib_DllCanUnloadNow  10006150 f   ddraw.obj
 0001:00005160       _AheadLib_DllGetClassObject 10006160 f   ddraw.obj
 0001:00005170       _AheadLib_GetDDSurfaceLocal 10006170 f   ddraw.obj
 0001:00005180       _AheadLib_GetOLEThunkData  10006180 f   ddraw.obj
 0001:00005190       _AheadLib_GetSurfaceFromDC 10006190 f   ddraw.obj
 0001:000051a0       _AheadLib_RegisterSpecialCase 100061a0 f   ddraw.obj
 0001:000051b0       _AheadLib_ReleaseDDThreadLock 100061b0 f   ddraw.obj
 0001:000051c0       _AheadLib_SetAppCompatData 100061c0 f   ddraw.obj
 0001:000051d0       _DllMain@12                100061d0 f   ddraw.obj
 0001:00005580       ??0ExternHotKey@@QAE@XZ    10006580 f   ExternhotKey.obj
 0001:00005800       ??1ExternHotKey@@QAE@XZ    10006800 f   ExternhotKey.obj
 0001:00005980       ?AddRoutine_InitAfterExternKey@@YGXXZ 10006980 f   ExternhotKey.obj
 0001:000059a0       ?AddtionRoutine_CircleSelect@@YGHPAUtagInlineX86StackBuffer@@@Z 100069a0 f   ExternhotKey.obj
 0001:00005a50       ?AddtionRoutine_UnitINFOInit@@YGHPAUtagInlineX86StackBuffer@@@Z 10006a50 f   ExternhotKey.obj
 0001:00005a90       ?DestroyExternTypeMask@ExternHotKey@@QAEXXZ 10006a90 f   ExternhotKey.obj
 0001:00005b60       ?FilterSelectedUnit@ExternHotKey@@QAEHXZ 10006b60 f   ExternhotKey.obj
 0001:00005bd0       ?FilterSelectedUnitProc@ExternHotKey@@QAEHW4TAUnitType@@@Z 10006bd0 f   ExternhotKey.obj
 0001:00005d70       ?FindIdelFactory@ExternHotKey@@QAEXXZ 10006d70 f   ExternhotKey.obj
 0001:00005ec0       ?FindIdleConst@ExternHotKey@@QAEXXZ 10006ec0 f   ExternhotKey.obj
 0001:00006060       ?InitExternTypeMask@ExternHotKey@@QAEHXZ 10007060 f   ExternhotKey.obj
 0001:000065f0       ?Message@ExternHotKey@@QAE_NPAUHWND__@@IIJ@Z 100075f0 f   ExternhotKey.obj
 0001:00006890       ?SelectOnlyInScreenSameTypeUnit@ExternHotKey@@QAEHH@Z 10007890 f   ExternhotKey.obj
 0001:00006a10       ?SelectOnlyInScreenWeaponUnit@ExternHotKey@@QAEHI@Z 10007a10 f   ExternhotKey.obj
 0001:00006b20       ?SelectUnitInRect@ExternHotKey@@QAEHW4TAUnitType@@PAUtagRECT@@_N@Z 10007b20 f   ExternhotKey.obj
 0001:00006c40       ??0FullScreenMinimap@@QAE@HH@Z 10007c40 f   fullscreenminimap.obj
 0001:00006f60       ??1FullScreenMinimap@@QAE@XZ 10007f60 f   fullscreenminimap.obj
 0001:000070d0       ?BlockGUIState@FullScreenMinimap@@QAEXXZ 100080d0 f   fullscreenminimap.obj
 0001:000070e0       ?BlockTADraw@@YGHPAUtagInlineX86StackBuffer@@@Z 100080e0 f   fullscreenminimap.obj
 0001:00007120       ?DischargeGUIState@FullScreenMinimap@@QAEXXZ 10008120 f   fullscreenminimap.obj
 0001:00007130       ?DischargeTADraw@@YGHPAUtagInlineX86StackBuffer@@@Z 10008130 f   fullscreenminimap.obj
 0001:00007140       ?EnterMegaMap@FullScreenMinimap@@QAEXXZ 10008140 f   fullscreenminimap.obj
 0001:00007160       ?ForceTADrawBlit@@YGHPAUtagInlineX86StackBuffer@@@Z 10008160 f   fullscreenminimap.obj
 0001:00007190       ?IfRenderMegaThenBlock2@@YGXXZ 10008190 f   fullscreenminimap.obj
 0001:000071c0       ?IfRenderMegaThenBlock@@YGXXZ 100081c0 f   fullscreenminimap.obj
 0001:00007200       ?InitMinimap@FullScreenMinimap@@QAEXPAUtagTNTHeaderStruct@@PAUtagRECT@@@Z 10008200 f   fullscreenminimap.obj
 0001:00007a70       ?InitSurface@FullScreenMinimap@@QAEXPAUIDirectDraw@@@Z 10008a70 f   fullscreenminimap.obj
 0001:00007b00       ?InitSurface@FullScreenMinimap@@QAEXPAUIDirectDraw@@H@Z 10008b00 f   fullscreenminimap.obj
 0001:00007b90       ?IsBliting@FullScreenMinimap@@QAEHXZ 10008b90 f   fullscreenminimap.obj
 0001:00007ba0       ?LoadMap_Routine@@YGHPAUtagInlineX86StackBuffer@@@Z 10008ba0 f   fullscreenminimap.obj
 0001:00007bc0       ?LockBlit@FullScreenMinimap@@QAEXPAXHHH@Z 10008bc0 f   fullscreenminimap.obj
 0001:00007c20       ?MegamapFrameThd@@YGKXZ    10008c20 f   fullscreenminimap.obj
 0001:00007db0       ?Message@FullScreenMinimap@@QAE_NPAUHWND__@@IIJ@Z 10008db0 f   fullscreenminimap.obj
 0001:00007de0       ?PostGameScreenRendering@@YGXXZ 10008de0 f   fullscreenminimap.obj
 0001:00007e10       ?QuitMegaMap@FullScreenMinimap@@QAEXXZ 10008e10 f   fullscreenminimap.obj
 0001:00007e30       ?ReleaseSurface@FullScreenMinimap@@QAEXXZ 10008e30 f   fullscreenminimap.obj
 0001:00007e60       ?Set@FullScreenMinimap@@QAEXH@Z 10008e60 f   fullscreenminimap.obj
 0001:00007e90       ?SetVid@FullScreenMinimap@@QAEXH@Z 10008e90 f   fullscreenminimap.obj
 0001:00007ec0       ?UpdateFrame@FullScreenMinimap@@QAEXPAX@Z 10008ec0 f   fullscreenminimap.obj
 0001:000083c0       ?CopyGafSequenceToBits@@YGPAEPAEPAUtagPOINT@@PAU_GAFSequence@@H@Z 100093c0 f   gaf.obj
 0001:00008450       ?CopyGafToBits@@YGXPAEPAUtagPOINT@@IIPAU_GAFFrame@@PAUtagRECT@@@Z 10009450 f   gaf.obj
 0001:000084c0       ?CreateSurfByGafFrame@@YGPAUIDirectDrawSurface@@PAUIDirectDraw@@PAU_GAFFrame@@H@Z 100094c0 f   gaf.obj
 0001:00008650       ?CreateSurfByGafSequence@@YGPAUIDirectDrawSurface@@PAUIDirectDraw@@PAU_GAFSequence@@_N@Z 10009650 f   gaf.obj
 0001:00008820       ?InstanceGAFFrame@@YGPAEPAU_GAFFrame@@PAPAEPAUtagPOINT@@@Z 10009820 f   gaf.obj
 0001:000088e0       ??0GUIExpand@@QAE@XZ       100098e0 f   GuiExpand.obj
 0001:00008a90       ??1GUIExpand@@QAE@XZ       10009a90 f   GuiExpand.obj
 0001:00008af0       ?ApplySelectUnitMenu_Wapper@@YGXXZ 10009af0 f   HardCodeFunctions.obj
 0001:00008b20       ?ChatText@@YGHPAD@Z        10009b20 f   HardCodeFunctions.obj
 0001:00008b80       ?CleanIDMaskInTypeAry@@YG_NGQAK@Z 10009b80 f   HardCodeFunctions.obj
 0001:00008bb0       ?CountSelectedUnits@@YGHXZ 10009bb0 f   HardCodeFunctions.obj
 0001:00008c30       ?DeselectUnits@@YGXXZ      10009c30 f   HardCodeFunctions.obj
 0001:00008cb0       ?DrawDotteCircle@@YGHPAEPAUtagPOINT@@HHHHHH@Z 10009cb0 f   HardCodeFunctions.obj
 0001:00008d20       ?DrawRadarCircle@@YGHPAEPAUtagPOINT@@HHHH@Z 10009d20 f   HardCodeFunctions.obj
 0001:00008d90       ?DrawTextInScreen_ez@@YG_NPAU_OFFSCREEN@@PADHH@Z 10009d90 f   HardCodeFunctions.obj
 0001:00008db0       ?GetMaxScrollX@@YGHXZ      10009db0 f   HardCodeFunctions.obj
 0001:00008dd0       ?GetMaxScrollY@@YGHXZ      10009dd0 f   HardCodeFunctions.obj
 0001:00008df0       ?GetUnitIDMaskAryByCategory@@YGPAKPAD@Z 10009df0 f   HardCodeFunctions.obj
 0001:00008e70       ?IsPlayerAllyUnit@@YGHHH@Z 10009e70 f   HardCodeFunctions.obj
 0001:00008ef0       ?MatchInTypeAry@@YG_NGQAK@Z 10009ef0 f   HardCodeFunctions.obj
 0001:00008f20       ?PauseCDMusic@@YGHXZ       10009f20 f   HardCodeFunctions.obj
 0001:00008f40       ?ScrollToCenter@@YGXHH@Z   10009f40 f   HardCodeFunctions.obj
 0001:00008fd0       ?SendOrder@@YGXIIIH_N@Z    10009fd0 f   HardCodeFunctions.obj
 0001:00009040       ?SetIDMaskInTypeAry@@YG_NGQAK@Z 1000a040 f   HardCodeFunctions.obj
 0001:00009070       ?UpdateSelectUnitEffect@@YGXXZ 1000a070 f   HardCodeFunctions.obj
 0001:00009090       ?UpdateTAProcess@@YGHXZ    1000a090 f   HardCodeFunctions.obj
 0001:00009110       ?ViewPlayerLos_Replay@@YGHHH@Z 1000a110 f   HardCodeFunctions.obj
 0001:00009240       ?freeTAMem@@YGXPAX@Z       1000a240 f   HardCodeFunctions.obj
 0001:000092a0       ?resumeOffScreen@@YGXXZ    1000a2a0 f   HardCodeFunctions.obj
 0001:000092b0       ?resumeScreenPlatte@@YGXXZ 1000a2b0 f   HardCodeFunctions.obj
 0001:00009300       _sprintf_s                 1000a300 f i HardCodeFunctions.obj
 0001:00009330       ??0ModifyHook@@QAE@IHKPAEKK@Z 1000a330 f   ModifyHook.obj
 0001:000093c0       ??0ModifyHook@@QAE@PAEHK0KK@Z 1000a3c0 f   ModifyHook.obj
 0001:00009450       ??0ModifyHook@@QAE@XZ      1000a450 f   ModifyHook.obj
 0001:00009490       ??1ModifyHook@@QAE@XZ      1000a490 f   ModifyHook.obj
 0001:00009510       ?Hook@ModifyHook@@UAEXXZ   1000a510 f   ModifyHook.obj
 0001:000095c0       ?InitHookClass@ModifyHook@@AAEXPAEHK0KK@Z 1000a5c0 f   ModifyHook.obj
 0001:00009700       ??0_TAHPI@@QAE@H@Z         1000a700 f   HPIfunc.obj
 0001:000097c0       ??1_TAHPI@@QAE@XZ          1000a7c0 f   HPIfunc.obj
 0001:000097f0       ?TADontInit@@YGHPAUtagInlineX86StackBuffer@@@Z 1000a7f0 f   HPIfunc.obj
 0001:00009810       ?fclose@_TAHPI@@QAEHPAU_OPENTAFILE@@@Z 1000a810 f   HPIfunc.obj
 0001:00009820       ?filelen@_TAHPI@@QAEIPAU_OPENTAFILE@@@Z 1000a820 f   HPIfunc.obj
 0001:00009830       ?filelength@_TAHPI@@QAEIPAD@Z 1000a830 f   HPIfunc.obj
 0001:00009840       ?fopen@_TAHPI@@QAEPAU_OPENTAFILE@@PAD0@Z 1000a840 f   HPIfunc.obj
 0001:00009850       ?free_readfile@_TAHPI@@QAEXPAD@Z 1000a850 f   HPIfunc.obj
 0001:00009860       ?read@_TAHPI@@QAEHPAU_OPENTAFILE@@PAXH@Z 1000a860 f   HPIfunc.obj
 0001:00009870       ?readfile@_TAHPI@@QAEPADPADPAI@Z 1000a870 f   HPIfunc.obj
 0001:00009880       ??0IDDraw@@QAE@PAUIDirectDraw@@_N@Z 1000a880 f   iddraw.obj
 0001:00009900       ?AddRef@IDDraw@@UAGKXZ     1000a900 f   iddraw.obj
 0001:00009920       ?Compact@IDDraw@@UAGJXZ    1000a920 f   iddraw.obj
 0001:00009940       ?CreateClipper@IDDraw@@UAGJKPAPAUIDirectDrawClipper@@PAUIUnknown@@@Z 1000a940 f   iddraw.obj
 0001:00009960       ?CreatePalette@IDDraw@@UAGJKPAUtagPALETTEENTRY@@PAPAUIDirectDrawPalette@@PAUIUnknown@@@Z 1000a960 f   iddraw.obj
 0001:00009980       ?CreateSurface@IDDraw@@UAGJPAU_DDSURFACEDESC@@PAPAUIDirectDrawSurface@@PAUIUnknown@@@Z 1000a980 f   iddraw.obj
 0001:00009a10       ?DuplicateSurface@IDDraw@@UAGJPAUIDirectDrawSurface@@PAPAU2@@Z 1000aa10 f   iddraw.obj
 0001:00009a30       ?EnumDisplayModes@IDDraw@@UAGJKPAU_DDSURFACEDESC@@PAXP6GJ01@Z@Z 1000aa30 f   iddraw.obj
 0001:00009a50       ?EnumSurfaces@IDDraw@@UAGJKPAU_DDSURFACEDESC@@PAXP6GJPAUIDirectDrawSurface@@01@Z@Z 1000aa50 f   iddraw.obj
 0001:00009a70       ?FlipToGDISurface@IDDraw@@UAGJXZ 1000aa70 f   iddraw.obj
 0001:00009a90       ?GetCaps@IDDraw@@UAGJPAU_DDCAPS_DX7@@0@Z 1000aa90 f   iddraw.obj
 0001:00009ab0       ?GetDisplayMode@IDDraw@@UAGJPAU_DDSURFACEDESC@@@Z 1000aab0 f   iddraw.obj
 0001:00009ad0       ?GetFourCCCodes@IDDraw@@UAGJPAK0@Z 1000aad0 f   iddraw.obj
 0001:00009af0       ?GetGDISurface@IDDraw@@UAGJPAPAUIDirectDrawSurface@@@Z 1000aaf0 f   iddraw.obj
 0001:00009b10       ?GetMonitorFrequency@IDDraw@@UAGJPAK@Z 1000ab10 f   iddraw.obj
 0001:00009b30       ?GetScanLine@IDDraw@@UAGJPAK@Z 1000ab30 f   iddraw.obj
 0001:00009b50       ?GetVerticalBlankStatus@IDDraw@@UAGJPAH@Z 1000ab50 f   iddraw.obj
 0001:00009b70       ?Initialize@IDDraw@@UAGJPAU_GUID@@@Z 1000ab70 f   iddraw.obj
 0001:00009b90       ?QueryInterface@IDDraw@@UAGJABU_GUID@@PAPAX@Z 1000ab90 f   iddraw.obj
 0001:00009bb0       ?Release@IDDraw@@UAGKXZ    1000abb0 f   iddraw.obj
 0001:00009be0       ?RestoreDisplayMode@IDDraw@@UAGJXZ 1000abe0 f   iddraw.obj
 0001:00009c00       ?SetCooperativeLevel@IDDraw@@UAGJPAUHWND__@@K@Z 1000ac00 f   iddraw.obj
 0001:00009c30       ?SetDisplayMode@IDDraw@@UAGJKKK@Z 1000ac30 f   iddraw.obj
 0001:00009c80       ?WaitForVerticalBlank@IDDraw@@UAGJKPAX@Z 1000ac80 f   iddraw.obj
 0001:00009ca0       ?resume@IDDraw@@QAGXXZ     1000aca0 f   iddraw.obj
 0001:00009cc0       ??0IDDrawSurface@@QAE@PAUIDirectDraw@@PAU_DDSURFACEDESC@@PAPAUIDirectDrawSurface@@PAUIUnknown@@PAJ_NHH@Z 1000acc0 f   iddrawsurface.obj
 0001:0000a090       ?AddAttachedSurface@IDDrawSurface@@UAGJPAUIDirectDrawSurface@@@Z 1000b090 f   iddrawsurface.obj
 0001:0000a0b0       ?AddOverlayDirtyRect@IDDrawSurface@@UAGJPAUtagRECT@@@Z 1000b0b0 f   iddrawsurface.obj
 0001:0000a0d0       ?AddRef@IDDrawSurface@@UAGKXZ 1000b0d0 f   iddrawsurface.obj
 0001:0000a0f0       ?Blt@IDDrawSurface@@UAGJPAUtagRECT@@PAUIDirectDrawSurface@@0KPAU_DDBLTFX@@@Z 1000b0f0 f   iddrawsurface.obj
 0001:0000a110       ?BltBatch@IDDrawSurface@@UAGJPAU_DDBLTBATCH@@KK@Z 1000b110 f   iddrawsurface.obj
 0001:0000a130       ?BltFast@IDDrawSurface@@UAGJKKPAUIDirectDrawSurface@@PAUtagRECT@@K@Z 1000b130 f   iddrawsurface.obj
 0001:0000a150       ?CorrectName@IDDrawSurface@@QAEXPAD@Z 1000b150 f   iddrawsurface.obj
 0001:0000a1b0       ?CreateClipplist@IDDrawSurface@@QAEXXZ 1000b1b0 f   iddrawsurface.obj
 0001:0000a350       ?CreateDir@IDDrawSurface@@QAEXPAD@Z 1000b350 f   iddrawsurface.obj
 0001:0000a3d0       ?CreateFileName@IDDrawSurface@@AAEXPADH@Z 1000b3d0 f   iddrawsurface.obj
 0001:0000a6e0       ?DeInterlace@IDDrawSurface@@AAEXXZ 1000b6e0 f   iddrawsurface.obj
 0001:0000a770       ?DeleteAttachedSurface@IDDrawSurface@@UAGJKPAUIDirectDrawSurface@@@Z 1000b770 f   iddrawsurface.obj
 0001:0000a790       ?EnumAttachedSurfaces@IDDrawSurface@@UAGJPAXP6GJPAUIDirectDrawSurface@@PAU_DDSURFACEDESC@@0@Z@Z 1000b790 f   iddrawsurface.obj
 0001:0000a7b0       ?EnumOverlayZOrders@IDDrawSurface@@UAGJKPAXP6GJPAUIDirectDrawSurface@@PAU_DDSURFACEDESC@@0@Z@Z 1000b7b0 f   iddrawsurface.obj
 0001:0000a7d0       ?Flip@IDDrawSurface@@UAGJPAUIDirectDrawSurface@@K@Z 1000b7d0 f   iddrawsurface.obj
 0001:0000a7f0       ?FrontSurface@IDDrawSurface@@QAEXPAUIDirectDrawSurface@@@Z 1000b7f0 f   iddrawsurface.obj
 0001:0000a800       ?GetAttachedSurface@IDDrawSurface@@UAGJPAU_DDSCAPS@@PAPAUIDirectDrawSurface@@@Z 1000b800 f   iddrawsurface.obj
 0001:0000a9d0       ?GetBltStatus@IDDrawSurface@@UAGJK@Z 1000b9d0 f   iddrawsurface.obj
 0001:0000a9f0       ?GetCaps@IDDrawSurface@@UAGJPAU_DDSCAPS@@@Z 1000b9f0 f   iddrawsurface.obj
 0001:0000aa10       ?GetClipper@IDDrawSurface@@UAGJPAPAUIDirectDrawClipper@@@Z 1000ba10 f   iddrawsurface.obj
 0001:0000aa30       ?GetColorKey@IDDrawSurface@@UAGJKPAU_DDCOLORKEY@@@Z 1000ba30 f   iddrawsurface.obj
 0001:0000aa50       ?GetDC@IDDrawSurface@@UAGJPAPAUHDC__@@@Z 1000ba50 f   iddrawsurface.obj
 0001:0000aa70       ?GetFlipStatus@IDDrawSurface@@UAGJK@Z 1000ba70 f   iddrawsurface.obj
 0001:0000aa90       ?GetOverlayPosition@IDDrawSurface@@UAGJPAJ0@Z 1000ba90 f   iddrawsurface.obj
 0001:0000aab0       ?GetPalette@IDDrawSurface@@UAGJPAPAUIDirectDrawPalette@@@Z 1000bab0 f   iddrawsurface.obj
 0001:0000aad0       ?GetPixelFormat@IDDrawSurface@@UAGJPAU_DDPIXELFORMAT@@@Z 1000bad0 f   iddrawsurface.obj
 0001:0000aaf0       ?GetSurfaceDesc@IDDrawSurface@@UAGJPAU_DDSURFACEDESC@@@Z 1000baf0 f   iddrawsurface.obj
 0001:0000ab10       ?Initialize@IDDrawSurface@@UAGJPAUIDirectDraw@@PAU_DDSURFACEDESC@@@Z 1000bb10 f   iddrawsurface.obj
 0001:0000ab30       ?IsLost@IDDrawSurface@@UAGJXZ 1000bb30 f   iddrawsurface.obj
 0001:0000ab60       ?Lock@IDDrawSurface@@UAGJPAUtagRECT@@PAU_DDSURFACEDESC@@KPAX@Z 1000bb60 f   iddrawsurface.obj
 0001:0000ac20       ?OutptInt@IDDrawSurface@@SGXH@Z 1000bc20 f   iddrawsurface.obj
 0001:0000ac50       ?OutptTxt@IDDrawSurface@@SGXPAD@Z 1000bc50 f   iddrawsurface.obj
 0001:0000ac60       ?QueryInterface@IDDrawSurface@@UAGJABU_GUID@@PAPAX@Z 1000bc60 f   iddrawsurface.obj
 0001:0000ac80       ?Release@IDDrawSurface@@UAGKXZ 1000bc80 f   iddrawsurface.obj
 0001:0000ae20       ?ReleaseDC@IDDrawSurface@@UAGJPAUHDC__@@@Z 1000be20 f   iddrawsurface.obj
 0001:0000ae40       ?Restore@IDDrawSurface@@UAGJXZ 1000be40 f   iddrawsurface.obj
 0001:0000ae80       ?ScreenShot@IDDrawSurface@@QAEXXZ 1000be80 f   iddrawsurface.obj
 0001:0000b010       ?Set@IDDrawSurface@@QAEX_N@Z 1000c010 f   iddrawsurface.obj
 0001:0000b020       ?SetClipper@IDDrawSurface@@UAGJPAUIDirectDrawClipper@@@Z 1000c020 f   iddrawsurface.obj
 0001:0000b040       ?SetColorKey@IDDrawSurface@@UAGJKPAU_DDCOLORKEY@@@Z 1000c040 f   iddrawsurface.obj
 0001:0000b060       ?SetOverlayPosition@IDDrawSurface@@UAGJJJ@Z 1000c060 f   iddrawsurface.obj
 0001:0000b080       ?SetPalette@IDDrawSurface@@UAGJPAUIDirectDrawPalette@@@Z 1000c080 f   iddrawsurface.obj
 0001:0000b0b0       ?Unlock@IDDrawSurface@@UAGJPAX@Z 1000c0b0 f   iddrawsurface.obj
 0001:0000b2d0       ?UpdateOverlay@IDDrawSurface@@UAGJPAUtagRECT@@PAUIDirectDrawSurface@@0KPAU_DDOVERLAYFX@@@Z 1000c2d0 f   iddrawsurface.obj
 0001:0000b2f0       ?UpdateOverlayDisplay@IDDrawSurface@@UAGJK@Z 1000c2f0 f   iddrawsurface.obj
 0001:0000b310       ?UpdateOverlayZOrder@IDDrawSurface@@UAGJKPAUIDirectDrawSurface@@@Z 1000c310 f   iddrawsurface.obj
 0001:0000b330       ?WinProc@@YGJPAUHWND__@@IIJ@Z 1000c330 f   iddrawsurface.obj
 0001:0000b5d0       ??0TAGameAreaReDrawer@@QAE@XZ 1000c5d0 f   GameRedrawer.obj
 0001:0000b5f0       ??1TAGameAreaReDrawer@@QAE@XZ 1000c5f0 f   GameRedrawer.obj
 0001:0000b630       ?Cls@TAGameAreaReDrawer@@QAEXXZ 1000c630 f   GameRedrawer.obj
 0001:0000b650       ?Flip@TAGameAreaReDrawer@@QAEPAEXZ 1000c650 f   GameRedrawer.obj
 0001:0000b660       ?GrayBlitOfBits@TAGameAreaReDrawer@@QAEHPAUtagRECT@@PAEPAUtagPOINT@@0H@Z 1000c660 f   GameRedrawer.obj
 0001:0000b7f0       ?InitOwnSurface@TAGameAreaReDrawer@@QAEPAEPAUIDirectDraw@@H@Z 1000c7f0 f   GameRedrawer.obj
 0001:0000b890       ?MixBitsInBlit@TAGameAreaReDrawer@@QAEHPAUtagRECT@@PAEPAUtagPOINT@@0@Z 1000c890 f   GameRedrawer.obj
 0001:0000ba40       ?MixDSufInBlit@TAGameAreaReDrawer@@QAEHPAEPAUtagRECT@@01@Z 1000ca40 f   GameRedrawer.obj
 0001:0000bab0       ?ReleaseSurface@TAGameAreaReDrawer@@QAEXXZ 1000cab0 f   GameRedrawer.obj
 0001:0000baf0       ?TAWGameAreaRect@TAGameAreaReDrawer@@QAEQAUtagRECT@@PAU2@@Z 1000caf0 f   GameRedrawer.obj
 0001:0000bb40       ?backSurface_p@TAGameAreaReDrawer@@QAEQAEXZ 1000cb40 f   GameRedrawer.obj
 0001:0000bb50       ?frontSurface_p@TAGameAreaReDrawer@@QAEQAEXZ 1000cb50 f   GameRedrawer.obj
 0001:0000bb60       ??0MiniMapPicture@@QAE@HH@Z 1000cb60 f   MapParse.obj
 0001:0000bba0       ??0TNTtoMiniMap@@QAE@KK@Z  1000cba0 f   MapParse.obj
 0001:0000bc70       ??0TNTtoMiniMap@@QAE@XZ    1000cc70 f   MapParse.obj
 0001:0000bd30       ??1MiniMapPicture@@QAE@XZ  1000cd30 f   MapParse.obj
 0001:0000bd50       ??1TNTtoMiniMap@@QAE@XZ    1000cd50 f   MapParse.obj
 0001:0000bdc0       ?DrawMiniMap@MiniMapPicture@@QAEHPAEPAUtagRECT@@HH1@Z 1000cdc0 f   MapParse.obj
 0001:0000c0e0       ?DrawMiniMap@TNTtoMiniMap@@QAEHPAEHH@Z 1000d0e0 f   MapParse.obj
 0001:0000c120       ?DrawRectMapToBuf@TNTtoMiniMap@@AAEPAEPAPAEPAUtagTNTHeaderStruct@@PAUtagRECT@@@Z 1000d120 f   MapParse.obj
 0001:0000c190       ?MapFromTNTFileA@TNTtoMiniMap@@QAEXPAD@Z 1000d190 f   MapParse.obj
 0001:0000c250       ?MapFromTNTInMem@TNTtoMiniMap@@QAEXPAX@Z 1000d250 f   MapParse.obj
 0001:0000c2e0       ?MapFromValidTNTHeader@TNTtoMiniMap@@QAEXPAUtagTNTHeaderStruct@@@Z 1000d2e0 f   MapParse.obj
 0001:0000c310       ?ParseMyTNTHeader@TNTtoMiniMap@@QAEPAUtagTNTHeaderStruct@@PAU2@@Z 1000d310 f   MapParse.obj
 0001:0000c380       ?PictureInfo@MiniMapPicture@@QAEPAEPAPAEPAUtagPOINT@@@Z 1000d380 f   MapParse.obj
 0001:0000c3a0       ?PictureInfo@TNTtoMiniMap@@QAEPAEPAPAEPAUtagPOINT@@@Z 1000d3a0 f   MapParse.obj
 0001:0000c3c0       ?StretchTAMapToMiniMap@MiniMapPicture@@QAEPAEPAEPAUtagRECT@@@Z 1000d3c0 f   MapParse.obj
 0001:0000c570       ?StretchTATNTDataToMiniMap@MiniMapPicture@@QAEPAEPAUtagTNTHeaderStruct@@@Z 1000d570 f   MapParse.obj
 0001:0000c780       ??0MenuResolution@@QAE@H@Z 1000d780 f   MenuResolution.obj
 0001:0000c7d0       ??0MenuResolution@@QAE@HH@Z 1000d7d0 f   MenuResolution.obj
 0001:0000c830       ??1MenuResolution@@QAE@XZ  1000d830 f   MenuResolution.obj
 0001:0000c900       ?InstallHook@MenuResolution@@AAEXXZ 1000d900 f   MenuResolution.obj
 0001:0000cab0       ?UninstallHook@MenuResolution@@AAEXXZ 1000dab0 f   MenuResolution.obj
 0001:0000cb80       ?sub_00491A75@@YGHPAUtagInlineX86StackBuffer@@@Z 1000db80 f   MenuResolution.obj
 0001:0000cc30       ?sub_00491B01@@YGHPAUtagInlineX86StackBuffer@@@Z 1000dc30 f   MenuResolution.obj
 0001:0000ccd0       ?sub_0049E91C@@YGHPAUtagInlineX86StackBuffer@@@Z 1000dcd0 f   MenuResolution.obj
 0001:0000cd40       ?sub_0049E93B@@YGHPAUtagInlineX86StackBuffer@@@Z 1000dd40 f   MenuResolution.obj
 0001:0000cdb0       ??0ModifyWeaponPacket@@QAE@H@Z 1000ddb0 f   MultiGameWeaponID.obj
 0001:0000cde0       ??0ModifyWeaponPacket@@QAE@XZ 1000dde0 f   MultiGameWeaponID.obj
 0001:0000ce00       ??1ModifyWeaponPacket@@QAE@XZ 1000de00 f   MultiGameWeaponID.obj
 0001:0000cef0       ?EnsureDplayx@ModifyWeaponPacket@@AAEXH@Z 1000def0 f   MultiGameWeaponID.obj
 0001:0000d230       ?FeaturePacket@ModifyWeaponPacket@@AAEXH@Z 1000e230 f   MultiGameWeaponID.obj
 0001:0000d380       ?ModifyRoutine@ModifyWeaponPacket@@AAEXH@Z 1000e380 f   MultiGameWeaponID.obj
 0001:0000d460       ??$_Copy_memmove@PAPAUTAShareMemStruct@CDDDTA@@PAPAU12@@std@@YGPAPAUTAShareMemStruct@CDDDTA@@PAPAU12@00@Z 1000e460 f i dddta.obj
 0001:0000d490       ??$_Uninitialized_value_construct_n_unchecked1@PAPAUTAShareMemStruct@CDDDTA@@I@std@@YGPAPAUTAShareMemStruct@CDDDTA@@PAPAU12@I@Z 1000e490 f i dddta.obj
 0001:0000d4c0       ??$_Zero_range@PAPAUTAShareMemStruct@CDDDTA@@@std@@YGPAPAUTAShareMemStruct@CDDDTA@@QAPAU12@0@Z 1000e4c0 f i dddta.obj
 0001:0000d4e0       ??$uninitialized_copy@PAPAUTAShareMemStruct@CDDDTA@@PAPAU12@@std@@YGPAPAUTAShareMemStruct@CDDDTA@@QAPAU12@0PAPAU12@@Z 1000e4e0 f i dddta.obj
 0001:0000d510       ??0CDDDTA@@QAE@XZ          1000e510 f   dddta.obj
 0001:0000d5f0       ??1?$deque@UTAShareMemStruct@CDDDTA@@V?$allocator@UTAShareMemStruct@CDDDTA@@@std@@@std@@QAE@XZ 1000e5f0 f i dddta.obj
 0001:0000d610       ??1CDDDTA@@QAE@XZ          1000e610 f   dddta.obj
 0001:0000d670       ?Blit@CDDDTA@@QAEXPAUIDirectDrawSurface@@@Z 1000e670 f   dddta.obj
 0001:0000d680       ?ChatStrnCpy@@YAPADPADPBDI@Z 1000e680 f   dddta.obj
 0001:0000d6f0       ?CheckMessages@CDDDTA@@AAEXXZ 1000e6f0 f   dddta.obj
 0001:0000d7d0       ?CreateSharedTAMem@CDDDTA@@AAEXHHPAD@Z 1000e7d0 f   dddta.obj
 0001:0000d910       ?DeInitDDDTA@CDDDTA@@QAEXXZ 1000e910 f   dddta.obj
 0001:0000da00       ?DeleteMem@@YAXPAX@Z       1000ea00 f   dddta.obj
 0001:0000db10       ?FrameUpdate@CDDDTA@@QAEXXZ 1000eb10 f   dddta.obj
 0001:0000e100       ?InitDDDTA@CDDDTA@@AAEXXZ  1000f100 f   dddta.obj
 0001:0000e3a0       ?Message@CDDDTA@@QAE_NPAUHWND__@@IIJ@Z 1000f3a0 f   dddta.obj
 0001:0000e3e0       ?Moo@CDDDTA@@QAEXXZ        1000f3e0 f   dddta.obj
 0001:0000e440       ?Print@CDDDTA@@AAEXPAUHDC__@@PAUPrimitiveStruct@@@Z 1000f440 f   dddta.obj
 0001:0000e570       ?RestoreAllSharedTAMem@CDDDTA@@AAEXXZ 1000f570 f   dddta.obj
 0001:0000e5f0       ?SendTextToSpring@CDDDTA@@QAEXPBD@Z 1000f5f0 f   dddta.obj
 0001:0000e650       ?WriteExplosion@CDDDTA@@AAEXXZ 1000f650 f   dddta.obj
 0001:0000e920       ?WriteProjectiles@CDDDTA@@AAEXXZ 1000f920 f   dddta.obj
 0001:0000ea60       ?WriteSmoke@CDDDTA@@AAEXXZ 1000fa60 f   dddta.obj
 0001:0000ebd0       ?WriteSubPart@CDDDTA@@AAEXPAUSubPart@@PAUPrimitiveStruct@@@Z 1000fbd0 f   dddta.obj
 0001:0000ec90       ?WriteUnits@CDDDTA@@AAEXXZ 1000fc90 f   dddta.obj
 0001:0000ee40       ?_Growmap@?$deque@UTAShareMemStruct@CDDDTA@@V?$allocator@UTAShareMemStruct@CDDDTA@@@std@@@std@@AAEXI@Z 1000fe40 f i dddta.obj
 0001:0000efe0       ?_Tidy@?$deque@UTAShareMemStruct@CDDDTA@@V?$allocator@UTAShareMemStruct@CDDDTA@@@std@@@std@@AAEXXZ 1000ffe0 f i dddta.obj
 0001:0000f070       ?_Xlen@?$deque@UTAShareMemStruct@CDDDTA@@V?$allocator@UTAShareMemStruct@CDDDTA@@@std@@@std@@ABEXXZ 10010070 f i dddta.obj
 0001:0000f080       ??0CBookmarks@@QAE@XZ      10010080 f   bookmarks.obj
 0001:0000f090       ??1CBookmarks@@QAE@XZ      10010090 f   bookmarks.obj
 0001:0000f0a0       ?Blit@CBookmarks@@QAEXPAUIDirectDrawSurface@@@Z 100100a0 f   bookmarks.obj
 0001:0000f0b0       ?Message@CBookmarks@@QAE_NPAUHWND__@@IIJ@Z 100100b0 f   bookmarks.obj
 0001:0000f0c0       ??0CChangeQueue@@QAE@XZ    100100c0 f   changequeue.obj
 0001:0000f0e0       ??1CChangeQueue@@QAE@XZ    100100e0 f   changequeue.obj
 0001:0000f0f0       ?Blit@CChangeQueue@@QAEXPAUIDirectDrawSurface@@@Z 100100f0 f   changequeue.obj
 0001:0000f100       ?Message@CChangeQueue@@QAE_NPAUHWND__@@IIJ@Z 10010100 f   changequeue.obj
 0001:0000f1a0       ?Write@@YGXPAUHWND__@@@Z   100101a0 f   changequeue.obj
 0001:0000f1f0       ??$sprintf_s@$0GE@@@YAHAAY0GE@DPBDZZ 100101f0 f i cinomce.obj
 0001:0000f220       ??0CIncome@@QAE@H@Z        10010220 f   cinomce.obj
 0001:0000f400       ??1CIncome@@QAE@XZ         10010400 f   cinomce.obj
 0001:0000f410       ?BlitIncome@CIncome@@QAEXPAE@Z 10010410 f   cinomce.obj
 0001:0000f690       ?CorrectPos@CIncome@@AAEXXZ 10010690 f   cinomce.obj
 0001:0000f890       ?DrawPlayerRect@CIncome@@AAEXHHD@Z 10010890 f   cinomce.obj
 0001:0000f8e0       ?DrawStorageText@CIncome@@AAEHMHH@Z 100108e0 f   cinomce.obj
 0001:0000f9b0       ?DrawTextA@CIncome@@AAEXPADHHD@Z 100109b0 f   cinomce.obj
 0001:0000fbd0       ?FillRect@CIncome@@AAEXD@Z 10010bd0 f   cinomce.obj
 0001:0000fc30       ?GetPlayerColor@CIncome@@AAEEH@Z 10010c30 f   cinomce.obj
 0001:0000fc50       ?IsShow@CIncome@@QAE_NPAUtagRECT@@@Z 10010c50 f   cinomce.obj
 0001:0000fc90       ?Message@CIncome@@QAE_NPAUHWND__@@IIJ@Z 10010c90 f   cinomce.obj
 0001:00010030       ?PaintStoragebar@CIncome@@AAEXHHHH@Z 10011030 f   cinomce.obj
 0001:00010180       ?ReadPos@CIncome@@AAEXXZ   10011180 f   cinomce.obj
 0001:00010220       ?Set@CIncome@@QAEXH@Z      10011220 f   cinomce.obj
 0001:00010230       ?ShowAllIncome@CIncome@@AAEHXZ 10011230 f   cinomce.obj
 0001:00010300       ?ShowAllyIncome@CIncome@@AAEHXZ 10011300 f   cinomce.obj
 0001:00010650       ?ShowMyViewIncome@CIncome@@AAEXHH@Z 10011650 f   cinomce.obj
 0001:00010880       ?ShowPlayerIncome@CIncome@@AAEXHHH@Z 10011880 f   cinomce.obj
 0001:00010af0       ?WritePos@CIncome@@AAEXXZ  10011af0 f   cinomce.obj
 0001:00010b90       ?inRect@CIncome@@AAE_NHH@Z 10011b90 f   cinomce.obj
 0001:00010e10       ??0CWarp@@QAE@H@Z          10011e10 f   commanderwarp.obj
 0001:00010e70       ??1CWarp@@QAE@XZ           10011e70 f   commanderwarp.obj
 0001:00010ec0       ?Blit@CWarp@@QAEXPAUIDirectDrawSurface@@@Z 10011ec0 f   commanderwarp.obj
 0001:00010f00       ?BlitBtn@CWarp@@AAEXPAE@Z  10011f00 f   commanderwarp.obj
 0001:00010fc0       ?Message@CWarp@@QAE_NPAUHWND__@@IIJ@Z 10011fc0 f   commanderwarp.obj
 0001:00011100       ?SetPos@CWarp@@AAEXHH@Z    10012100 f   commanderwarp.obj
 0001:00011130       ?WithinButton@CWarp@@AAE_NHH@Z 10012130 f   commanderwarp.obj
 0001:00011170       ??0Dialog@@QAE@H@Z         10012170 f   dialog.obj
 0001:00011380       ??1Dialog@@QAE@XZ          10012380 f   dialog.obj
 0001:00011390       ?BlitCursor@Dialog@@QAEXPAEHH@Z 10012390 f   dialog.obj
 0001:00011470       ?BlitDialog@Dialog@@QAEXPAE@Z 10012470 f   dialog.obj
 0001:00011610       ?CorrectPos@Dialog@@AAEXXZ 10012610 f   dialog.obj
 0001:00011660       ?DrawBackgroundButton@Dialog@@AAEXXZ 10012660 f   dialog.obj
 0001:00011730       ?DrawDelay@Dialog@@AAEXXZ  10012730 f   dialog.obj
 0001:000117e0       ?DrawFullRings@Dialog@@AAEXXZ 100127e0 f   dialog.obj
 0001:00011960       ?DrawKeyCode@Dialog@@AAEXXZ 10012960 f   dialog.obj
 0001:00011a20       ?DrawMegaMapKey@Dialog@@AAEXXZ 10012a20 f   dialog.obj
 0001:00011aa0       ?DrawOptimizeDT@Dialog@@AAEXXZ 10012aa0 f   dialog.obj
 0001:00011c20       ?DrawShareBox@Dialog@@AAEXXZ 10012c20 f   dialog.obj
 0001:00011e10       ?DrawSmallText@Dialog@@QAEXPAEHHPAD@Z 10012e10 f   dialog.obj
 0001:00012240       ?DrawTextA@Dialog@@QAEXPAEHHPAD@Z 10013240 f   dialog.obj
 0001:00012670       ?DrawTinyText@Dialog@@AAEXPADHHD@Z 10013670 f   dialog.obj
 0001:00012960       ?DrawVSync@Dialog@@AAEXXZ  10013960 f   dialog.obj
 0001:00012a10       ?DrawVisibleButton@Dialog@@AAEXXZ 10013a10 f   dialog.obj
 0001:00012a50       ?DrawWhiteboardKey@Dialog@@AAEXXZ 10013a50 f   dialog.obj
 0001:00012ad0       ?EnterOption@@YGHPAUtagInlineX86StackBuffer@@@Z 10013ad0 f   dialog.obj
 0001:00012af0       ?FillRect@Dialog@@AAEXHHHHD@Z 10013af0 f   dialog.obj
 0001:00012bb0       ?HideDialog@Dialog@@QAEXXZ 10013bb0 f   dialog.obj
 0001:00012d70       ?Inside@Dialog@@AAE_NHHH@Z 10013d70 f   dialog.obj
 0001:00012ec0       ?IsShow@Dialog@@QAE_NPAUtagRECT@@@Z 10013ec0 f   dialog.obj
 0001:00012f00       ?Message@Dialog@@QAE_NPAUHWND__@@IIJ@Z 10013f00 f   dialog.obj
 0001:00013830       ?PressInOption@@YGHPAUtagInlineX86StackBuffer@@@Z 10014830 f   dialog.obj
 0001:00013860       ?ReadPos@Dialog@@AAEXXZ    10014860 f   dialog.obj
 0001:000138e0       ?ReadSettings@Dialog@@QAEXXZ 100148e0 f   dialog.obj
 0001:00013ad0       ?RenderDialog@Dialog@@QAEXPAE@Z 10014ad0 f   dialog.obj
 0001:00014210       ?RestoreAll@Dialog@@QAEXXZ 10015210 f   dialog.obj
 0001:000142f0       ?RestoreCursor@Dialog@@AAEXXZ 100152f0 f   dialog.obj
 0001:000143f0       ?SetAll@Dialog@@QAEXXZ     100153f0 f   dialog.obj
 0001:000144a0       ?SetVisibleList@Dialog@@AAEXXZ 100154a0 f   dialog.obj
 0001:000144b0       ?ShowDialog@Dialog@@QAEXXZ 100154b0 f   dialog.obj
 0001:00014530       ?WritePos@Dialog@@AAEXXZ   10015530 f   dialog.obj
 0001:000145d0       ?WriteSettings@Dialog@@AAEXXZ 100155d0 f   dialog.obj
 0001:000146f0       ??0CMapRect@@QAE@H@Z       100156f0 f   maprect.obj
 0001:00014af0       ??1CMapRect@@QAE@XZ        10015af0 f   maprect.obj
 0001:00014b30       ?Blit@CMapRect@@QAEXPAUIDirectDrawSurface@@@Z 10015b30 f   maprect.obj
 0001:00014cf0       ?GetMapMaxX@CMapRect@@AAEHXZ 10015cf0 f   maprect.obj
 0001:00014d00       ?GetMapMaxY@CMapRect@@AAEHXZ 10015d00 f   maprect.obj
 0001:00014d10       ?LockBlit@CMapRect@@QAEXPADH@Z 10015d10 f   maprect.obj
 0001:00014fa0       ?PaintRect@CMapRect@@AAEXXZ 10015fa0 f   maprect.obj
 0001:000150b0       ?WorldToMiniX@CMapRect@@QAEHH@Z 100160b0 f   maprect.obj
 0001:000150f0       ?WorldToMiniY@CMapRect@@QAEHH@Z 100160f0 f   maprect.obj
 0001:00015130       ??0CMinimapHandler@@QAE@XZ 10016130 f   MinimapHandler.obj
 0001:00015150       ??1CMinimapHandler@@UAE@XZ 10016150 f   MinimapHandler.obj
 0001:00015160       ??_ECMinimapHandler@@UAEPAXI@Z 10016160 f i MinimapHandler.obj
 0001:00015160       ??_GCMinimapHandler@@UAEPAXI@Z 10016160 f i MinimapHandler.obj
 0001:00015190       ?DeinitMinimap@CMinimapHandler@@QAEXXZ 10016190 f   MinimapHandler.obj
 0001:000151c0       ?FrameUpdate@CMinimapHandler@@QAEXXZ 100161c0 f   MinimapHandler.obj
 0001:00015230       ?InitMinimap@CMinimapHandler@@QAEXPAUSharedMem@@@Z 10016230 f   MinimapHandler.obj
 0001:000152d0       ??0ShareDialogExpand@@QAE@H@Z 100162d0 f   sharedialog.obj
 0001:000153b0       ??1ShareDialogExpand@@QAE@XZ 100163b0 f   sharedialog.obj
 0001:000153f0       ?EnergyPosProc@@YGXPAU_GUIInfo@@H@Z 100163f0 f   sharedialog.obj
 0001:000154c0       ?GameSpeedPosProc@@YGXPAU_GUIInfo@@H@Z 100164c0 f   sharedialog.obj
 0001:00015510       ?MetalPosProc@@YGXPAU_GUIInfo@@H@Z 10016510 f   sharedialog.obj
 0001:000155e0       ?ShareDialogInit@@YGHPAUtagInlineX86StackBuffer@@@Z 100165e0 f   sharedialog.obj
 0001:00015960       ?ShareDialogProc@@YGHPAUtagInlineX86StackBuffer@@@Z 10016960 f   sharedialog.obj
 0001:00015b70       ??0TABugFixing@@QAE@XZ     10016b70 f   TABugFix.obj
 0001:00015f20       ??1TABugFixing@@QAE@XZ     10016f20 f   TABugFix.obj
 0001:000160a0       ?AntiCheat@TABugFixing@@QAEHXZ 100170a0 f   TABugFix.obj
 0001:000160d0       ?BadModelHunter@@YGHPAUtagInlineX86StackBuffer@@@Z 100170d0 f   TABugFix.obj
 0001:000163e0       ?CDMusic_MenuProc@@YGHPAUtagInlineX86StackBuffer@@@Z 100173e0 f   TABugFix.obj
 0001:00016400       ?CDMusic_VictoryProc@@YGHPAUtagInlineX86StackBuffer@@@Z 10017400 f   TABugFix.obj
 0001:00016410       ?EnterProc@@YGHPAUtagInlineX86StackBuffer@@@Z 10017410 f   TABugFix.obj
 0001:00016430       ?LeaveProc@@YGHPAUtagInlineX86StackBuffer@@@Z 10017430 f   TABugFix.obj
 0001:00016450       ?LogToErrorlog@@YGXPAD@Z   10017450 f   TABugFix.obj
 0001:000164c0       ?Message@TABugFixing@@QAE_NPAUHWND__@@IIJ@Z 100174c0 f   TABugFix.obj
 0001:000164d0       ?UnitDeath_BeforeUpdateUI_Proc@@YGHPAUtagInlineX86StackBuffer@@@Z 100174d0 f   TABugFix.obj
 0001:000164f0       ?UnitIDOutRange_Proc@@YGHPAUtagInlineX86StackBuffer@@@Z 100174f0 f   TABugFix.obj
 0001:00016520       ?UnitVolumeYequZero_Proc@@YGHPAUtagInlineX86StackBuffer@@@Z 10017520 f   TABugFix.obj
 0001:00016540       ?VectoredHandler@@YGJPAU_EXCEPTION_POINTERS@@@Z 10017540 f   TABugFix.obj
 0001:00016550       ?resume_EHA@@YGKPAX@Z      10017550 f   TABugFix.obj
 0001:00016570       ??$_Copy_memmove@PAPAVRegDword@@PAPAV1@@std@@YGPAPAVRegDword@@PAPAV1@00@Z 10017570 f i TAConfig.obj
 0001:000165a0       ??$_Copy_memmove@PAPAVRegString@@PAPAV1@@std@@YGPAPAVRegString@@PAPAV1@00@Z 100175a0 f i TAConfig.obj
 0001:000165d0       ??$_Emplace_reallocate@ABQAVRegDword@@@?$vector@PAVRegDword@@V?$allocator@PAVRegDword@@@std@@@std@@AAEPAPAVRegDword@@QAPAV2@ABQAV2@@Z 100175d0 f i TAConfig.obj
 0001:00016730       ??$_Emplace_reallocate@ABQAVRegString@@@?$vector@PAVRegString@@V?$allocator@PAVRegString@@@std@@@std@@AAEPAPAVRegString@@QAPAV2@ABQAV2@@Z 10017730 f i TAConfig.obj
 0001:00016890       ??0CAtlException@ATL@@QAE@J@Z 10017890 f i TAConfig.obj
 0001:000168a0       ??0RegDword@@QAE@PADHK@Z   100178a0 f   TAConfig.obj
 0001:000168f0       ??0RegString@@QAE@PADH0H@Z 100178f0 f   TAConfig.obj
 0001:00016960       ??0TADRConfig@@QAE@XZ      10017960 f   TAConfig.obj
 0001:00016c80       ??1?$vector@PAVRegDword@@V?$allocator@PAVRegDword@@@std@@@std@@QAE@XZ 10017c80 f i TAConfig.obj
 0001:00016ce0       ??1?$vector@PAVRegString@@V?$allocator@PAVRegString@@@std@@@std@@QAE@XZ 10017ce0 f i TAConfig.obj
 0001:00016d40       ??1RegDword@@QAE@XZ        10017d40 f   TAConfig.obj
 0001:00016d60       ??1RegString@@QAE@XZ       10017d60 f   TAConfig.obj
 0001:00016d90       ??1TADRConfig@@QAE@XZ      10017d90 f   TAConfig.obj
 0001:00016f00       ?AtlCrtErrorCheck@ATL@@YGHH@Z 10017f00 f i TAConfig.obj
 0001:00016fb0       ?AtlThrowImpl@ATL@@YGXJ@Z  10017fb0 f i TAConfig.obj
 0001:00016fd0       ?EnumIniRegInfo_Begin@TADRConfig@@QAEHPAPAU_EnumRegInfo@@PAPBDPAPBX@Z 10017fd0 f   TAConfig.obj
 0001:00017030       ?EnumIniRegInfo_End@TADRConfig@@QAEHPAPAU_EnumRegInfo@@@Z 10018030 f   TAConfig.obj
 0001:00017070       ?EnumIniRegInfo_Next@TADRConfig@@QAEHPAPAU_EnumRegInfo@@PAPBDPAPBX@Z 10018070 f   TAConfig.obj
 0001:000170e0       ?FindRegDword@TADRConfig@@QAEKPADK@Z 100180e0 f   TAConfig.obj
 0001:000171d0       ?FindRegStr@TADRConfig@@QAEPBDPADPBD@Z 100181d0 f   TAConfig.obj
 0001:000172c0       ?GetIniBool@TADRConfig@@QAEHPBDH@Z 100182c0 f   TAConfig.obj
 0001:00017330       ?GetIniCrc@TADRConfig@@QAEIXZ 10018330 f   TAConfig.obj
 0001:00017340       ?GetIniInt@TADRConfig@@QAEHPBDH@Z 10018340 f   TAConfig.obj
 0001:00017360       ?GetIniStr@TADRConfig@@QAEHPBDPADK1@Z 10018360 f   TAConfig.obj
 0001:000173a0       ?LoadIniRegSetting@TADRConfig@@AAEXPAE@Z 100183a0 f   TAConfig.obj
 0001:00017820       ?Name@RegDword@@QAEPBDXZ   10018820 f   TAConfig.obj
 0001:00017830       ?Name@RegString@@QAEPBDXZ  10018830 f   TAConfig.obj
 0001:00017840       ?ReadTAReg_Dword@TADRConfig@@QAEJPADPAK@Z 10018840 f   TAConfig.obj
 0001:00017870       ?ReadTAReg_Str@TADRConfig@@QAEJPADPBDK@Z 10018870 f   TAConfig.obj
 0001:000178a0       ?SetIniBool@TADRConfig@@QAEHPBDH@Z 100188a0 f   TAConfig.obj
 0001:00017930       ?Str@RegString@@QAEPBDXZ   10018930 f   TAConfig.obj
 0001:00017940       ?TARegPath_HKEY@TADRConfig@@AAEPAUHKEY__@@XZ 10018940 f   TAConfig.obj
 0001:000179a0       ?Value@RegDword@@QAEKXZ    100189a0 f   TAConfig.obj
 0001:000179b0       ?WriteTAReg_Dword@TADRConfig@@QAEJPADK@Z 100189b0 f   TAConfig.obj
 0001:000179e0       ?WriteTAReg_Str@TADRConfig@@QAEJPADPBDK@Z 100189e0 f   TAConfig.obj
 0001:00017a10       ?_Xlength@?$vector@PAVRegDword@@V?$allocator@PAVRegDword@@@std@@@std@@CGXXZ 10018a10 f i TAConfig.obj
 0001:00017a20       ?_Xlength@?$vector@PAVRegString@@V?$allocator@PAVRegString@@@std@@@std@@CGXXZ 10018a20 f i TAConfig.obj
 0001:00017a30       ??$_Integral_to_string@DH@std@@YG?AV?$basic_string@DU?$char_traits@D@std@@V?$allocator@D@2@@0@H@Z 10018a30 f i tahook.obj
 0001:00017aa0       ??$_UIntegral_to_buff@DI@std@@YGPADPADI@Z 10018aa0 f i tahook.obj
 0001:00017ae0       ??0?$basic_string@DU?$char_traits@D@std@@V?$allocator@D@2@@std@@QAE@XZ 10018ae0 f i tahook.obj
 0001:00017b00       ??0CTAHook@@QAE@H@Z        10018b00 f   tahook.obj
 0001:00017ce0       ??1?$basic_string@DU?$char_traits@D@std@@V?$allocator@D@2@@std@@QAE@XZ 10018ce0 f i tahook.obj
 0001:00017d30       ??1CTAHook@@QAE@XZ         10018d30 f   tahook.obj
 0001:00017d80       ?Blit@CTAHook@@QAEXPAUIDirectDrawSurface@@@Z 10018d80 f   tahook.obj
 0001:00017d90       ?CalculateLine@CTAHook@@AAEXXZ 10018d90 f   tahook.obj
 0001:00017fa0       ?CalculateRing@CTAHook@@AAEXHHHH@Z 10018fa0 f   tahook.obj
 0001:00018330       ?CalculateRing@CTAHook@@AAEXXZ 10019330 f   tahook.obj
 0001:00018390       ?ClickBuilding@CTAHook@@AAEXHH@Z 10019390 f   tahook.obj
 0001:00018400       ?DisableTABuildRect@CTAHook@@AAEXXZ 10019400 f   tahook.obj
 0001:00018430       ?DrawBuildRect@CTAHook@@AAEXHHHHH@Z 10019430 f   tahook.obj
 0001:00018570       ?EnableTABuildRect@CTAHook@@AAEXXZ 10019570 f   tahook.obj
 0001:000185a0       ?GetFootX@CTAHook@@AAEFXZ  100195a0 f   tahook.obj
 0001:000185c0       ?GetFootY@CTAHook@@AAEFXZ  100195c0 f   tahook.obj
 0001:000185e0       ?IsLineBuilding@CTAHook@@QAEHXZ 100195e0 f   tahook.obj
 0001:00018600       ?Message@CTAHook@@QAE_NPAUHWND__@@IIJ@Z 10019600 f   tahook.obj
 0001:00018be0       ?OptimizeDTRows@CTAHook@@AAEXXZ 10019be0 f   tahook.obj
 0001:00018e60       ?PaintMinimapRect@CTAHook@@AAEXXZ 10019e60 f   tahook.obj
 0001:00018e80       ?Set@CTAHook@@QAEXHPAD_N1H@Z 10019e80 f   tahook.obj
 0001:00018ec0       ?TABlit@CTAHook@@QAEXXZ    10019ec0 f   tahook.obj
 0001:00018f80       ?UpdateSpacing@CTAHook@@AAEXXZ 10019f80 f   tahook.obj
 0001:00018fb0       ?VisualizeRow@CTAHook@@AAEXXZ 10019fb0 f   tahook.obj
 0001:000191f0       ?VisualizeRow_ForME_megamap@CTAHook@@QAEXPAU_OFFSCREEN@@@Z 1001a1f0 f   tahook.obj
 0001:000192e0       ?WriteDTLine@CTAHook@@AAEXXZ 1001a2e0 f   tahook.obj
 0001:000193a0       ?WriteScrollDTLine@CTAHook@@AAEXXZ 1001a3a0 f   tahook.obj
 0001:000193b0       ?WriteShareMacro@CTAHook@@QAEXXZ 1001a3b0 f   tahook.obj
 0001:000199b0       ?_Xlen_string@std@@YGXXZ   1001a9b0 f i tahook.obj
 0001:000199c0       ?_Xran@?$_String_val@U?$_Simple_types@D@std@@@std@@SGXXZ 1001a9c0 f i tahook.obj
 0001:000199d0       ?allocate@?$allocator@D@std@@QAEPADI@Z 1001a9d0 f i tahook.obj
 0001:00019a30       ?assign@?$basic_string@DU?$char_traits@D@std@@V?$allocator@D@2@@std@@QAEAAV12@QBDI@Z 1001aa30 f i tahook.obj
 0001:00019b20       ?insert@?$basic_string@DU?$char_traits@D@std@@V?$allocator@D@2@@std@@QAEAAV12@IQBDI@Z 1001ab20 f i tahook.obj
 0001:00019d00       ??$_Copy_memmove@PAPADPAPAD@std@@YGPAPADPAPAD00@Z 1001ad00 f i UnicodeSupport.obj
 0001:00019d30       ??$_Emplace_reallocate@PAD@?$vector@PADV?$allocator@PAD@std@@@std@@AAEPAPADQAPAD$$QAPAD@Z 1001ad30 f i UnicodeSupport.obj
 0001:00019e90       ??0UnicodeSupport@@QAE@H@Z 1001ae90 f   UnicodeSupport.obj
 0001:00019ff0       ??0UnicodeSupport@@QAE@PBDKKH@Z 1001aff0 f   UnicodeSupport.obj
 0001:0001a430       ??1?$vector@PADV?$allocator@PAD@std@@@std@@QAE@XZ 1001b430 f i UnicodeSupport.obj
 0001:0001a490       ??1UnicodeSupport@@QAE@XZ  1001b490 f   UnicodeSupport.obj
 0001:0001a640       ?Blt@UnicodeSupport@@QAE_NPAUIDirectDrawSurface@@@Z 1001b640 f   UnicodeSupport.obj
 0001:0001a7a0       ?Blt_BottomState0_Text@@YGHPAUtagInlineX86StackBuffer@@@Z 1001b7a0 f   UnicodeSupport.obj
 0001:0001a880       ?Blt_BottomState1_Text@@YGHPAUtagInlineX86StackBuffer@@@Z 1001b880 f   UnicodeSupport.obj
 0001:0001a960       ?CopyToContextScreenMem@@YGXPAU_OFFSCREEN@@PAUtagSpecScreenSurface@@@Z 1001b960 f   UnicodeSupport.obj
 0001:0001a9f0       ?CopyToSpecSurfaceMem@@YGXPAUtagSpecScreenSurface@@PAU_OFFSCREEN@@@Z 1001b9f0 f   UnicodeSupport.obj
 0001:0001aa80       ?CreateSurfaceFromContextScreen@UnicodeSupport@@QAEPAUIDirectDrawSurface@@PAU_OFFSCREEN@@PAUIDirectDraw@@PAPAU2@@Z 1001ba80 f   UnicodeSupport.obj
 0001:0001ab00       ?DBSC2rdByte@@YGHPAUtagInlineX86StackBuffer@@@Z 1001bb00 f   UnicodeSupport.obj
 0001:0001ab90       ?DrawALine_Ime@UnicodeSupport@@AAEXPAUHDC__@@PADPAH2@Z 1001bb90 f   UnicodeSupport.obj
 0001:0001ac00       ?DrawSeparator@UnicodeSupport@@AAEHPAUHDC__@@HPAH1PAUHBRUSH__@@@Z 1001bc00 f   UnicodeSupport.obj
 0001:0001ac40       ?FreeSpecScreenSurface@UnicodeSupport@@AAEXPAUtagSpecScreenSurface@@@Z 1001bc40 f   UnicodeSupport.obj
 0001:0001ace0       ?GetSpecScreenSurface@UnicodeSupport@@AAEPAUtagSpecScreenSurface@@PAU_OFFSCREEN@@@Z 1001bce0 f   UnicodeSupport.obj
 0001:0001ae50       ?GetStrExtent@@YGHPAUtagInlineX86StackBuffer@@@Z 1001be50 f   UnicodeSupport.obj
 0001:0001ae90       ?GetTextExtent_AssignCharLen@@YGHPAUtagInlineX86StackBuffer@@@Z 1001be90 f   UnicodeSupport.obj
 0001:0001aee0       ?IsIDDrawLost@UnicodeSupport@@AAEHXZ 1001bee0 f   UnicodeSupport.obj
 0001:0001af00       ?Message@UnicodeSupport@@QAE_NPAUHWND__@@IIJ@Z 1001bf00 f   UnicodeSupport.obj
 0001:0001b310       ?NewSpecScreenSurface@UnicodeSupport@@AAEPAUtagSpecScreenSurface@@PAU_OFFSCREEN@@@Z 1001c310 f   UnicodeSupport.obj
 0001:0001b420       ?PopadState@@YGHPAUtagInlineX86StackBuffer@@@Z 1001c420 f   UnicodeSupport.obj
 0001:0001b4b0       ?ReleaseCandidateList@UnicodeSupport@@AAEXXZ 1001c4b0 f   UnicodeSupport.obj
 0001:0001b510       ?RestoreLocalSurf@UnicodeSupport@@AAEXH@Z 1001c510 f   UnicodeSupport.obj
 0001:0001b5b0       ?SendStr@UnicodeSupport@@AAEXPAD@Z 1001c5b0 f   UnicodeSupport.obj
 0001:0001b5f0       ?Set@UnicodeSupport@@QAEXH@Z 1001c5f0 f   UnicodeSupport.obj
 0001:0001b600       ?SetHDCFont@UnicodeSupport@@AAEXPAUHDC__@@PAUHFONT__@@@Z 1001c600 f   UnicodeSupport.obj
 0001:0001b630       ?USDrawTextInScreen_HookRouter@@YGHPAUtagInlineX86StackBuffer@@@Z 1001c630 f   UnicodeSupport.obj
 0001:0001b710       ?UnicodeDrawTextA@UnicodeSupport@@QAEHPAU_OFFSCREEN@@PADPAUIDirectDraw@@HH@Z 1001c710 f   UnicodeSupport.obj
 0001:0001b8f0       ?UpdateImeFrame@UnicodeSupport@@AAE_NXZ 1001c8f0 f   UnicodeSupport.obj
 0001:0001bb00       ?UpdateImeInput@UnicodeSupport@@AAE_NXZ 1001cb00 f   UnicodeSupport.obj
 0001:0001bcc0       ?_Xlength@?$vector@PADV?$allocator@PAD@std@@@std@@CGXXZ 1001ccc0 f i UnicodeSupport.obj
 0001:0001bcd0       ?freelpImeSurface@UnicodeSupport@@AAEXXZ 1001ccd0 f   UnicodeSupport.obj
 0001:0001bd30       ?myDeleteChar@@YGHPAUtagInlineX86StackBuffer@@@Z 1001cd30 f   UnicodeSupport.obj
 0001:0001bdd0       ?myValidChar@@YGHPAUtagInlineX86StackBuffer@@@Z 1001cdd0 f   UnicodeSupport.obj
 0001:0001bf50       ??0IncreaseAISearchMapEntriesLimit@@QAE@K@Z 1001cf50 f   LimitCrack.obj
 0001:0001bfd0       ??0IncreaseAISearchMapEntriesLimit@@QAE@XZ 1001cfd0 f   LimitCrack.obj
 0001:0001c050       ??0IncreaseCompositeBuf@@QAE@KK@Z 1001d050 f   LimitCrack.obj
 0001:0001c070       ??0IncreaseCompositeBuf@@QAE@XZ 1001d070 f   LimitCrack.obj
 0001:0001c110       ??0IncreaseSfxLimit@@QAE@K@Z 1001d110 f   LimitCrack.obj
 0001:0001c130       ??0IncreaseSfxLimit@@QAE@XZ 1001d130 f   LimitCrack.obj
 0001:0001c150       ??0IncreaseUnitTypeLimit@@QAE@H@Z 1001d150 f   LimitCrack.obj
 0001:0001c170       ??0IncreaseUnitTypeLimit@@QAE@XZ 1001d170 f   LimitCrack.obj
 0001:0001c190       ??0IncreaseWeaponTypeLimit@@QAE@K@Z 1001d190 f   LimitCrack.obj
 0001:0001c1b0       ??0IncreaseWeaponTypeLimit@@QAE@XZ 1001d1b0 f   LimitCrack.obj
 0001:0001c1d0       ??0LimitCrack@@QAE@XZ      1001d1d0 f   LimitCrack.obj
 0001:0001c590       ??0UnitLimit@@QAE@K@Z      1001d590 f   LimitCrack.obj
 0001:0001c6f0       ??0UnitLimit@@QAE@XZ       1001d6f0 f   LimitCrack.obj
 0001:0001c710       ??1IncreaseAISearchMapEntriesLimit@@QAE@XZ 1001d710 f   LimitCrack.obj
 0001:0001c740       ??1IncreaseCompositeBuf@@QAE@XZ 1001d740 f   LimitCrack.obj
 0001:0001c760       ??1IncreaseSfxLimit@@QAE@XZ 1001d760 f   LimitCrack.obj
 0001:0001c7c0       ??1IncreaseUnitTypeLimit@@QAE@XZ 1001d7c0 f   LimitCrack.obj
 0001:0001c8e0       ??1IncreaseWeaponTypeLimit@@QAE@XZ 1001d8e0 f   LimitCrack.obj
 0001:0001c9d0       ??1LimitCrack@@QAE@XZ      1001d9d0 f   LimitCrack.obj
 0001:0001cbe0       ??1UnitLimit@@QAE@XZ       1001dbe0 f   LimitCrack.obj
 0001:0001cc70       ??_GIncreaseUnitTypeLimit@@QAEPAXI@Z 1001dc70 f i LimitCrack.obj
 0001:0001cdb0       ?NewLimit@IncreaseWeaponTypeLimit@@AAEXK@Z 1001ddb0 f   LimitCrack.obj
 0001:0001d070       ?NewUnitLimit@UnitLimit@@AAEXK@Z 1001e070 f   LimitCrack.obj
 0001:0001d1b0       ?SetNewLimit@IncreaseSfxLimit@@AAEXKK@Z 1001e1b0 f   LimitCrack.obj
 0001:0001d2b0       ?Sfx_mallocBufSizeRouter@@YGHPAUtagInlineX86StackBuffer@@@Z 1001e2b0 f   LimitCrack.obj
 0001:0001d2d0       ?WeaponType_IdLimit@IncreaseWeaponTypeLimit@@AAEXXZ 1001e2d0 f   LimitCrack.obj
 0001:0001d3a0       ?WriteNewLimit@IncreaseCompositeBuf@@AAEXKK@Z 1001e3a0 f   LimitCrack.obj
 0001:0001d440       ?WriteNewLimit@IncreaseUnitTypeLimit@@AAEXK@Z 1001e440 f   LimitCrack.obj
 0001:0001d850       ?WriteWeaponAryLen@IncreaseWeaponTypeLimit@@AAEKK@Z 1001e850 f   LimitCrack.obj
 0001:0001d8e0       ?WriteWeaponAryPtr@IncreaseWeaponTypeLimit@@AAEPAXPAPAX@Z 1001e8e0 f   LimitCrack.obj
 0001:0001d9c0       ??0UnitsMinimap@@QAE@PAVFullScreenMinimap@@HHHHHHHHHHHHHHHHPAH@Z 1001e9c0 f   UnitMinimap.obj
 0001:0001da40       ??0UnitsMinimap@@QAE@PAVFullScreenMinimap@@HHHHHHHHHHHHHHPAH@Z 1001ea40 f   UnitMinimap.obj
 0001:0001dac0       ??1UnitsMinimap@@QAE@XZ    1001eac0 f   UnitMinimap.obj
 0001:0001db00       ?DrawUnit@UnitsMinimap@@AAEXPAEPAUtagPOINT@@PAUUnitStruct@@@Z 1001eb00 f   UnitMinimap.obj
 0001:0001e330       ?FreeUnitPicture@UnitsMinimap@@QAEXXZ 1001f330 f   UnitMinimap.obj
 0001:0001e510       ?GetSurface@UnitsMinimap@@QAEPAEXZ 1001f510 f   UnitMinimap.obj
 0001:0001e520       ?GetTransparentColor@UnitsMinimap@@QAEHXZ 1001f520 f   UnitMinimap.obj
 0001:0001e530       ?Init@UnitsMinimap@@QAEXHHHHHHHHHHHHHHPAH@Z 1001f530 f   UnitMinimap.obj
 0001:0001e8e0       ?InitHoverPicturePlayerColors@UnitsMinimap@@AAEXHHHHPAPAPAE@Z 1001f8e0 f   UnitMinimap.obj
 0001:0001ea40       ?InitPicturePlayerColors@UnitsMinimap@@AAEXHHPAPAPAE@Z 1001fa40 f   UnitMinimap.obj
 0001:0001eb90       ?InitSurface@UnitsMinimap@@QAEPAEPAUIDirectDraw@@H@Z 1001fb90 f   UnitMinimap.obj
 0001:0001ebf0       ?InitUnSelectedPicturePlayerColors@UnitsMinimap@@AAEXHHHHPAPAPAE@Z 1001fbf0 f   UnitMinimap.obj
 0001:0001ed50       ?LoadUnitPicture@UnitsMinimap@@QAEXXZ 1001fd50 f   UnitMinimap.obj
 0001:0001fb10       ?LockOn@UnitsMinimap@@QAEPAEPAPAEPAUtagPOINT@@@Z 10020b10 f   UnitMinimap.obj
 0001:0001fb40       ?NowDrawUnits@UnitsMinimap@@QAEXPAEPAUtagPOINT@@@Z 10020b40 f   UnitMinimap.obj
 0001:0001fc20       ?NukePicture@UnitsMinimap@@QAEPAEHPAPAEPAUtagPOINT@@@Z 10020c20 f   UnitMinimap.obj
 0001:0001fcd0       ?ReSet@UnitsMinimap@@QAEXHH@Z 10020cd0 f   UnitMinimap.obj
 0001:0001fd10       ?ReleaseSurface@UnitsMinimap@@QAEXXZ 10020d10 f   UnitMinimap.obj
 0001:0001fd30       ?UnitPicture@UnitsMinimap@@QAEPAEPAUUnitStruct@@HPAPAEPAUtagPOINT@@@Z 10020d30 f   UnitMinimap.obj
 0001:000204c0       ?Unlock@UnitsMinimap@@QAEXPAE@Z 100214c0 f   UnitMinimap.obj
 0001:000204d0       ??0CUnitRotate@@QAE@XZ     100214d0 f   unitrotate.obj
 0001:000204e0       ??1CUnitRotate@@QAE@XZ     100214e0 f   unitrotate.obj
 0001:000204f0       ?Message@CUnitRotate@@QAE_NPAUHWND__@@IIJ@Z 100214f0 f   unitrotate.obj
 0001:00020640       ?Rotate@CUnitRotate@@AAEXXZ 10021640 f   unitrotate.obj
 0001:00020770       ?SetMem@CUnitRotate@@AAEXXZ 10021770 f   unitrotate.obj
 0001:000207b0       ??$_Copy_memmove@PAPAPAVGraphicElement@@PAPAPAV1@@std@@YGPAPAPAVGraphicElement@@PAPAPAV1@00@Z 100217b0 f i whiteboard.obj
 0001:000207e0       ??$_Copy_memmove@PAPAUMMHS@AlliesWhiteboard@@PAPAU12@@std@@YGPAPAUMMHS@AlliesWhiteboard@@PAPAU12@00@Z 100217e0 f i whiteboard.obj
 0001:00020810       ??$_Uninitialized_value_construct_n_unchecked1@PAPAPAVGraphicElement@@I@std@@YGPAPAPAVGraphicElement@@PAPAPAV1@I@Z 10021810 f i whiteboard.obj
 0001:00020840       ??$_Uninitialized_value_construct_n_unchecked1@PAPAUMMHS@AlliesWhiteboard@@I@std@@YGPAPAUMMHS@AlliesWhiteboard@@PAPAU12@I@Z 10021840 f i whiteboard.obj
 0001:00020870       ??$_Zero_range@PAPAPAVGraphicElement@@@std@@YGPAPAPAVGraphicElement@@QAPAPAV1@0@Z 10021870 f i whiteboard.obj
 0001:00020890       ??$_Zero_range@PAPAUMMHS@AlliesWhiteboard@@@std@@YGPAPAUMMHS@AlliesWhiteboard@@QAPAU12@0@Z 10021890 f i whiteboard.obj
 0001:000208b0       ??$uninitialized_copy@PAPAPAVGraphicElement@@PAPAPAV1@@std@@YGPAPAPAVGraphicElement@@QAPAPAV1@0PAPAPAV1@@Z 100218b0 f i whiteboard.obj
 0001:000208e0       ??$uninitialized_copy@PAPAUMMHS@AlliesWhiteboard@@PAPAU12@@std@@YGPAPAUMMHS@AlliesWhiteboard@@QAPAU12@0PAPAU12@@Z 100218e0 f i whiteboard.obj
 0001:00020910       ??0AlliesWhiteboard@@QAE@H@Z 10021910 f   whiteboard.obj
 0001:00020d40       ??0GraphicText@@QAE@HHPADD@Z 10021d40 f i whiteboard.obj
 0001:00020dd0       ??1?$deque@PAVGraphicElement@@V?$allocator@PAVGraphicElement@@@std@@@std@@QAE@XZ 10021dd0 f i whiteboard.obj
 0001:00020e70       ??1?$deque@UMMHS@AlliesWhiteboard@@V?$allocator@UMMHS@AlliesWhiteboard@@@std@@@std@@QAE@XZ 10021e70 f i whiteboard.obj
 0001:00020e90       ??1?$vector@PAVGraphicElement@@V?$allocator@PAVGraphicElement@@@std@@@std@@QAE@XZ 10021e90 f i whiteboard.obj
 0001:00020ef0       ??1AlliesWhiteboard@@QAE@XZ 10021ef0 f   whiteboard.obj
 0001:00020fa0       ??1GraphicElement@@UAE@XZ  10021fa0 f i whiteboard.obj
 0001:00020fb0       ??1GraphicText@@UAE@XZ     10021fb0 f i whiteboard.obj
 0001:00020fd0       ??1GraphicTextEdited@@UAE@XZ 10021fd0 f i whiteboard.obj
 0001:00020ff0       ??_EDeleteGraphic@@UAEPAXI@Z 10021ff0 f i whiteboard.obj
 0001:00020ff0       ??_GDeleteGraphic@@UAEPAXI@Z 10021ff0 f i whiteboard.obj
 0001:00021020       ??_EGraphicElement@@UAEPAXI@Z 10022020 f i whiteboard.obj
 0001:00021020       ??_GGraphicElement@@UAEPAXI@Z 10022020 f i whiteboard.obj
 0001:00021050       ??_EGraphicLine@@UAEPAXI@Z 10022050 f i whiteboard.obj
 0001:00021050       ??_GGraphicLine@@UAEPAXI@Z 10022050 f i whiteboard.obj
 0001:00021080       ??_EGraphicText@@UAEPAXI@Z 10022080 f i whiteboard.obj
 0001:00021080       ??_GGraphicText@@UAEPAXI@Z 10022080 f i whiteboard.obj
 0001:000210c0       ??_EGraphicTextEdited@@UAEPAXI@Z 100220c0 f i whiteboard.obj
 0001:000210c0       ??_GGraphicTextEdited@@UAEPAXI@Z 100220c0 f i whiteboard.obj
 0001:00021100       ?AddTextMarker@AlliesWhiteboard@@AAEXHHPADD@Z 10022100 f   whiteboard.obj
 0001:00021200       ?AddTextMarker@AlliesWhiteboard@@AAEXXZ 10022200 f   whiteboard.obj
 0001:00021380       ?Blit@AlliesWhiteboard@@QAEXPAE@Z 10022380 f   whiteboard.obj
 0001:00021420       ?Clip_Line@AlliesWhiteboard@@QAEHAAH000@Z 10022420 f   whiteboard.obj
 0001:00021a00       ?DeleteMarker@AlliesWhiteboard@@AAEXHH@Z 10022a00 f   whiteboard.obj
 0001:00021a60       ?Draw@GraphicElement@@UAEXXZ 10022a60 f i whiteboard.obj
 0001:00021a70       ?Draw@GraphicLine@@UAEXXZ  10022a70 f i whiteboard.obj
 0001:00021a80       ?Draw@GraphicText@@UAEXXZ  10022a80 f i whiteboard.obj
 0001:00021a90       ?DrawFreeLine@AlliesWhiteboard@@QAEXHHHHDPADH@Z 10022a90 f   whiteboard.obj
 0001:00021ad0       ?DrawLine@AlliesWhiteboard@@QAEXHHHHDPADH@Z 10022ad0 f   whiteboard.obj
 0001:00021b40       ?DrawMarkers@AlliesWhiteboard@@AAEXPAE@Z 10022b40 f   whiteboard.obj
 0001:00021cc0       ?DrawMinimapMarkers@AlliesWhiteboard@@QAEXPADH_N@Z 10022cc0 f   whiteboard.obj
 0001:00021f30       ?DrawRotateRect@AlliesWhiteboard@@AAEXHHHPADH@Z 10022f30 f   whiteboard.obj
 0001:000221b0       ?DrawTextInput@AlliesWhiteboard@@AAEXPAE@Z 100231b0 f   whiteboard.obj
 0001:00022370       ?DrawTextMarker@AlliesWhiteboard@@AAEXPAEHHPADD@Z 10023370 f   whiteboard.obj
 0001:000225d0       ?Draw_Line@AlliesWhiteboard@@QAEHHHHHEPAEH@Z 100235d0 f   whiteboard.obj
 0001:000226d0       ?EchoMarker@AlliesWhiteboard@@AAEXPAD@Z 100236d0 f   whiteboard.obj
 0001:00022720       ?EreaseArea@AlliesWhiteboard@@AAEXHH@Z 10023720 f   whiteboard.obj
 0001:000227a0       ?GenerateLookupTables@AlliesWhiteboard@@AAEXXZ 100237a0 f   whiteboard.obj
 0001:00022810       ?GetMapX@AlliesWhiteboard@@QAEHXZ 10023810 f   whiteboard.obj
 0001:00022820       ?GetMapY@AlliesWhiteboard@@QAEHXZ 10023820 f   whiteboard.obj
 0001:00022830       ?GetMarkers@AlliesWhiteboard@@QAEXPAUMarkerArray@@@Z 10023830 f   whiteboard.obj
 0001:00022900       ?GetTextElementAt@AlliesWhiteboard@@AAEPAVGraphicElement@@HHH@Z 10023900 f   whiteboard.obj
 0001:00022a40       ?InstantScrollTo@AlliesWhiteboard@@QAEXHH@Z 10023a40 f   whiteboard.obj
 0001:00022a80       ?Line@AlliesWhiteboard@@QAEXHHHHEPADH@Z 10023a80 f   whiteboard.obj
 0001:00022af0       ?LockBlit@AlliesWhiteboard@@QAEXPADH@Z 10023af0 f   whiteboard.obj
 0001:00022d40       ?Message@AlliesWhiteboard@@QAE_NPAUHWND__@@IIJ@Z 10023d40 f   whiteboard.obj
 0001:00023560       ?MouseMove@AlliesWhiteboard@@AAEXHHHH@Z 10024560 f   whiteboard.obj
 0001:00023660       ?ReceiveMarkers@AlliesWhiteboard@@AAEXXZ 10024660 f   whiteboard.obj
 0001:000239d0       ?RestoreAll@AlliesWhiteboard@@AAEXXZ 100249d0 f   whiteboard.obj
 0001:00023a40       ?ScrollToCenter@AlliesWhiteboard@@QAEXHH@Z 10024a40 f   whiteboard.obj
 0001:00023ac0       ?SendMarkers@AlliesWhiteboard@@AAEXXZ 10024ac0 f   whiteboard.obj
 0001:00023df0       ?Set@AlliesWhiteboard@@QAEXH@Z 10024df0 f   whiteboard.obj
 0001:00023e00       ?TextInputChar@AlliesWhiteboard@@AAEXD@Z 10024e00 f   whiteboard.obj
 0001:00023e60       ?TextInputKeyDown@AlliesWhiteboard@@AAEXH@Z 10024e60 f   whiteboard.obj
 0001:00024120       ?_Growmap@?$deque@PAVGraphicElement@@V?$allocator@PAVGraphicElement@@@std@@@std@@AAEXI@Z 10025120 f i whiteboard.obj
 0001:000242c0       ?_Growmap@?$deque@UMMHS@AlliesWhiteboard@@V?$allocator@UMMHS@AlliesWhiteboard@@@std@@@std@@AAEXI@Z 100252c0 f i whiteboard.obj
 0001:00024460       ?_Tidy@?$deque@UMMHS@AlliesWhiteboard@@V?$allocator@UMMHS@AlliesWhiteboard@@@std@@@std@@AAEXXZ 10025460 f i whiteboard.obj
 0001:000244f0       ?_Xlen@?$deque@PAVGraphicElement@@V?$allocator@PAVGraphicElement@@@std@@@std@@ABEXXZ 100254f0 f i whiteboard.obj
 0001:00024500       ?_Xlen@?$deque@UMMHS@AlliesWhiteboard@@V?$allocator@UMMHS@AlliesWhiteboard@@@std@@@std@@ABEXXZ 10025500 f i whiteboard.obj
 0001:00024510       ?push_back@?$deque@PAVGraphicElement@@V?$allocator@PAVGraphicElement@@@std@@@std@@QAEX$$QAPAVGraphicElement@@@Z 10025510 f i whiteboard.obj
 0001:00024590       ??0PCX@@QAE@XZ             10025590 f   PCX.obj
 0001:000245c0       ??1PCX@@QAE@XZ             100255c0 f   PCX.obj
 0001:00024600       ?CopyPalette@PCX@@QAEXPAUtagPALETTEENTRY@@@Z 10025600 f   PCX.obj
 0001:00024640       ?Erase@PCX@@QAEXXZ         10025640 f   PCX.obj
 0001:00024670       ?Height@PCX@@QAEJXZ        10025670 f   PCX.obj
 0001:00024680       ?Load24@PCX@@QAEHPBD@Z     10025680 f   PCX.obj
 0001:000247f0       ?Load@PCX@@QAEHPBDH@Z      100257f0 f   PCX.obj
 0001:00024a50       ?NewBuffer@PCX@@QAEPAEFF@Z 10025a50 f   PCX.obj
 0001:00024ab0       ?ReadLine24@PCX@@AAEPAEPAEKF@Z 10025ab0 f   PCX.obj
 0001:00024b30       ?Save@PCX@@QAEHPBD@Z       10025b30 f   PCX.obj
 0001:00024da0       ?SetBuffer@PCX@@QAEPAEPAE@Z 10025da0 f   PCX.obj
 0001:00024dd0       ?SetPalette@PCX@@QAEXPAUtagPALETTEENTRY@@@Z 10025dd0 f   PCX.obj
 0001:00024e00       ?Width@PCX@@QAEJXZ         10025e00 f   PCX.obj
 0001:00024e10       ?WriteLine@PCX@@AAEPAEPAEK@Z 10025e10 f   PCX.obj
 0001:00024eb0       ?CreateSurfPCXResource@@YGPAUIDirectDrawSurface@@GH@Z 10025eb0 f   pcxread.obj
 0001:00025000       ?PCX2BitMap@@YGXPAEPAUpcx_picture_typ@@J@Z 10026000 f   pcxread.obj
 0001:00025100       ?RestoreFromPCX@@YGXGPAUIDirectDrawSurface@@@Z 10026100 f   pcxread.obj
 0001:00025200       ?RestoreFromPCXFile@@YGXPADPAUIDirectDrawSurface@@@Z 10026200 f   pcxread.obj
 0001:00025330       _CalcCRC@8                 10026330 f   etc.obj
 0001:00025390       _GetMinValidLenWithMatchOpcode@8 10026390 f   etc.obj
 0001:00025510       _GetOpCodeSize@4           10026510 f   etc.obj
 0001:00025670       _MemWriteWithBackup@16     10026670 f   etc.obj
 0001:00025740       _RegReadData@24            10026740 f   etc.obj
 0001:000257b0       _RegReadDword@16           100267b0 f   etc.obj
 0001:00025830       _RegReadStr@20             10026830 f   etc.obj
 0001:000258b0       _RegWriteData@24           100268b0 f   etc.obj
 0001:00025920       _RegWriteDword@16          10026920 f   etc.obj
 0001:00025990       _RegWriteStr@20            10026990 f   etc.obj
 0001:00025a00       _X86RedirectOpcodeToNewBase@16 10026a00 f   etc.obj
 0001:00025e30       _X86ShallToRedirect@20     10026e30 f   etc.obj
 0001:00025fd0       _clean_remark@8            10026fd0 f   etc.obj
 0001:00026010       _duplicate_str@4           10027010 f   etc.obj
 0001:00026060       _getDBCSlen@4              10027060 f   etc.obj
 0001:000260c0       _memfind@24                100270c0 f   etc.obj
 0001:000261d0       _trim_crlf_@4              100271d0 f   etc.obj
 0001:00026250       _vkToStr@12                10027250 f   etc.obj
 0001:00026af0       ??0SingleHook@@QAE@IKHPAE@Z 10027af0 f   Hook.obj
 0001:00026b50       ??0SingleHook@@QAE@PAEKH0@Z 10027b50 f   Hook.obj
 0001:00026bb0       ??0SingleHook@@QAE@XZ      10027bb0 f   Hook.obj
 0001:00026bf0       ??1SingleHook@@QAE@XZ      10027bf0 f   Hook.obj
 0001:00026c70       ?AddrToHook@SingleHook@@UAEPAXPAX@Z 10027c70 f   Hook.obj
 0001:00026c80       ?AddrToHook@SingleHook@@UAEQAXXZ 10027c80 f   Hook.obj
 0001:00026c90       ?AddrToRtn@SingleHook@@QAEPAXXZ 10027c90 f   Hook.obj
 0001:00026ca0       ?Hook@SingleHook@@UAEXXZ   10027ca0 f   Hook.obj
 0001:00026cc0       ?InitHookClass@SingleHook@@UAEXPAEKH0@Z 10027cc0 f   Hook.obj
 0001:00026da0       ?LenToHook@SingleHook@@UAEKK@Z 10027da0 f   Hook.obj
 0001:00026db0       ?ThisHookMode@SingleHook@@UAE?BHXZ 10027db0 f   Hook.obj
 0001:00026dc0       ?ThisHookMode@SingleHook@@UAEHH@Z 10027dc0 f   Hook.obj
 0001:00026dd0       ?UnHook@SingleHook@@UAEXXZ 10027dd0 f   Hook.obj
 0001:00026df0       ?X86CurrentThreadStackBufferFixRtnAddr@@YGPAUtagInlineX86StackBuffer@@PAPAU1@@Z 10027df0 f   InlineHook.obj
 0001:00026ed0       ?X86CurrentThreadStackBuffer@@YGPAUtagInlineX86StackBuffer@@PAPAU1@@Z 10027ed0 f   InlineHook.obj
 0001:00026f80       ??0InlineSingleHook@@QAE@IKHP6GHPAUtagInlineX86StackBuffer@@@Z@Z 10027f80 f   InlineHook.obj
 0001:00026ff0       ??0InlineSingleHook@@QAE@IKHPAX@Z 10027ff0 f   InlineHook.obj
 0001:00027060       ??0InlineSingleHook@@QAE@XZ 10028060 f   InlineHook.obj
 0001:00027120       ??1InlineSingleHook@@QAE@XZ 10028120 f   InlineHook.obj
 0001:000271d0       ?Hook@InlineSingleHook@@UAEXXZ 100281d0 f   InlineHook.obj
 0001:00027260       ?InitHookClass@InlineSingleHook@@AAEXQAEKHPAX1@Z 10028260 f   InlineHook.obj
 0001:00027440       ?NewBytesForInlineHook@InlineSingleHook@@QAEPAEPAE@Z 10028440 f   InlineHook.obj
 0001:00027450       ?RedirectedOpcodeInStub@InlineSingleHook@@QAEQAXXZ 10028450 f   InlineHook.obj
 0001:00027460       ?RedirectedOrgOpcodes@InlineSingleHook@@QAEQAEXZ 10028460 f   InlineHook.obj
 0001:00027470       ?RtnAddrOfHook@InlineSingleHook@@QAEQAXXZ 10028470 f   InlineHook.obj
 0001:00027480       ?SetParamOfHook@InlineSingleHook@@QAEPAXPAX@Z 10028480 f   InlineHook.obj
 0001:00027490       ?X86InlineHookRouter@@YGXXZ 10028490 f   InlineHook.obj
 0001:00027560       ??0CGraphic@@QAE@XZ        10028560 f   cgraphic.obj
 0001:000275d0       ??1CGraphic@@QAE@XZ        100285d0 f   cgraphic.obj
 0001:000275e0       ?DrawRotateRect@CGraphic@@QAEXPAUIDirectDrawSurface@@HHH@Z 100285e0 f   cgraphic.obj
 0001:000275f0       ?GenerateLookupTables@CGraphic@@AAEXXZ 100285f0 f   cgraphic.obj
 0001:00027660       ??$_Copy_memmove@PAPAVGraphicElement@@PAPAV1@@std@@YGPAPAVGraphicElement@@PAPAV1@00@Z 10028660 f i ElementHandler.obj
 0001:00027690       ??$_Emplace_reallocate@ABQAVGraphicElement@@@?$vector@PAVGraphicElement@@V?$allocator@PAVGraphicElement@@@std@@@std@@AAEPAPAVGraphicElement@@QAPAV2@ABQAV2@@Z 10028690 f i ElementHandler.obj
 0001:000277f0       ??0?$vector@PAVGraphicElement@@V?$allocator@PAVGraphicElement@@@std@@@std@@QAE@XZ 100287f0 f i ElementHandler.obj
 0001:00027810       ??0CElementHandler@@QAE@XZ 10028810 f   ElementHandler.obj
 0001:00027850       ??1CElementHandler@@UAE@XZ 10028850 f   ElementHandler.obj
 0001:00027920       ??_ECElementHandler@@UAEPAXI@Z 10028920 f i ElementHandler.obj
 0001:00027920       ??_GCElementHandler@@UAEPAXI@Z 10028920 f i ElementHandler.obj
 0001:00027a20       ?AddElement@CElementHandler@@QAEXPAVGraphicElement@@@Z 10028a20 f   ElementHandler.obj
 0001:00027a70       ?DeleteBetween@CElementHandler@@QAEXHHHH@Z 10028a70 f   ElementHandler.obj
 0001:00027d20       ?DeleteOn@CElementHandler@@QAEXHH@Z 10028d20 f   ElementHandler.obj
 0001:00027d50       ?GetArea@CElementHandler@@QAE?AV?$vector@PAVGraphicElement@@V?$allocator@PAVGraphicElement@@@std@@@std@@HHHH@Z 10028d50 f   ElementHandler.obj
 0001:00027ef0       ?GetClosestElement@CElementHandler@@QAEPAVGraphicElement@@HH@Z 10028ef0 f   ElementHandler.obj
 0001:00027f00       ?MoveTextElement@CElementHandler@@QAEPAVGraphicElement@@PAV2@HH@Z 10028f00 f   ElementHandler.obj
 0001:000280d0       ?_Xlength@?$vector@PAVGraphicElement@@V?$allocator@PAVGraphicElement@@@std@@@std@@CGXXZ 100290d0 f i ElementHandler.obj
 0001:000280db       _ImmIsIME@4                100290db f   imm32:IMM32.dll
 0001:000280e1       _ImmAssociateContext@8     100290e1 f   imm32:IMM32.dll
 0001:000280e7       _ImmGetCompositionStringA@16 100290e7 f   imm32:IMM32.dll
 0001:000280ed       _ImmGetCandidateListA@16   100290ed f   imm32:IMM32.dll
 0001:000280f3       _ImmEscapeA@16             100290f3 f   imm32:IMM32.dll
 0001:000280f9       _ImmNotifyIME@16           100290f9 f   imm32:IMM32.dll
 0001:000280ff       _GetAsyncKeyState@4        100290ff f   user32:USER32.dll
 0001:00028105       _GetCursorPos@4            10029105 f   user32:USER32.dll
 0001:0002810b       _SetWindowLongA@12         1002910b f   user32:USER32.dll
 0001:00028111       _GetKeyState@4             10029111 f   user32:USER32.dll
 0001:00028117       _wsprintfA                 10029117 f   user32:USER32.dll
 0001:0002811d       _DefWindowProcA@16         1002911d f   user32:USER32.dll
 0001:00028123       _GetForegroundWindow@0     10029123 f   user32:USER32.dll
 0001:00028129       _GetClassNameA@12          10029129 f   user32:USER32.dll
 0001:0002812f       _GetKeyboardLayout@4       1002912f f   user32:USER32.dll
 0001:00028135       _SendMessageA@16           10029135 f   user32:USER32.dll
 0001:0002813b       _DrawTextExA@24            1002913b f   user32:USER32.dll
 0001:00028141       _FillRect@12               10029141 f   user32:USER32.dll
 0001:00028147       _CloseHandle@4             10029147 f   kernel32:KERNEL32.dll
 0001:0002814d       _ReleaseMutex@4            1002914d f   kernel32:KERNEL32.dll
 0001:00028153       _WaitForSingleObject@8     10029153 f   kernel32:KERNEL32.dll
 0001:00028159       _CreateMutexA@12           10029159 f   kernel32:KERNEL32.dll
 0001:0002815f       _GetTickCount@0            1002915f f   kernel32:KERNEL32.dll
 0001:00028165       _CreateFileA@28            10029165 f   kernel32:KERNEL32.dll
 0001:0002816b       _ReadFile@20               1002916b f   kernel32:KERNEL32.dll
 0001:00028171       _GetLastError@0            10029171 f   kernel32:KERNEL32.dll
 0001:00028177       _GetCurrentProcess@0       10029177 f   kernel32:KERNEL32.dll
 0001:0002817d       _GetSystemDirectoryA@8     1002917d f   kernel32:KERNEL32.dll
 0001:00028183       _WriteProcessMemory@20     10029183 f   kernel32:KERNEL32.dll
 0001:00028189       _MapViewOfFile@20          10029189 f   kernel32:KERNEL32.dll
 0001:0002818f       _UnmapViewOfFile@4         1002918f f   kernel32:KERNEL32.dll
 0001:00028195       _FreeLibrary@4             10029195 f   kernel32:KERNEL32.dll
 0001:0002819b       _GetProcAddress@8          1002919b f   kernel32:KERNEL32.dll
 0001:000281a1       _LoadLibraryA@4            100291a1 f   kernel32:KERNEL32.dll
 0001:000281a7       _lstrcpyA@8                100291a7 f   kernel32:KERNEL32.dll
 0001:000281ad       _lstrcatA@8                100291ad f   kernel32:KERNEL32.dll
 0001:000281b3       _CreateFileMappingA@24     100291b3 f   kernel32:KERNEL32.dll
 0001:000281b9       _ReleaseSemaphore@12       100291b9 f   kernel32:KERNEL32.dll
 0001:000281bf       _CreateSemaphoreA@16       100291bf f   kernel32:KERNEL32.dll
 0001:000281c5       _Sleep@4                   100291c5 f   kernel32:KERNEL32.dll
[...]
 0002:0000df00       __sehtable$??$?RV<lambda_ceb1ee4838e85a9d631eb091e2fbe199>@@AAV<lambda_ae742caa10f662c28703da3d2ea5e57e>@@V<lambda_cd08b5d6af4937fe54fc07d0c9bf6b37>@@@?$__crt_seh_guarded_call@X@@QAEX$$QAV<lambda_ceb1ee4838e85a9d631eb091e2fbe199>@@AAV<lambda_ae742caa10f662c28703da3d2ea5e57e>@@$$QAV<lambda_cd08b5d6af4937fe54fc07d0c9bf6b37>@@@Z 1007ff00     libucrt:mbctype.obj
 0002:0000df20       __sehtable$_signal         1007ff20     libucrt:signal.obj
 0002:0000df40       __sehtable$_raise          1007ff40     libucrt:signal.obj
 0002:0000df60       __sehtable$?ctrlevent_capture@@YGHK@Z 1007ff60     libucrt:signal.obj
 0002:0000df80       __sehtable$??$?RV<lambda_cbab9ec6f41b0180b23cc171c22676b0>@@AAV<lambda_44731a7d0e6d81c3e6aa82d741081786>@@V<lambda_4b292cb8dd18144e164572427af410ab>@@@?$__crt_seh_guarded_call@P6AXH@Z@@QAEP6AXH@Z$$QAV<lambda_cbab9ec6f41b0180b23cc171c22676b0>@@AAV<lambda_44731a7d0e6d81c3e6aa82d741081786>@@$$QAV<lambda_4b292cb8dd18144e164572427af410ab>@@@Z 1007ff80     libucrt:signal.obj
 0002:0000dfa0       __sehtable$??$?RV<lambda_2866be3712abc81a800a822484c830d8>@@AAV<lambda_39ca0ed439415581b5b15c265174cece>@@V<lambda_2b24c74d71094a6cd0cb82e44167d71b>@@@?$__crt_seh_guarded_call@X@@QAEX$$QAV<lambda_2866be3712abc81a800a822484c830d8>@@AAV<lambda_39ca0ed439415581b5b15c265174cece>@@$$QAV<lambda_2b24c74d71094a6cd0cb82e44167d71b>@@@Z 1007ffa0     libucrt:fflush.obj
 0002:0000dfc0       __sehtable$??$?RV<lambda_2cc53f568c5a2bb6f192f930a45d44ea>@@AAV<lambda_ab61a845afdef5b7c387490eaf3616ee>@@V<lambda_c2ffc0b7726aa6be21d5f0026187e748>@@@?$__crt_seh_guarded_call@X@@QAEX$$QAV<lambda_2cc53f568c5a2bb6f192f930a45d44ea>@@AAV<lambda_ab61a845afdef5b7c387490eaf3616ee>@@$$QAV<lambda_c2ffc0b7726aa6be21d5f0026187e748>@@@Z 1007ffc0     libucrt:fflush.obj
 0002:0000dfe0       __sehtable$??$?RV<lambda_6d20deecaf4856105ebacbad442d1079>@@AAV<lambda_9a32fed5bf61b6b509b2d3f6003082a1>@@V<lambda_63ea2239ed67c638ddbae41947fdf875>@@@?$__crt_seh_guarded_call@H@@QAEH$$QAV<lambda_6d20deecaf4856105ebacbad442d1079>@@AAV<lambda_9a32fed5bf61b6b509b2d3f6003082a1>@@$$QAV<lambda_63ea2239ed67c638ddbae41947fdf875>@@@Z 1007ffe0     libucrt:fflush.obj
 0002:0000e000       __sehtable$___acrt_update_thread_locale_data 10080000     libucrt:locale_refcounting.obj
 0002:0000e020       __sehtable$__fcloseall     10080020     libucrt:closeall.obj
 0002:0000e040       __sehtable$__open_osfhandle 10080040     libucrt:osfinfo.obj
 0002:0000e060       __sehtable$__alloc_osfhnd  10080060     libucrt:osfinfo.obj
 0002:0000e080       __sehtable$___acrt_lowio_ensure_fh_exists 10080080     libucrt:osfinfo.obj
 0002:0000e0a0       __sehtable$??$common_getenv@D@@YAPADQBD@Z 100800a0     libucrt:getenv.obj
 0002:0000e0c0       __sehtable$??$common_getenv@_W@@YAPA_WQB_W@Z 100800c0     libucrt:getenv.obj
 0002:0000e0e0       __sehtable$??$common_getenv_s@D@@YAHQAIQADIQBD@Z 100800e0     libucrt:getenv.obj
 0002:0000e100       __sehtable$??$common_getenv_s@_W@@YAHQAIQA_WIQB_W@Z 10080100     libucrt:getenv.obj
 0002:0000e120       __sehtable$??$common_dupenv_s@D@@YAHQAPADQAIQBDH2H@Z 10080120     libucrt:getenv.obj
 0002:0000e140       __sehtable$??$common_dupenv_s@_W@@YAHQAPA_WQAIQB_WHQBDH@Z 10080140     libucrt:getenv.obj
 0002:0000e160       __sehtable$??$?RV<lambda_9e9de3de5fa147e2223d7db92bc10aa6>@@AAV<lambda_38ce7e780aa69e748d6df282ebc68efe>@@V<lambda_8ca6da459f0f6780f1cff60fdc3d00e5>@@@?$__crt_seh_guarded_call@H@@QAEH$$QAV<lambda_9e9de3de5fa147e2223d7db92bc10aa6>@@AAV<lambda_38ce7e780aa69e748d6df282ebc68efe>@@$$QAV<lambda_8ca6da459f0f6780f1cff60fdc3d00e5>@@@Z 10080160     libucrt:commit.obj
 0002:0000e180       __sehtable$__write         10080180     libucrt:write.obj
 0002:0000e1a0       __sehtable$??$common_lseek@J@@YAJHJH@Z 100801a0     libucrt:lseek.obj
 0002:0000e1c0       __sehtable$??$common_lseek@_J@@YA_JH_JH@Z 100801c0     libucrt:lseek.obj
 0002:0000e1e0       __sehtable$_fclose         100801e0     libucrt:fclose.obj
 0002:0000e200       __sehtable$??$?RV<lambda_f828341fbe69b7c0d4c527b01f22877f>@@AAV<lambda_9e0b6ab72a5b3ae37ad997d08b519f50>@@V<lambda_f01deac0a8d65d6e0411edf7e0af5775>@@@?$__crt_seh_guarded_call@G@@QAEG$$QAV<lambda_f828341fbe69b7c0d4c527b01f22877f>@@AAV<lambda_9e0b6ab72a5b3ae37ad997d08b519f50>@@$$QAV<lambda_f01deac0a8d65d6e0411edf7e0af5775>@@@Z 10080200     libucrt:putwch.obj
 0002:0000e220       __sehtable$__read          10080220     libucrt:read.obj
 0002:0000e240       __sehtable$??$?RV<lambda_218ce3db14220d0be481dae8ef3383b6>@@AAV<lambda_628dfdc04ba53c8bfc02c9951375f3f5>@@V<lambda_57dc472bd5c9d5f3b2cbca59b8a843ae>@@@?$__crt_seh_guarded_call@H@@QAEH$$QAV<lambda_218ce3db14220d0be481dae8ef3383b6>@@AAV<lambda_628dfdc04ba53c8bfc02c9951375f3f5>@@$$QAV<lambda_57dc472bd5c9d5f3b2cbca59b8a843ae>@@@Z 10080240     libucrt:close.obj
 0002:0000e260       __sehtable$?__acrt_stdio_allocate_stream@@YA?AV__crt_stdio_stream@@XZ 10080260     libucrt:stream.obj
 0002:0000e280       __sehtable$__IsNonwritableInCurrentImage 10080280     LIBCMT:pesect.obj
 0002:0000e2a0       .edata                     100802a0     mdraw.exp
 0002:0000e2c8       rgpv                       100802c8     mdraw.exp
 0002:0000e320       rgszName                   10080320     mdraw.exp
 0002:0000e378       rgwOrd                     10080378     mdraw.exp
 0002:0000e3a4       szName                     100803a4     mdraw.exp
 0002:0000e3ae       $N00008                    100803ae     mdraw.exp
 0002:0000e3bf       $N00001                    100803bf     mdraw.exp
 0002:0000e3d3       $N00002                    100803d3     mdraw.exp
 0002:0000e3ef       $N00003                    100803ef     mdraw.exp
 0002:0000e406       $N00004                    10080406     mdraw.exp
 0002:0000e41e       $N00005                    1008041e     mdraw.exp
 0002:0000e42d       $N00006                    1008042d     mdraw.exp
 0002:0000e43e       $N00007                    1008043e     mdraw.exp
 0002:0000e449       $N00009                    10080449     mdraw.exp
 0002:0000e461       $N00010                    10080461     mdraw.exp
 0002:0000e474       $N00011                    10080474     mdraw.exp
 0002:0000e489       $N00012                    10080489     mdraw.exp
 0002:0000e4a0       $N00013                    100804a0     mdraw.exp
 0002:0000e4b7       $N00014                    100804b7     mdraw.exp
 0002:0000e4cc       $N00015                    100804cc     mdraw.exp
 0002:0000e4dc       $N00016                    100804dc     mdraw.exp
 0002:0000e4ee       $N00017                    100804ee     mdraw.exp
 0002:0000e500       $N00018                    10080500     mdraw.exp
 0002:0000e510       $N00019                    10080510     mdraw.exp
 0002:0000e521       $N00020                    10080521     mdraw.exp
 0002:0000e535       $N00021                    10080535     mdraw.exp
 0002:0000e549       $N00022                    10080549     mdraw.exp
 0002:0000e8cc       .idata$6                   100808cc     imm32:IMM32.dll
 0002:0000e99c       .idata$6                   1008099c     user32:USER32.dll
 0002:0000ed54       .idata$6                   10080d54     kernel32:KERNEL32.dll
 0002:0000ee28       .idata$6                   10080e28     gdi32:GDI32.dll
 0002:0000ee78       .idata$6                   10080e78     advapi32:ADVAPI32.dll
 0003:00001be8       ?LockColor@?1??ShowPlayerIncome@CIncome@@AAEXHHH@Z@4EA 10083be8     cinomce.obj
 0003:00001be9       ?LosViewColor@?1??ShowPlayerIncome@CIncome@@AAEXHHH@Z@4EA 10083be9     cinomce.obj
 0003:000022b0       _table_1                   100842b0     etc.obj
 0003:000026b0       _table_0F                  100846b0     etc.obj
 0003:00002ae0       ?__vcrt_flsindex@@3KA      10084ae0     libvcruntime:per_thread_data.obj
 0003:00002b00       ?prefix@?1??getDimension@UnDecorator@@CA?AVDName@@_N@Z@4UStringLiteral@@A 10084b00     libvcruntime:undname.obj
 0003:00002b10       ?errno_no_memory@@3HA      10084b10     libucrt:errno.obj
 0003:00002b14       ?doserrno_no_memory@@3KA   10084b14     libucrt:errno.obj
 0003:00002b24       ?__acrt_flsindex@@3KA      10084b24     libucrt:per_thread_data.obj
 0003:00002bd0       __ctype_loc_style          10084bd0     libucrt:wsetlocale.obj
 0003:00002ce0       ?tzstd_program@@3PADA      10084ce0     libucrt:timeset.obj
 0003:00002d20       ?tzdst_program@@3PADA      10084d20     libucrt:timeset.obj
 0003:00002d60       ?w_tzstd_program@@3PA_WA   10084d60     libucrt:timeset.obj
 0003:00002de0       ?w_tzdst_program@@3PA_WA   10084de0     libucrt:timeset.obj
 0003:00002e60       ?tzname_states@@3PAY01PADA 10084e60     libucrt:timeset.obj
 0003:00002e68       ?w_tzname_states@@3PAY01PA_WA 10084e68     libucrt:timeset.obj
 0003:00002e70       ?dststart@@3Utransitiondate@?A0x7639d0b4@@A 10084e70     libucrt:tzset.obj
 0003:00002e7c       ?dstend@@3Utransitiondate@?A0x7639d0b4@@A 10084e7c     libucrt:tzset.obj
 0003:00002e90       ?__DAZ_ENABLED@?1??__set_fpsr_sse2@@9@9 10084e90     libucrt:fpctrl.obj
 0003:000030b8       __mbctypes                 100850b8     libucrt:mbctype.obj
 0003:000031c0       __mbcasemaps               100851c0     libucrt:mbctype.obj
 0003:000032c0       ?__rgctypeflag@@3PADA      100852c0     libucrt:mbctype.obj
 0003:000032c8       ?__rgcode_page_info@@3PAUcode_page_info@@A 100852c8     libucrt:mbctype.obj
 0003:00003520       ?__dcrt_lowio_console_output_handle@@3PAXA 10085520     libucrt:initcon.obj
 0003:00003aa4       ?LastNum@?1??FindIdelFactory@ExternHotKey@@QAEXXZ@4HA 10085aa4     ExternhotKey.obj
 0003:00003aa8       ?LastNum@?1??FindIdleConst@ExternHotKey@@QAEXXZ@4HA 10085aa8     ExternhotKey.obj
 0003:00003b0c       ?Aspect@?6??UpdateFrame@FullScreenMinimap@@QAEXPAX@Z@4UtagPOINT@@A 10085b0c     fullscreenminimap.obj
 0003:00003b48       ?TAGameAera@?1??TAWGameAreaRect@TAGameAreaReDrawer@@QAEQAUtagRECT@@PAU3@@Z@4U3@A 10085b48     GameRedrawer.obj
 0003:00003bfc       ?DBSC_Flag_Global@@3_NA    10085bfc     UnicodeSupport.obj
 0003:00003c14       ?Move@?1??Message@AlliesWhiteboard@@QAE_NPAUHWND__@@IIJ@Z@4_NA 10085c14     whiteboard.obj
 0003:00003c15       ?Paint@?1??Message@AlliesWhiteboard@@QAE_NPAUHWND__@@IIJ@Z@4_NA 10085c15     whiteboard.obj
 0003:00003c18       ?shift_defaultBuffer@?1??memfind@@9@24@4PAIA 10085c18     etc.obj
 0003:00004018       ?__proc_attached@@3HA      10086018     LIBCMT:dll_dllmain.obj
 0003:00004040       ?is_initialized_as_dll@@3_NA 10086040     LIBCMT:utility.obj
 0003:00004041       ?module_local_atexit_table_initialized@@3_NA 10086041     LIBCMT:utility.obj
 0003:00004044       ?module_local_atexit_table@@3U_onexit_table_t@@A 10086044     LIBCMT:utility.obj
 0003:00004050       ?module_local_at_quick_exit_table@@3U_onexit_table_t@@A 10086050     LIBCMT:utility.obj
 0003:00004060       _GS_ExceptionRecord        10086060     LIBCMT:gs_report.obj
 0003:000040b0       _GS_ContextRecord          100860b0     LIBCMT:gs_report.obj
 0003:00004380       ?__vcrt_startup_thread_ptd@@3U__vcrt_ptd@@A 10086380     libvcruntime:per_thread_data.obj
 0003:000043a8       _rgValidPages              100863a8     libvcruntime:eh3valid.obj
 0003:00004428       _nValidPages               10086428     libvcruntime:eh3valid.obj
 0003:0000442c       _lModifying                1008642c     libvcruntime:eh3valid.obj
 0003:00004458       ?heap@@3V_HeapManager@@A   10086458     libvcruntime:undname.obj
 0003:0000446c       ___vcrt_lock_table         1008646c     libvcruntime:locks.obj
 0003:00004484       ___vcrt_locks_initialized  10086484     libvcruntime:locks.obj
 0003:00004488       ?module_handles@@3PAPAUHINSTANCE__@@A 10086488     libvcruntime:winapi_downlevel.obj
 0003:00004494       ?function_pointers@@3PAPAXA 10086494     libvcruntime:winapi_downlevel.obj
 0003:000044ac       ?__acrt_invalid_parameter_handler@@3V?$dual_state_global@P6AXPB_W00II@Z@__crt_state_management@@A 100864ac     libucrt:invalid_parameter.obj
 0003:000044b0       ?__acrt_new_handler@@3V?$dual_state_global@P6AHI@Z@__crt_state_management@@A 100864b0     libucrt:new_handler.obj
 0003:000044b4       ?c_termination_complete@@3JA 100864b4     libucrt:exit.obj
 0003:000044b8       ?thread_local_exit_callback_func@@3P6GXPAXK0@ZA 100864b8     libucrt:exit.obj
 0003:000044c0       ?program_name@?1???$common_configure_argv@D@@YAHW4_crt_argv_mode@@@Z@4PADA 100864c0     libucrt:argv_parsing.obj
 0003:000045c8       ?program_name@?1???$common_configure_argv@_W@@YAHW4_crt_argv_mode@@@Z@4PA_WA 100865c8     libucrt:argv_parsing.obj
 0003:000047fc       ?internal_state@?1??_mbtowc_l@@9@4U_Mbstatet@@A 100867fc     libucrt:mbtowc.obj
 0003:00004810       ?enable_percent_n@@3IA     10086810     libucrt:printf_count_output.obj
 0003:00004a2c       __pmatherr_set             10086a2c     libucrt:libm_error.obj
 0003:00004a3c       ?_tzname@@3V?$dual_state_global@PAPAD@__crt_state_management@@A 10086a3c     libucrt:timeset.obj
 0003:00004a40       ?w_tzname@@3V?$dual_state_global@PAPA_W@__crt_state_management@@A 10086a40     libucrt:timeset.obj
 0003:00004a44       ?last_wide_tz@@3PA_WA      10086a44     libucrt:tzset.obj
 0003:00004a48       ?tz_api_used@@3HA          10086a48     libucrt:tzset.obj
 0003:00004a4c       ?tzset_init_state@@3V?$dual_state_global@J@__crt_state_management@@A 10086a4c     libucrt:tzset.obj
 0003:00004a50       ?tz_info@@3U_TIME_ZONE_INFORMATION@@A 10086a50     libucrt:tzset.obj
 0003:00004b00       ?module_handles@@3PAPAUHINSTANCE__@@A 10086b00     libucrt:winapi_thunks.obj
 0003:00004b50       ?encoded_function_pointers@@3PAPAXA 10086b50     libucrt:winapi_thunks.obj
 0003:00004bd8       ?static_enum_proc@?1??enum_system_locales_ex_nolock@@YAHQ6GHPA_WKJ@Z@Z@4P6GH0KJ@ZA 10086bd8     libucrt:winapi_thunks.obj
 0003:00004be0       ?__acrt_lock_table@@3PAU_RTL_CRITICAL_SECTION@@A 10086be0     libucrt:locks.obj
 0003:00004d30       ?__acrt_locks_initialized@@3IA 10086d30     libucrt:locks.obj
 0003:00004d34       ?user_matherr@@3V?$dual_state_global@P6AHPAU_exception@@@Z@__crt_state_management@@A 10086d34     libucrt:matherr.obj
 0003:00004d38       ?state_cache@?1???$get_cached_win_policy@Ubegin_thread_init_policy_properties@?1??__acrt_get_begin_thread_init_policy@@YA?AW4begin_thread_init_policy@@XZ@@@YA?AW4begin_thread_init_policy@@W4AppPolicyThreadInitializationType@@@Z@4JA 10086d38     libucrt:win_policies.obj
 0003:00004d3c       ?state_cache@?1???$get_cached_win_policy@Udeveloper_information_policy_properties@?1??__acrt_get_developer_information_policy@@YA?AW4developer_information_policy@@XZ@@@YA?AW4developer_information_policy@@W4AppPolicyShowDeveloperDiagnostic@@@Z@4JA 10086d3c     libucrt:win_policies.obj
 0003:00004d40       ?state_cache@?1???$get_cached_win_policy@Uwindowing_model_policy_properties@?1??__acrt_get_windowing_model_policy@@YA?AW4windowing_model_policy@@XZ@@@YA?AW4windowing_model_policy@@W4AppPolicyWindowingModel@@@Z@4JA 10086d40     libucrt:win_policies.obj
 0003:00004d50       ?fSystemSet@@3HA           10086d50     libucrt:mbctype.obj
 0003:00004d54       ?initialized@?1??__acrt_initialize_multibyte@@9@4_NA 10086d54     libucrt:mbctype.obj
 0003:00004d78       ?console_ctrl_handler_installed@@3_NA 10086d78     libucrt:signal.obj
 0003:00004d7c       ?ctrlc_action@@3V?$dual_state_global@P6AXH@Z@__crt_state_management@@A 10086d7c     libucrt:signal.obj
 0003:00004d80       ?ctrlbreak_action@@3V?$dual_state_global@P6AXH@Z@__crt_state_management@@A 10086d80     libucrt:signal.obj
 0003:00004d84       ?abort_action@@3V?$dual_state_global@P6AXH@Z@__crt_state_management@@A 10086d84     libucrt:signal.obj
 0003:00004d88       ?term_action@@3V?$dual_state_global@P6AXH@Z@__crt_state_management@@A 10086d88     libucrt:signal.obj
 0003:00004d8c       ?__acrt_global_new_mode@@3V?$dual_state_global@J@__crt_state_management@@A 10086d8c     libucrt:new_mode.obj
 0003:00004d90       ?mbst@?1??mbrlen@@9@4U_Mbstatet@@A 10086d90     libucrt:mbrtowc.obj
 0003:00004d98       ?mbst@?1??mbrtowc@@9@4U_Mbstatet@@A 10086d98     libucrt:mbrtowc.obj
 0003:00004da0       ?mbst@?1??_mbsrtowcs_helper@@YAIPA_WPAPBDIPAU_Mbstatet@@@Z@4U2@A 10086da0     libucrt:mbrtowc.obj
 0003:00004db4       ?internal_pst@?1??__mbrtoc32_utf8@__crt_mbstring@@YAIPA_UPBDIPAU_Mbstatet@@@Z@4U3@A 10086db4     libucrt:mbrtoc32.obj
 0003:00004dbc       ?__acrt_app_type@@3W4_crt_app_type@@A 10086dbc     libucrt:report_runtime_error.obj
 0003:00004dc0       ?outmsg@?9??__acrt_report_runtime_error@@9@4PA_WA 10086dc0     libucrt:report_runtime_error.obj
 0003:000053e8       ___acrt_error_mode         100873e8     libucrt:set_error_mode.obj
 0004:00000360       $R000000                   10088360     publicddraw.res
 0004:00000650       $R0002F0                   10088650     publicddraw.res
 0004:00012bc8       $R012868                   1009abc8     publicddraw.res
 0004:00012fd8       $R012C78                   1009afd8     publicddraw.res
 0004:00013c30       $R0138D0                   1009bc30     publicddraw.res
 0004:00015e18       $R015AB8                   1009de18     publicddraw.res
 0004:000171f0       $R016E90                   1009f1f0     publicddraw.res
 0004:00017c98       $R017938                   1009fc98     publicddraw.res
 0004:00018b00       $R0187A0                   100a0b00     publicddraw.res
 0004:00019328       $R018FC8                   100a1328     publicddraw.res
 0004:000198b8       $R019558                   100a18b8     publicddraw.res
 0004:0001b270       $R01AF10                   100a3270     publicddraw.res
 0004:0001b6b0       $R01B350                   100a36b0     publicddraw.res
 0004:0001c548       $R01C1E8                   100a4548     publicddraw.res
 0004:0001d538       $R01D1D8                   100a5538     publicddraw.res
 0004:0001db40       $R01D7E0                   100a5b40     publicddraw.res

 Exports

  ordinal    name

        1    _AheadLib_AcquireDDThreadLock
               exported name: AcquireDDThreadLock
        2    _AheadLib_CompleteCreateSysmemSurface
               exported name: CompleteCreateSysmemSurface
        3    _AheadLib_D3DParseUnknownCommand
               exported name: D3DParseUnknownCommand
        4    _AheadLib_DDGetAttachedSurfaceLcl
               exported name: DDGetAttachedSurfaceLcl
        5    _AheadLib_DDInternalLock
               exported name: DDInternalLock
        6    _AheadLib_DDInternalUnlock
               exported name: DDInternalUnlock
        7    _AheadLib_DSoundHelp
               exported name: DSoundHelp
        8    ?DirectDrawCreate@@YGJPAU_GUID@@PAPAUIDirectDraw@@PAUIUnknown@@@Z (long __stdcall DirectDrawCreate(struct _GUID *,struct IDirectDraw * *,struct IUnknown *))
               exported name: DirectDrawCreate
        9    _AheadLib_DirectDrawCreateClipper
               exported name: DirectDrawCreateClipper
       10    _AheadLib_DirectDrawCreateEx
               exported name: DirectDrawCreateEx
       11    _AheadLib_DirectDrawEnumerateA
               exported name: DirectDrawEnumerateA
       12    _AheadLib_DirectDrawEnumerateExA
               exported name: DirectDrawEnumerateExA
       13    _AheadLib_DirectDrawEnumerateExW
               exported name: DirectDrawEnumerateExW
       14    _AheadLib_DirectDrawEnumerateW
               exported name: DirectDrawEnumerateW
       15    _AheadLib_DllCanUnloadNow
               exported name: DllCanUnloadNow
       16    _AheadLib_DllGetClassObject
               exported name: DllGetClassObject
       17    _AheadLib_GetDDSurfaceLocal
               exported name: GetDDSurfaceLocal
       18    _AheadLib_GetOLEThunkData
               exported name: GetOLEThunkData
       19    _AheadLib_GetSurfaceFromDC
               exported name: GetSurfaceFromDC
       20    _AheadLib_RegisterSpecialCase
               exported name: RegisterSpecialCase
       21    _AheadLib_ReleaseDDThreadLock
               exported name: ReleaseDDThreadLock
       22    _AheadLib_SetAppCompatData
               exported name: SetAppCompatData
